<html>
<body>
<pre>
<h1>µVision Build Log</h1>
<h2>Tool Versions:</h2>
IDE-Version: µVision V5.38.0.0
Copyright (C) 2022 ARM Ltd and ARM Germany GmbH. All rights reserved.
License Information: Samuel Hernberg, Herrmans Bike components, LIC=53C41-WLCA4-T7IRV-2SACS-YXSRG-4KU7E
 
Tool Versions:
Toolchain:       MDK-ARM Community  Version: 5.38.0.0
Toolchain Path:  C:\Keil_v5\ARM\ARMCLANG\Bin
C Compiler:      ArmClang.exe V6.19
Assembler:       Armasm.exe V6.19
Linker/Locator:  ArmLink.exe V6.19
Library Manager: ArmAr.exe V6.19
Hex Converter:   FromElf.exe V6.19
CPU DLL:         SARMCM3.DLL V5.38.0.0
Dialog DLL:      DCM.DLL V1.17.5.0
Target DLL:      CMSIS_AGDI.dll V1.33.15.0
Dialog DLL:      TCM.DLL V1.56.4.0
 
<h2>Project:</h2>
C:\Users\samuel.hernberg\OneDrive - Herrmans Oy Ab\BC0413- New light family\BL-16 Nordic Trace Plus\07. Software\Brake light 13.9\Template\Keil_project\Project1.uvprojx
Project File Date:  04/13/2023

<h2>Output:</h2>
*** Using Compiler 'V6.19', folder: 'C:\Keil_v5\ARM\ARMCLANG\Bin'
Build target 'GD32F310'
compiling main.c...
linking...
Program Size: Code=8050 RO-data=394 RW-data=72 ZI-data=1264  
FromELF: creating hex file...
".\output\Project1.axf" - 0 Error(s), 0 Warning(s).

<h2>Software Packages used:</h2>

Package Vendor: GigaDevice
                https://gd32mcu.com/data/documents/pack/GigaDevice.GD32F3x0_DFP.3.0.2.pack
                GigaDevice.GD32F3x0_DFP.3.0.2
                GigaDevice GD32F3x0 Series Device Support and Examples

<h2>Collection of Component include folders:</h2>
  C:/Users/samuel.hernberg/AppData/Local/Arm/Packs/GigaDevice/GD32F3x0_DFP/3.0.2/Device/Include

<h2>Collection of Component Files used:</h2>
Build Time Elapsed:  00:00:02
</pre>
</body>
</html>
