<!doctype html public "-//w3c//dtd html 4.0 transitional//en">
<html><head>
<title>Static Call Graph - [.\output\Project.axf]</title></head>
<body><HR>
<H1>Static Call Graph for image .\output\Project.axf</H1><HR>
<BR><P>#&#060CALLGRAPH&#062# ARM Linker, 5060960: Last Updated: Sat Nov 12 10:46:18 2022
<BR><P>
<H3>Maximum Stack Usage =        176 bytes + Unknown(Cycles, Untraceable Function Pointers)</H3><H3>
Call chain for Maximum Stack Depth:</H3>
main &rArr; sc7a20_manage &rArr; __aeabi_dsub &rArr; __aeabi_dadd &rArr; _double_epilogue &rArr; _double_round
<P>
<H3>
Mutually Recursive functions
</H3> <LI><a href="#[16]">ADC_CMP_IRQHandler</a>&nbsp;&nbsp;&nbsp;&rArr;&nbsp;&nbsp;&nbsp;<a href="#[16]">ADC_CMP_IRQHandler</a><BR>
</UL>
<P>
<H3>
Function Pointers
</H3><UL>
 <LI><a href="#[16]">ADC_CMP_IRQHandler</a> from startup_gd32f3x0.o(.text) referenced from startup_gd32f3x0.o(RESET)
 <LI><a href="#[4]">BusFault_Handler</a> from gd32f3x0_it.o(i.BusFault_Handler) referenced from startup_gd32f3x0.o(RESET)
 <LI><a href="#[26]">CEC_IRQHandler</a> from startup_gd32f3x0.o(.text) referenced from startup_gd32f3x0.o(RESET)
 <LI><a href="#[13]">DMA_Channel0_IRQHandler</a> from startup_gd32f3x0.o(.text) referenced from startup_gd32f3x0.o(RESET)
 <LI><a href="#[14]">DMA_Channel1_2_IRQHandler</a> from startup_gd32f3x0.o(.text) referenced from startup_gd32f3x0.o(RESET)
 <LI><a href="#[15]">DMA_Channel3_4_IRQHandler</a> from startup_gd32f3x0.o(.text) referenced from startup_gd32f3x0.o(RESET)
 <LI><a href="#[2a]">DMA_Channel5_6_IRQHandler</a> from startup_gd32f3x0.o(.text) referenced from startup_gd32f3x0.o(RESET)
 <LI><a href="#[7]">DebugMon_Handler</a> from gd32f3x0_it.o(i.DebugMon_Handler) referenced from startup_gd32f3x0.o(RESET)
 <LI><a href="#[f]">EXTI0_1_IRQHandler</a> from gd32f3x0_it.o(i.EXTI0_1_IRQHandler) referenced from startup_gd32f3x0.o(RESET)
 <LI><a href="#[10]">EXTI2_3_IRQHandler</a> from gd32f3x0_it.o(i.EXTI2_3_IRQHandler) referenced from startup_gd32f3x0.o(RESET)
 <LI><a href="#[11]">EXTI4_15_IRQHandler</a> from gd32f3x0_it.o(i.EXTI4_15_IRQHandler) referenced from startup_gd32f3x0.o(RESET)
 <LI><a href="#[d]">FMC_IRQHandler</a> from startup_gd32f3x0.o(.text) referenced from startup_gd32f3x0.o(RESET)
 <LI><a href="#[2]">HardFault_Handler</a> from gd32f3x0_it.o(i.HardFault_Handler) referenced from startup_gd32f3x0.o(RESET)
 <LI><a href="#[27]">I2C0_ER_IRQHandler</a> from gd32f3x0_it.o(i.I2C0_ER_IRQHandler) referenced from startup_gd32f3x0.o(RESET)
 <LI><a href="#[20]">I2C0_EV_IRQHandler</a> from gd32f3x0_it.o(i.I2C0_EV_IRQHandler) referenced from startup_gd32f3x0.o(RESET)
 <LI><a href="#[28]">I2C1_ER_IRQHandler</a> from startup_gd32f3x0.o(.text) referenced from startup_gd32f3x0.o(RESET)
 <LI><a href="#[21]">I2C1_EV_IRQHandler</a> from startup_gd32f3x0.o(.text) referenced from startup_gd32f3x0.o(RESET)
 <LI><a href="#[b]">LVD_IRQHandler</a> from startup_gd32f3x0.o(.text) referenced from startup_gd32f3x0.o(RESET)
 <LI><a href="#[3]">MemManage_Handler</a> from gd32f3x0_it.o(i.MemManage_Handler) referenced from startup_gd32f3x0.o(RESET)
 <LI><a href="#[1]">NMI_Handler</a> from gd32f3x0_it.o(i.NMI_Handler) referenced from startup_gd32f3x0.o(RESET)
 <LI><a href="#[8]">PendSV_Handler</a> from gd32f3x0_it.o(i.PendSV_Handler) referenced from startup_gd32f3x0.o(RESET)
 <LI><a href="#[e]">RCU_CTC_IRQHandler</a> from startup_gd32f3x0.o(.text) referenced from startup_gd32f3x0.o(RESET)
 <LI><a href="#[c]">RTC_IRQHandler</a> from startup_gd32f3x0.o(.text) referenced from startup_gd32f3x0.o(RESET)
 <LI><a href="#[0]">Reset_Handler</a> from startup_gd32f3x0.o(.text) referenced from startup_gd32f3x0.o(RESET)
 <LI><a href="#[22]">SPI0_IRQHandler</a> from startup_gd32f3x0.o(.text) referenced from startup_gd32f3x0.o(RESET)
 <LI><a href="#[23]">SPI1_IRQHandler</a> from startup_gd32f3x0.o(.text) referenced from startup_gd32f3x0.o(RESET)
 <LI><a href="#[6]">SVC_Handler</a> from gd32f3x0_it.o(i.SVC_Handler) referenced from startup_gd32f3x0.o(RESET)
 <LI><a href="#[9]">SysTick_Handler</a> from gd32f3x0_it.o(i.SysTick_Handler) referenced from startup_gd32f3x0.o(RESET)
 <LI><a href="#[2d]">SystemInit</a> from system_gd32f3x0.o(i.SystemInit) referenced from startup_gd32f3x0.o(.text)
 <LI><a href="#[17]">TIMER0_BRK_UP_TRG_COM_IRQHandler</a> from startup_gd32f3x0.o(.text) referenced from startup_gd32f3x0.o(RESET)
 <LI><a href="#[18]">TIMER0_Channel_IRQHandler</a> from startup_gd32f3x0.o(.text) referenced from startup_gd32f3x0.o(RESET)
 <LI><a href="#[1c]">TIMER13_IRQHandler</a> from startup_gd32f3x0.o(.text) referenced from startup_gd32f3x0.o(RESET)
 <LI><a href="#[1d]">TIMER14_IRQHandler</a> from startup_gd32f3x0.o(.text) referenced from startup_gd32f3x0.o(RESET)
 <LI><a href="#[1e]">TIMER15_IRQHandler</a> from startup_gd32f3x0.o(.text) referenced from startup_gd32f3x0.o(RESET)
 <LI><a href="#[1f]">TIMER16_IRQHandler</a> from startup_gd32f3x0.o(.text) referenced from startup_gd32f3x0.o(RESET)
 <LI><a href="#[19]">TIMER1_IRQHandler</a> from gd32f3x0_it.o(i.TIMER1_IRQHandler) referenced from startup_gd32f3x0.o(RESET)
 <LI><a href="#[1a]">TIMER2_IRQHandler</a> from startup_gd32f3x0.o(.text) referenced from startup_gd32f3x0.o(RESET)
 <LI><a href="#[1b]">TIMER5_DAC_IRQHandler</a> from startup_gd32f3x0.o(.text) referenced from startup_gd32f3x0.o(RESET)
 <LI><a href="#[12]">TSI_IRQHandler</a> from startup_gd32f3x0.o(.text) referenced from startup_gd32f3x0.o(RESET)
 <LI><a href="#[24]">USART0_IRQHandler</a> from startup_gd32f3x0.o(.text) referenced from startup_gd32f3x0.o(RESET)
 <LI><a href="#[25]">USART1_IRQHandler</a> from startup_gd32f3x0.o(.text) referenced from startup_gd32f3x0.o(RESET)
 <LI><a href="#[2b]">USBFS_IRQHandler</a> from startup_gd32f3x0.o(.text) referenced from startup_gd32f3x0.o(RESET)
 <LI><a href="#[29]">USBFS_WKUP_IRQHandler</a> from startup_gd32f3x0.o(.text) referenced from startup_gd32f3x0.o(RESET)
 <LI><a href="#[5]">UsageFault_Handler</a> from gd32f3x0_it.o(i.UsageFault_Handler) referenced from startup_gd32f3x0.o(RESET)
 <LI><a href="#[a]">WWDGT_IRQHandler</a> from startup_gd32f3x0.o(.text) referenced from startup_gd32f3x0.o(RESET)
 <LI><a href="#[2e]">__main</a> from entry.o(.ARM.Collect$$$$00000000) referenced from startup_gd32f3x0.o(.text)
 <LI><a href="#[2c]">main</a> from main.o(i.main) referenced from entry9a.o(.ARM.Collect$$$$0000000B)
</UL>
<P>
<H3>
Global Symbols
</H3>
<P><STRONG><a name="[2e]"></a>__main</STRONG> (Thumb, 0 bytes, Stack size unknown bytes, entry.o(.ARM.Collect$$$$00000000))
<BR>[Address Reference Count : 1]<UL><LI> startup_gd32f3x0.o(.text)
</UL>
<P><STRONG><a name="[84]"></a>_main_stk</STRONG> (Thumb, 0 bytes, Stack size unknown bytes, entry2.o(.ARM.Collect$$$$00000001))

<P><STRONG><a name="[2f]"></a>_main_scatterload</STRONG> (Thumb, 0 bytes, Stack size unknown bytes, entry5.o(.ARM.Collect$$$$00000004))
<BR><BR>[Calls]<UL><LI><a href="#[30]">&gt;&gt;</a>&nbsp;&nbsp;&nbsp;__scatterload
</UL>

<P><STRONG><a name="[3e]"></a>__main_after_scatterload</STRONG> (Thumb, 0 bytes, Stack size unknown bytes, entry5.o(.ARM.Collect$$$$00000004))
<BR><BR>[Called By]<UL><LI><a href="#[30]">&gt;&gt;</a>&nbsp;&nbsp;&nbsp;__scatterload
</UL>

<P><STRONG><a name="[85]"></a>_main_clock</STRONG> (Thumb, 0 bytes, Stack size unknown bytes, entry7b.o(.ARM.Collect$$$$00000008))

<P><STRONG><a name="[86]"></a>_main_cpp_init</STRONG> (Thumb, 0 bytes, Stack size unknown bytes, entry8b.o(.ARM.Collect$$$$0000000A))

<P><STRONG><a name="[87]"></a>_main_init</STRONG> (Thumb, 0 bytes, Stack size unknown bytes, entry9a.o(.ARM.Collect$$$$0000000B))

<P><STRONG><a name="[88]"></a>__rt_lib_shutdown_fini</STRONG> (Thumb, 0 bytes, Stack size unknown bytes, entry12b.o(.ARM.Collect$$$$0000000E))

<P><STRONG><a name="[89]"></a>__rt_final_cpp</STRONG> (Thumb, 0 bytes, Stack size unknown bytes, entry10a.o(.ARM.Collect$$$$0000000F))

<P><STRONG><a name="[8a]"></a>__rt_final_exit</STRONG> (Thumb, 0 bytes, Stack size unknown bytes, entry11a.o(.ARM.Collect$$$$00000011))

<P><STRONG><a name="[0]"></a>Reset_Handler</STRONG> (Thumb, 8 bytes, Stack size 0 bytes, startup_gd32f3x0.o(.text))
<BR>[Address Reference Count : 1]<UL><LI> startup_gd32f3x0.o(RESET)
</UL>
<P><STRONG><a name="[16]"></a>ADC_CMP_IRQHandler</STRONG> (Thumb, 0 bytes, Stack size 0 bytes, startup_gd32f3x0.o(.text))
<BR><BR>[Calls]<UL><LI><a href="#[16]">&gt;&gt;</a>&nbsp;&nbsp;&nbsp;ADC_CMP_IRQHandler
</UL>
<BR>[Called By]<UL><LI><a href="#[16]">&gt;&gt;</a>&nbsp;&nbsp;&nbsp;ADC_CMP_IRQHandler
</UL>
<BR>[Address Reference Count : 1]<UL><LI> startup_gd32f3x0.o(RESET)
</UL>
<P><STRONG><a name="[26]"></a>CEC_IRQHandler</STRONG> (Thumb, 0 bytes, Stack size 0 bytes, startup_gd32f3x0.o(.text))
<BR>[Address Reference Count : 1]<UL><LI> startup_gd32f3x0.o(RESET)
</UL>
<P><STRONG><a name="[13]"></a>DMA_Channel0_IRQHandler</STRONG> (Thumb, 0 bytes, Stack size 0 bytes, startup_gd32f3x0.o(.text))
<BR>[Address Reference Count : 1]<UL><LI> startup_gd32f3x0.o(RESET)
</UL>
<P><STRONG><a name="[14]"></a>DMA_Channel1_2_IRQHandler</STRONG> (Thumb, 0 bytes, Stack size 0 bytes, startup_gd32f3x0.o(.text))
<BR>[Address Reference Count : 1]<UL><LI> startup_gd32f3x0.o(RESET)
</UL>
<P><STRONG><a name="[15]"></a>DMA_Channel3_4_IRQHandler</STRONG> (Thumb, 0 bytes, Stack size 0 bytes, startup_gd32f3x0.o(.text))
<BR>[Address Reference Count : 1]<UL><LI> startup_gd32f3x0.o(RESET)
</UL>
<P><STRONG><a name="[2a]"></a>DMA_Channel5_6_IRQHandler</STRONG> (Thumb, 0 bytes, Stack size 0 bytes, startup_gd32f3x0.o(.text))
<BR>[Address Reference Count : 1]<UL><LI> startup_gd32f3x0.o(RESET)
</UL>
<P><STRONG><a name="[d]"></a>FMC_IRQHandler</STRONG> (Thumb, 0 bytes, Stack size 0 bytes, startup_gd32f3x0.o(.text))
<BR>[Address Reference Count : 1]<UL><LI> startup_gd32f3x0.o(RESET)
</UL>
<P><STRONG><a name="[28]"></a>I2C1_ER_IRQHandler</STRONG> (Thumb, 0 bytes, Stack size 0 bytes, startup_gd32f3x0.o(.text))
<BR>[Address Reference Count : 1]<UL><LI> startup_gd32f3x0.o(RESET)
</UL>
<P><STRONG><a name="[21]"></a>I2C1_EV_IRQHandler</STRONG> (Thumb, 0 bytes, Stack size 0 bytes, startup_gd32f3x0.o(.text))
<BR>[Address Reference Count : 1]<UL><LI> startup_gd32f3x0.o(RESET)
</UL>
<P><STRONG><a name="[b]"></a>LVD_IRQHandler</STRONG> (Thumb, 0 bytes, Stack size 0 bytes, startup_gd32f3x0.o(.text))
<BR>[Address Reference Count : 1]<UL><LI> startup_gd32f3x0.o(RESET)
</UL>
<P><STRONG><a name="[e]"></a>RCU_CTC_IRQHandler</STRONG> (Thumb, 0 bytes, Stack size 0 bytes, startup_gd32f3x0.o(.text))
<BR>[Address Reference Count : 1]<UL><LI> startup_gd32f3x0.o(RESET)
</UL>
<P><STRONG><a name="[c]"></a>RTC_IRQHandler</STRONG> (Thumb, 0 bytes, Stack size 0 bytes, startup_gd32f3x0.o(.text))
<BR>[Address Reference Count : 1]<UL><LI> startup_gd32f3x0.o(RESET)
</UL>
<P><STRONG><a name="[22]"></a>SPI0_IRQHandler</STRONG> (Thumb, 0 bytes, Stack size 0 bytes, startup_gd32f3x0.o(.text))
<BR>[Address Reference Count : 1]<UL><LI> startup_gd32f3x0.o(RESET)
</UL>
<P><STRONG><a name="[23]"></a>SPI1_IRQHandler</STRONG> (Thumb, 0 bytes, Stack size 0 bytes, startup_gd32f3x0.o(.text))
<BR>[Address Reference Count : 1]<UL><LI> startup_gd32f3x0.o(RESET)
</UL>
<P><STRONG><a name="[17]"></a>TIMER0_BRK_UP_TRG_COM_IRQHandler</STRONG> (Thumb, 0 bytes, Stack size 0 bytes, startup_gd32f3x0.o(.text))
<BR>[Address Reference Count : 1]<UL><LI> startup_gd32f3x0.o(RESET)
</UL>
<P><STRONG><a name="[18]"></a>TIMER0_Channel_IRQHandler</STRONG> (Thumb, 0 bytes, Stack size 0 bytes, startup_gd32f3x0.o(.text))
<BR>[Address Reference Count : 1]<UL><LI> startup_gd32f3x0.o(RESET)
</UL>
<P><STRONG><a name="[1c]"></a>TIMER13_IRQHandler</STRONG> (Thumb, 0 bytes, Stack size 0 bytes, startup_gd32f3x0.o(.text))
<BR>[Address Reference Count : 1]<UL><LI> startup_gd32f3x0.o(RESET)
</UL>
<P><STRONG><a name="[1d]"></a>TIMER14_IRQHandler</STRONG> (Thumb, 0 bytes, Stack size 0 bytes, startup_gd32f3x0.o(.text))
<BR>[Address Reference Count : 1]<UL><LI> startup_gd32f3x0.o(RESET)
</UL>
<P><STRONG><a name="[1e]"></a>TIMER15_IRQHandler</STRONG> (Thumb, 0 bytes, Stack size 0 bytes, startup_gd32f3x0.o(.text))
<BR>[Address Reference Count : 1]<UL><LI> startup_gd32f3x0.o(RESET)
</UL>
<P><STRONG><a name="[1f]"></a>TIMER16_IRQHandler</STRONG> (Thumb, 0 bytes, Stack size 0 bytes, startup_gd32f3x0.o(.text))
<BR>[Address Reference Count : 1]<UL><LI> startup_gd32f3x0.o(RESET)
</UL>
<P><STRONG><a name="[1a]"></a>TIMER2_IRQHandler</STRONG> (Thumb, 0 bytes, Stack size 0 bytes, startup_gd32f3x0.o(.text))
<BR>[Address Reference Count : 1]<UL><LI> startup_gd32f3x0.o(RESET)
</UL>
<P><STRONG><a name="[1b]"></a>TIMER5_DAC_IRQHandler</STRONG> (Thumb, 0 bytes, Stack size 0 bytes, startup_gd32f3x0.o(.text))
<BR>[Address Reference Count : 1]<UL><LI> startup_gd32f3x0.o(RESET)
</UL>
<P><STRONG><a name="[12]"></a>TSI_IRQHandler</STRONG> (Thumb, 0 bytes, Stack size 0 bytes, startup_gd32f3x0.o(.text))
<BR>[Address Reference Count : 1]<UL><LI> startup_gd32f3x0.o(RESET)
</UL>
<P><STRONG><a name="[24]"></a>USART0_IRQHandler</STRONG> (Thumb, 0 bytes, Stack size 0 bytes, startup_gd32f3x0.o(.text))
<BR>[Address Reference Count : 1]<UL><LI> startup_gd32f3x0.o(RESET)
</UL>
<P><STRONG><a name="[25]"></a>USART1_IRQHandler</STRONG> (Thumb, 0 bytes, Stack size 0 bytes, startup_gd32f3x0.o(.text))
<BR>[Address Reference Count : 1]<UL><LI> startup_gd32f3x0.o(RESET)
</UL>
<P><STRONG><a name="[2b]"></a>USBFS_IRQHandler</STRONG> (Thumb, 0 bytes, Stack size 0 bytes, startup_gd32f3x0.o(.text))
<BR>[Address Reference Count : 1]<UL><LI> startup_gd32f3x0.o(RESET)
</UL>
<P><STRONG><a name="[29]"></a>USBFS_WKUP_IRQHandler</STRONG> (Thumb, 0 bytes, Stack size 0 bytes, startup_gd32f3x0.o(.text))
<BR>[Address Reference Count : 1]<UL><LI> startup_gd32f3x0.o(RESET)
</UL>
<P><STRONG><a name="[a]"></a>WWDGT_IRQHandler</STRONG> (Thumb, 0 bytes, Stack size 0 bytes, startup_gd32f3x0.o(.text))
<BR>[Address Reference Count : 1]<UL><LI> startup_gd32f3x0.o(RESET)
</UL>
<P><STRONG><a name="[31]"></a>__aeabi_dadd</STRONG> (Thumb, 322 bytes, Stack size 48 bytes, dadd.o(.text))
<BR><BR>[Stack]<UL><LI>Max Depth = 88<LI>Call Chain = __aeabi_dadd &rArr; _double_epilogue &rArr; _double_round
</UL>
<BR>[Calls]<UL><LI><a href="#[33]">&gt;&gt;</a>&nbsp;&nbsp;&nbsp;__aeabi_lasr
<LI><a href="#[32]">&gt;&gt;</a>&nbsp;&nbsp;&nbsp;__aeabi_llsl
<LI><a href="#[35]">&gt;&gt;</a>&nbsp;&nbsp;&nbsp;_double_round
<LI><a href="#[34]">&gt;&gt;</a>&nbsp;&nbsp;&nbsp;_double_epilogue
</UL>
<BR>[Called By]<UL><LI><a href="#[36]">&gt;&gt;</a>&nbsp;&nbsp;&nbsp;__aeabi_dsub
<LI><a href="#[73]">&gt;&gt;</a>&nbsp;&nbsp;&nbsp;sc7a20_manage
<LI><a href="#[37]">&gt;&gt;</a>&nbsp;&nbsp;&nbsp;__aeabi_drsub
</UL>

<P><STRONG><a name="[36]"></a>__aeabi_dsub</STRONG> (Thumb, 6 bytes, Stack size 0 bytes, dadd.o(.text))
<BR><BR>[Stack]<UL><LI>Max Depth = 88<LI>Call Chain = __aeabi_dsub &rArr; __aeabi_dadd &rArr; _double_epilogue &rArr; _double_round
</UL>
<BR>[Calls]<UL><LI><a href="#[31]">&gt;&gt;</a>&nbsp;&nbsp;&nbsp;__aeabi_dadd
</UL>
<BR>[Called By]<UL><LI><a href="#[73]">&gt;&gt;</a>&nbsp;&nbsp;&nbsp;sc7a20_manage
</UL>

<P><STRONG><a name="[37]"></a>__aeabi_drsub</STRONG> (Thumb, 6 bytes, Stack size 0 bytes, dadd.o(.text), UNUSED)
<BR><BR>[Calls]<UL><LI><a href="#[31]">&gt;&gt;</a>&nbsp;&nbsp;&nbsp;__aeabi_dadd
</UL>

<P><STRONG><a name="[38]"></a>__aeabi_dmul</STRONG> (Thumb, 228 bytes, Stack size 48 bytes, dmul.o(.text))
<BR><BR>[Stack]<UL><LI>Max Depth = 88<LI>Call Chain = __aeabi_dmul &rArr; _double_epilogue &rArr; _double_round
</UL>
<BR>[Calls]<UL><LI><a href="#[34]">&gt;&gt;</a>&nbsp;&nbsp;&nbsp;_double_epilogue
</UL>
<BR>[Called By]<UL><LI><a href="#[73]">&gt;&gt;</a>&nbsp;&nbsp;&nbsp;sc7a20_manage
</UL>

<P><STRONG><a name="[39]"></a>__aeabi_i2f</STRONG> (Thumb, 18 bytes, Stack size 0 bytes, fflti.o(.text))
<BR><BR>[Stack]<UL><LI>Max Depth = 4<LI>Call Chain = __aeabi_i2f &rArr; _float_epilogue
</UL>
<BR>[Calls]<UL><LI><a href="#[3a]">&gt;&gt;</a>&nbsp;&nbsp;&nbsp;_float_epilogue
</UL>
<BR>[Called By]<UL><LI><a href="#[73]">&gt;&gt;</a>&nbsp;&nbsp;&nbsp;sc7a20_manage
</UL>

<P><STRONG><a name="[74]"></a>__aeabi_f2d</STRONG> (Thumb, 38 bytes, Stack size 0 bytes, f2d.o(.text))
<BR><BR>[Called By]<UL><LI><a href="#[73]">&gt;&gt;</a>&nbsp;&nbsp;&nbsp;sc7a20_manage
</UL>

<P><STRONG><a name="[3b]"></a>__aeabi_d2f</STRONG> (Thumb, 56 bytes, Stack size 8 bytes, d2f.o(.text))
<BR><BR>[Stack]<UL><LI>Max Depth = 8<LI>Call Chain = __aeabi_d2f
</UL>
<BR>[Calls]<UL><LI><a href="#[3c]">&gt;&gt;</a>&nbsp;&nbsp;&nbsp;_float_round
</UL>
<BR>[Called By]<UL><LI><a href="#[73]">&gt;&gt;</a>&nbsp;&nbsp;&nbsp;sc7a20_manage
</UL>

<P><STRONG><a name="[8b]"></a>__aeabi_cfcmpeq</STRONG> (Thumb, 0 bytes, Stack size 0 bytes, cfcmple.o(.text), UNUSED)

<P><STRONG><a name="[77]"></a>__aeabi_cfcmple</STRONG> (Thumb, 20 bytes, Stack size 0 bytes, cfcmple.o(.text))
<BR><BR>[Called By]<UL><LI><a href="#[73]">&gt;&gt;</a>&nbsp;&nbsp;&nbsp;sc7a20_manage
</UL>

<P><STRONG><a name="[75]"></a>__aeabi_cfrcmple</STRONG> (Thumb, 20 bytes, Stack size 0 bytes, cfrcmple.o(.text))
<BR><BR>[Called By]<UL><LI><a href="#[73]">&gt;&gt;</a>&nbsp;&nbsp;&nbsp;sc7a20_manage
</UL>

<P><STRONG><a name="[32]"></a>__aeabi_llsl</STRONG> (Thumb, 30 bytes, Stack size 0 bytes, llshl.o(.text))
<BR><BR>[Called By]<UL><LI><a href="#[31]">&gt;&gt;</a>&nbsp;&nbsp;&nbsp;__aeabi_dadd
<LI><a href="#[34]">&gt;&gt;</a>&nbsp;&nbsp;&nbsp;_double_epilogue
</UL>

<P><STRONG><a name="[8c]"></a>_ll_shift_l</STRONG> (Thumb, 0 bytes, Stack size 0 bytes, llshl.o(.text), UNUSED)

<P><STRONG><a name="[33]"></a>__aeabi_lasr</STRONG> (Thumb, 36 bytes, Stack size 0 bytes, llsshr.o(.text))
<BR><BR>[Called By]<UL><LI><a href="#[31]">&gt;&gt;</a>&nbsp;&nbsp;&nbsp;__aeabi_dadd
</UL>

<P><STRONG><a name="[8d]"></a>_ll_sshift_r</STRONG> (Thumb, 0 bytes, Stack size 0 bytes, llsshr.o(.text), UNUSED)

<P><STRONG><a name="[8e]"></a>__I$use$fp</STRONG> (Thumb, 0 bytes, Stack size 0 bytes, iusefp.o(.text), UNUSED)

<P><STRONG><a name="[3c]"></a>_float_round</STRONG> (Thumb, 18 bytes, Stack size 0 bytes, fepilogue.o(.text))
<BR><BR>[Called By]<UL><LI><a href="#[3b]">&gt;&gt;</a>&nbsp;&nbsp;&nbsp;__aeabi_d2f
</UL>

<P><STRONG><a name="[3a]"></a>_float_epilogue</STRONG> (Thumb, 92 bytes, Stack size 4 bytes, fepilogue.o(.text))
<BR><BR>[Stack]<UL><LI>Max Depth = 4<LI>Call Chain = _float_epilogue
</UL>
<BR>[Called By]<UL><LI><a href="#[39]">&gt;&gt;</a>&nbsp;&nbsp;&nbsp;__aeabi_i2f
</UL>

<P><STRONG><a name="[35]"></a>_double_round</STRONG> (Thumb, 30 bytes, Stack size 8 bytes, depilogue.o(.text))
<BR><BR>[Stack]<UL><LI>Max Depth = 8<LI>Call Chain = _double_round
</UL>
<BR>[Called By]<UL><LI><a href="#[31]">&gt;&gt;</a>&nbsp;&nbsp;&nbsp;__aeabi_dadd
<LI><a href="#[34]">&gt;&gt;</a>&nbsp;&nbsp;&nbsp;_double_epilogue
</UL>

<P><STRONG><a name="[34]"></a>_double_epilogue</STRONG> (Thumb, 156 bytes, Stack size 32 bytes, depilogue.o(.text))
<BR><BR>[Stack]<UL><LI>Max Depth = 40<LI>Call Chain = _double_epilogue &rArr; _double_round
</UL>
<BR>[Calls]<UL><LI><a href="#[3d]">&gt;&gt;</a>&nbsp;&nbsp;&nbsp;__aeabi_llsr
<LI><a href="#[32]">&gt;&gt;</a>&nbsp;&nbsp;&nbsp;__aeabi_llsl
<LI><a href="#[35]">&gt;&gt;</a>&nbsp;&nbsp;&nbsp;_double_round
</UL>
<BR>[Called By]<UL><LI><a href="#[38]">&gt;&gt;</a>&nbsp;&nbsp;&nbsp;__aeabi_dmul
<LI><a href="#[31]">&gt;&gt;</a>&nbsp;&nbsp;&nbsp;__aeabi_dadd
</UL>

<P><STRONG><a name="[30]"></a>__scatterload</STRONG> (Thumb, 28 bytes, Stack size 0 bytes, init.o(.text))
<BR><BR>[Calls]<UL><LI><a href="#[3e]">&gt;&gt;</a>&nbsp;&nbsp;&nbsp;__main_after_scatterload
</UL>
<BR>[Called By]<UL><LI><a href="#[2f]">&gt;&gt;</a>&nbsp;&nbsp;&nbsp;_main_scatterload
</UL>

<P><STRONG><a name="[8f]"></a>__scatterload_rt2</STRONG> (Thumb, 0 bytes, Stack size 0 bytes, init.o(.text), UNUSED)

<P><STRONG><a name="[3d]"></a>__aeabi_llsr</STRONG> (Thumb, 32 bytes, Stack size 0 bytes, llushr.o(.text))
<BR><BR>[Called By]<UL><LI><a href="#[34]">&gt;&gt;</a>&nbsp;&nbsp;&nbsp;_double_epilogue
</UL>

<P><STRONG><a name="[90]"></a>_ll_ushift_r</STRONG> (Thumb, 0 bytes, Stack size 0 bytes, llushr.o(.text), UNUSED)

<P><STRONG><a name="[4]"></a>BusFault_Handler</STRONG> (Thumb, 4 bytes, Stack size 0 bytes, gd32f3x0_it.o(i.BusFault_Handler))
<BR>[Address Reference Count : 1]<UL><LI> startup_gd32f3x0.o(RESET)
</UL>
<P><STRONG><a name="[7]"></a>DebugMon_Handler</STRONG> (Thumb, 2 bytes, Stack size 0 bytes, gd32f3x0_it.o(i.DebugMon_Handler))
<BR>[Address Reference Count : 1]<UL><LI> startup_gd32f3x0.o(RESET)
</UL>
<P><STRONG><a name="[f]"></a>EXTI0_1_IRQHandler</STRONG> (Thumb, 2 bytes, Stack size 0 bytes, gd32f3x0_it.o(i.EXTI0_1_IRQHandler))
<BR>[Address Reference Count : 1]<UL><LI> startup_gd32f3x0.o(RESET)
</UL>
<P><STRONG><a name="[10]"></a>EXTI2_3_IRQHandler</STRONG> (Thumb, 2 bytes, Stack size 0 bytes, gd32f3x0_it.o(i.EXTI2_3_IRQHandler))
<BR>[Address Reference Count : 1]<UL><LI> startup_gd32f3x0.o(RESET)
</UL>
<P><STRONG><a name="[11]"></a>EXTI4_15_IRQHandler</STRONG> (Thumb, 100 bytes, Stack size 8 bytes, gd32f3x0_it.o(i.EXTI4_15_IRQHandler))
<BR><BR>[Stack]<UL><LI>Max Depth = 16<LI>Call Chain = EXTI4_15_IRQHandler &rArr; i2c_interrupt_enable
</UL>
<BR>[Calls]<UL><LI><a href="#[45]">&gt;&gt;</a>&nbsp;&nbsp;&nbsp;i2c_start_on_bus
<LI><a href="#[43]">&gt;&gt;</a>&nbsp;&nbsp;&nbsp;i2c_interrupt_enable
<LI><a href="#[44]">&gt;&gt;</a>&nbsp;&nbsp;&nbsp;i2c_flag_get
<LI><a href="#[41]">&gt;&gt;</a>&nbsp;&nbsp;&nbsp;i2c_enable
<LI><a href="#[42]">&gt;&gt;</a>&nbsp;&nbsp;&nbsp;i2c_ack_config
<LI><a href="#[3f]">&gt;&gt;</a>&nbsp;&nbsp;&nbsp;exti_interrupt_flag_get
<LI><a href="#[40]">&gt;&gt;</a>&nbsp;&nbsp;&nbsp;exti_interrupt_flag_clear
</UL>
<BR>[Address Reference Count : 1]<UL><LI> startup_gd32f3x0.o(RESET)
</UL>
<P><STRONG><a name="[2]"></a>HardFault_Handler</STRONG> (Thumb, 4 bytes, Stack size 0 bytes, gd32f3x0_it.o(i.HardFault_Handler))
<BR>[Address Reference Count : 1]<UL><LI> startup_gd32f3x0.o(RESET)
</UL>
<P><STRONG><a name="[27]"></a>I2C0_ER_IRQHandler</STRONG> (Thumb, 8 bytes, Stack size 8 bytes, gd32f3x0_it.o(i.I2C0_ER_IRQHandler))
<BR><BR>[Stack]<UL><LI>Max Depth = 36<LI>Call Chain = I2C0_ER_IRQHandler &rArr; I2C0_ErrorIRQ_Handler &rArr; i2c_interrupt_flag_get
</UL>
<BR>[Calls]<UL><LI><a href="#[46]">&gt;&gt;</a>&nbsp;&nbsp;&nbsp;I2C0_ErrorIRQ_Handler
</UL>
<BR>[Address Reference Count : 1]<UL><LI> startup_gd32f3x0.o(RESET)
</UL>
<P><STRONG><a name="[20]"></a>I2C0_EV_IRQHandler</STRONG> (Thumb, 8 bytes, Stack size 8 bytes, gd32f3x0_it.o(i.I2C0_EV_IRQHandler))
<BR><BR>[Stack]<UL><LI>Max Depth = 36<LI>Call Chain = I2C0_EV_IRQHandler &rArr; I2C0_EventIRQ_Handler &rArr; i2c_interrupt_flag_get
</UL>
<BR>[Calls]<UL><LI><a href="#[47]">&gt;&gt;</a>&nbsp;&nbsp;&nbsp;I2C0_EventIRQ_Handler
</UL>
<BR>[Address Reference Count : 1]<UL><LI> startup_gd32f3x0.o(RESET)
</UL>
<P><STRONG><a name="[46]"></a>I2C0_ErrorIRQ_Handler</STRONG> (Thumb, 160 bytes, Stack size 8 bytes, i2c0_ie.o(i.I2C0_ErrorIRQ_Handler))
<BR><BR>[Stack]<UL><LI>Max Depth = 28<LI>Call Chain = I2C0_ErrorIRQ_Handler &rArr; i2c_interrupt_flag_get
</UL>
<BR>[Calls]<UL><LI><a href="#[48]">&gt;&gt;</a>&nbsp;&nbsp;&nbsp;i2c_interrupt_flag_get
<LI><a href="#[49]">&gt;&gt;</a>&nbsp;&nbsp;&nbsp;i2c_interrupt_flag_clear
<LI><a href="#[4a]">&gt;&gt;</a>&nbsp;&nbsp;&nbsp;i2c_interrupt_disable
</UL>
<BR>[Called By]<UL><LI><a href="#[27]">&gt;&gt;</a>&nbsp;&nbsp;&nbsp;I2C0_ER_IRQHandler
</UL>

<P><STRONG><a name="[47]"></a>I2C0_EventIRQ_Handler</STRONG> (Thumb, 302 bytes, Stack size 8 bytes, i2c0_ie.o(i.I2C0_EventIRQ_Handler))
<BR><BR>[Stack]<UL><LI>Max Depth = 28<LI>Call Chain = I2C0_EventIRQ_Handler &rArr; i2c_interrupt_flag_get
</UL>
<BR>[Calls]<UL><LI><a href="#[4e]">&gt;&gt;</a>&nbsp;&nbsp;&nbsp;i2c_stop_on_bus
<LI><a href="#[4b]">&gt;&gt;</a>&nbsp;&nbsp;&nbsp;i2c_master_addressing
<LI><a href="#[4c]">&gt;&gt;</a>&nbsp;&nbsp;&nbsp;i2c_data_transmit
<LI><a href="#[45]">&gt;&gt;</a>&nbsp;&nbsp;&nbsp;i2c_start_on_bus
<LI><a href="#[43]">&gt;&gt;</a>&nbsp;&nbsp;&nbsp;i2c_interrupt_enable
<LI><a href="#[42]">&gt;&gt;</a>&nbsp;&nbsp;&nbsp;i2c_ack_config
<LI><a href="#[48]">&gt;&gt;</a>&nbsp;&nbsp;&nbsp;i2c_interrupt_flag_get
<LI><a href="#[49]">&gt;&gt;</a>&nbsp;&nbsp;&nbsp;i2c_interrupt_flag_clear
<LI><a href="#[4d]">&gt;&gt;</a>&nbsp;&nbsp;&nbsp;i2c_data_receive
<LI><a href="#[4f]">&gt;&gt;</a>&nbsp;&nbsp;&nbsp;i2c_ackpos_config
</UL>
<BR>[Called By]<UL><LI><a href="#[20]">&gt;&gt;</a>&nbsp;&nbsp;&nbsp;I2C0_EV_IRQHandler
</UL>

<P><STRONG><a name="[3]"></a>MemManage_Handler</STRONG> (Thumb, 4 bytes, Stack size 0 bytes, gd32f3x0_it.o(i.MemManage_Handler))
<BR>[Address Reference Count : 1]<UL><LI> startup_gd32f3x0.o(RESET)
</UL>
<P><STRONG><a name="[1]"></a>NMI_Handler</STRONG> (Thumb, 2 bytes, Stack size 0 bytes, gd32f3x0_it.o(i.NMI_Handler))
<BR>[Address Reference Count : 1]<UL><LI> startup_gd32f3x0.o(RESET)
</UL>
<P><STRONG><a name="[8]"></a>PendSV_Handler</STRONG> (Thumb, 2 bytes, Stack size 0 bytes, gd32f3x0_it.o(i.PendSV_Handler))
<BR>[Address Reference Count : 1]<UL><LI> startup_gd32f3x0.o(RESET)
</UL>
<P><STRONG><a name="[6]"></a>SVC_Handler</STRONG> (Thumb, 2 bytes, Stack size 0 bytes, gd32f3x0_it.o(i.SVC_Handler))
<BR>[Address Reference Count : 1]<UL><LI> startup_gd32f3x0.o(RESET)
</UL>
<P><STRONG><a name="[9]"></a>SysTick_Handler</STRONG> (Thumb, 8 bytes, Stack size 8 bytes, gd32f3x0_it.o(i.SysTick_Handler))
<BR><BR>[Stack]<UL><LI>Max Depth = 8<LI>Call Chain = SysTick_Handler
</UL>
<BR>[Calls]<UL><LI><a href="#[50]">&gt;&gt;</a>&nbsp;&nbsp;&nbsp;delay_decrement
</UL>
<BR>[Address Reference Count : 1]<UL><LI> startup_gd32f3x0.o(RESET)
</UL>
<P><STRONG><a name="[2d]"></a>SystemInit</STRONG> (Thumb, 476 bytes, Stack size 8 bytes, system_gd32f3x0.o(i.SystemInit))
<BR><BR>[Stack]<UL><LI>Max Depth = 16<LI>Call Chain = SystemInit &rArr; system_clock_config
</UL>
<BR>[Calls]<UL><LI><a href="#[52]">&gt;&gt;</a>&nbsp;&nbsp;&nbsp;nvic_vector_table_set
<LI><a href="#[51]">&gt;&gt;</a>&nbsp;&nbsp;&nbsp;system_clock_config
</UL>
<BR>[Address Reference Count : 1]<UL><LI> startup_gd32f3x0.o(.text)
</UL>
<P><STRONG><a name="[19]"></a>TIMER1_IRQHandler</STRONG> (Thumb, 50 bytes, Stack size 8 bytes, gd32f3x0_it.o(i.TIMER1_IRQHandler))
<BR><BR>[Stack]<UL><LI>Max Depth = 8<LI>Call Chain = TIMER1_IRQHandler
</UL>
<BR>[Calls]<UL><LI><a href="#[53]">&gt;&gt;</a>&nbsp;&nbsp;&nbsp;timer_interrupt_flag_get
<LI><a href="#[55]">&gt;&gt;</a>&nbsp;&nbsp;&nbsp;timer_interrupt_flag_clear
<LI><a href="#[54]">&gt;&gt;</a>&nbsp;&nbsp;&nbsp;timer_disable
</UL>
<BR>[Address Reference Count : 1]<UL><LI> startup_gd32f3x0.o(RESET)
</UL>
<P><STRONG><a name="[5]"></a>UsageFault_Handler</STRONG> (Thumb, 4 bytes, Stack size 0 bytes, gd32f3x0_it.o(i.UsageFault_Handler))
<BR>[Address Reference Count : 1]<UL><LI> startup_gd32f3x0.o(RESET)
</UL>
<P><STRONG><a name="[91]"></a>__scatterload_copy</STRONG> (Thumb, 14 bytes, Stack size unknown bytes, handlers.o(i.__scatterload_copy), UNUSED)

<P><STRONG><a name="[92]"></a>__scatterload_null</STRONG> (Thumb, 2 bytes, Stack size unknown bytes, handlers.o(i.__scatterload_null), UNUSED)

<P><STRONG><a name="[93]"></a>__scatterload_zeroinit</STRONG> (Thumb, 14 bytes, Stack size unknown bytes, handlers.o(i.__scatterload_zeroinit), UNUSED)

<P><STRONG><a name="[72]"></a>delay_1ms</STRONG> (Thumb, 16 bytes, Stack size 0 bytes, systick.o(i.delay_1ms))
<BR><BR>[Called By]<UL><LI><a href="#[2c]">&gt;&gt;</a>&nbsp;&nbsp;&nbsp;main
</UL>

<P><STRONG><a name="[50]"></a>delay_decrement</STRONG> (Thumb, 18 bytes, Stack size 0 bytes, systick.o(i.delay_decrement))
<BR><BR>[Called By]<UL><LI><a href="#[9]">&gt;&gt;</a>&nbsp;&nbsp;&nbsp;SysTick_Handler
</UL>

<P><STRONG><a name="[5b]"></a>exti_init</STRONG> (Thumb, 184 bytes, Stack size 8 bytes, gd32f3x0_exti.o(i.exti_init))
<BR><BR>[Stack]<UL><LI>Max Depth = 8<LI>Call Chain = exti_init
</UL>
<BR>[Called By]<UL><LI><a href="#[56]">&gt;&gt;</a>&nbsp;&nbsp;&nbsp;gd_eval_INT_init
</UL>

<P><STRONG><a name="[40]"></a>exti_interrupt_flag_clear</STRONG> (Thumb, 6 bytes, Stack size 0 bytes, gd32f3x0_exti.o(i.exti_interrupt_flag_clear))
<BR><BR>[Called By]<UL><LI><a href="#[56]">&gt;&gt;</a>&nbsp;&nbsp;&nbsp;gd_eval_INT_init
<LI><a href="#[11]">&gt;&gt;</a>&nbsp;&nbsp;&nbsp;EXTI4_15_IRQHandler
</UL>

<P><STRONG><a name="[3f]"></a>exti_interrupt_flag_get</STRONG> (Thumb, 32 bytes, Stack size 0 bytes, gd32f3x0_exti.o(i.exti_interrupt_flag_get))
<BR><BR>[Called By]<UL><LI><a href="#[11]">&gt;&gt;</a>&nbsp;&nbsp;&nbsp;EXTI4_15_IRQHandler
</UL>

<P><STRONG><a name="[65]"></a>fwdgt_counter_reload</STRONG> (Thumb, 10 bytes, Stack size 0 bytes, gd32f3x0_fwdgt.o(i.fwdgt_counter_reload))
<BR><BR>[Called By]<UL><LI><a href="#[73]">&gt;&gt;</a>&nbsp;&nbsp;&nbsp;sc7a20_manage
<LI><a href="#[6c]">&gt;&gt;</a>&nbsp;&nbsp;&nbsp;sc7a20_Init
<LI><a href="#[63]">&gt;&gt;</a>&nbsp;&nbsp;&nbsp;i2c_data_write
</UL>

<P><STRONG><a name="[56]"></a>gd_eval_INT_init</STRONG> (Thumb, 108 bytes, Stack size 16 bytes, gd32f350r_eval.o(i.gd_eval_INT_init))
<BR><BR>[Stack]<UL><LI>Max Depth = 40<LI>Call Chain = gd_eval_INT_init &rArr; nvic_irq_enable
</UL>
<BR>[Calls]<UL><LI><a href="#[57]">&gt;&gt;</a>&nbsp;&nbsp;&nbsp;rcu_periph_clock_enable
<LI><a href="#[59]">&gt;&gt;</a>&nbsp;&nbsp;&nbsp;nvic_irq_enable
<LI><a href="#[58]">&gt;&gt;</a>&nbsp;&nbsp;&nbsp;gpio_mode_set
<LI><a href="#[40]">&gt;&gt;</a>&nbsp;&nbsp;&nbsp;exti_interrupt_flag_clear
<LI><a href="#[5b]">&gt;&gt;</a>&nbsp;&nbsp;&nbsp;exti_init
<LI><a href="#[5a]">&gt;&gt;</a>&nbsp;&nbsp;&nbsp;syscfg_exti_line_config
</UL>
<BR>[Called By]<UL><LI><a href="#[2c]">&gt;&gt;</a>&nbsp;&nbsp;&nbsp;main
</UL>

<P><STRONG><a name="[5e]"></a>gpio_af_set</STRONG> (Thumb, 94 bytes, Stack size 20 bytes, gd32f3x0_gpio.o(i.gpio_af_set))
<BR><BR>[Stack]<UL><LI>Max Depth = 20<LI>Call Chain = gpio_af_set
</UL>
<BR>[Called By]<UL><LI><a href="#[5c]">&gt;&gt;</a>&nbsp;&nbsp;&nbsp;gpio_configuration
</UL>

<P><STRONG><a name="[5c]"></a>gpio_configuration</STRONG> (Thumb, 176 bytes, Stack size 8 bytes, main.o(i.gpio_configuration))
<BR><BR>[Stack]<UL><LI>Max Depth = 28<LI>Call Chain = gpio_configuration &rArr; gpio_output_options_set
</UL>
<BR>[Calls]<UL><LI><a href="#[5d]">&gt;&gt;</a>&nbsp;&nbsp;&nbsp;gpio_output_options_set
<LI><a href="#[58]">&gt;&gt;</a>&nbsp;&nbsp;&nbsp;gpio_mode_set
<LI><a href="#[5e]">&gt;&gt;</a>&nbsp;&nbsp;&nbsp;gpio_af_set
</UL>
<BR>[Called By]<UL><LI><a href="#[2c]">&gt;&gt;</a>&nbsp;&nbsp;&nbsp;main
</UL>

<P><STRONG><a name="[58]"></a>gpio_mode_set</STRONG> (Thumb, 78 bytes, Stack size 20 bytes, gd32f3x0_gpio.o(i.gpio_mode_set))
<BR><BR>[Stack]<UL><LI>Max Depth = 20<LI>Call Chain = gpio_mode_set
</UL>
<BR>[Called By]<UL><LI><a href="#[56]">&gt;&gt;</a>&nbsp;&nbsp;&nbsp;gd_eval_INT_init
<LI><a href="#[5c]">&gt;&gt;</a>&nbsp;&nbsp;&nbsp;gpio_configuration
</UL>

<P><STRONG><a name="[5d]"></a>gpio_output_options_set</STRONG> (Thumb, 124 bytes, Stack size 20 bytes, gd32f3x0_gpio.o(i.gpio_output_options_set))
<BR><BR>[Stack]<UL><LI>Max Depth = 20<LI>Call Chain = gpio_output_options_set
</UL>
<BR>[Called By]<UL><LI><a href="#[5c]">&gt;&gt;</a>&nbsp;&nbsp;&nbsp;gpio_configuration
</UL>

<P><STRONG><a name="[42]"></a>i2c_ack_config</STRONG> (Thumb, 16 bytes, Stack size 0 bytes, gd32f3x0_i2c.o(i.i2c_ack_config))
<BR><BR>[Called By]<UL><LI><a href="#[61]">&gt;&gt;</a>&nbsp;&nbsp;&nbsp;i2c_config
<LI><a href="#[47]">&gt;&gt;</a>&nbsp;&nbsp;&nbsp;I2C0_EventIRQ_Handler
<LI><a href="#[11]">&gt;&gt;</a>&nbsp;&nbsp;&nbsp;EXTI4_15_IRQHandler
</UL>

<P><STRONG><a name="[4f]"></a>i2c_ackpos_config</STRONG> (Thumb, 16 bytes, Stack size 0 bytes, gd32f3x0_i2c.o(i.i2c_ackpos_config))
<BR><BR>[Called By]<UL><LI><a href="#[47]">&gt;&gt;</a>&nbsp;&nbsp;&nbsp;I2C0_EventIRQ_Handler
</UL>

<P><STRONG><a name="[5f]"></a>i2c_clock_config</STRONG> (Thumb, 300 bytes, Stack size 40 bytes, gd32f3x0_i2c.o(i.i2c_clock_config))
<BR><BR>[Stack]<UL><LI>Max Depth = 148<LI>Call Chain = i2c_clock_config &rArr; rcu_clock_freq_get
</UL>
<BR>[Calls]<UL><LI><a href="#[60]">&gt;&gt;</a>&nbsp;&nbsp;&nbsp;rcu_clock_freq_get
</UL>
<BR>[Called By]<UL><LI><a href="#[61]">&gt;&gt;</a>&nbsp;&nbsp;&nbsp;i2c_config
</UL>

<P><STRONG><a name="[61]"></a>i2c_config</STRONG> (Thumb, 42 bytes, Stack size 8 bytes, main.o(i.i2c_config))
<BR><BR>[Stack]<UL><LI>Max Depth = 156<LI>Call Chain = i2c_config &rArr; i2c_clock_config &rArr; rcu_clock_freq_get
</UL>
<BR>[Calls]<UL><LI><a href="#[62]">&gt;&gt;</a>&nbsp;&nbsp;&nbsp;i2c_mode_addr_config
<LI><a href="#[5f]">&gt;&gt;</a>&nbsp;&nbsp;&nbsp;i2c_clock_config
<LI><a href="#[41]">&gt;&gt;</a>&nbsp;&nbsp;&nbsp;i2c_enable
<LI><a href="#[42]">&gt;&gt;</a>&nbsp;&nbsp;&nbsp;i2c_ack_config
</UL>
<BR>[Called By]<UL><LI><a href="#[2c]">&gt;&gt;</a>&nbsp;&nbsp;&nbsp;main
</UL>

<P><STRONG><a name="[4d]"></a>i2c_data_receive</STRONG> (Thumb, 8 bytes, Stack size 0 bytes, gd32f3x0_i2c.o(i.i2c_data_receive))
<BR><BR>[Called By]<UL><LI><a href="#[47]">&gt;&gt;</a>&nbsp;&nbsp;&nbsp;I2C0_EventIRQ_Handler
</UL>

<P><STRONG><a name="[4c]"></a>i2c_data_transmit</STRONG> (Thumb, 6 bytes, Stack size 0 bytes, gd32f3x0_i2c.o(i.i2c_data_transmit))
<BR><BR>[Called By]<UL><LI><a href="#[63]">&gt;&gt;</a>&nbsp;&nbsp;&nbsp;i2c_data_write
<LI><a href="#[47]">&gt;&gt;</a>&nbsp;&nbsp;&nbsp;I2C0_EventIRQ_Handler
</UL>

<P><STRONG><a name="[63]"></a>i2c_data_write</STRONG> (Thumb, 172 bytes, Stack size 16 bytes, main.o(i.i2c_data_write))
<BR><BR>[Stack]<UL><LI>Max Depth = 24<LI>Call Chain = i2c_data_write &rArr; i2c_flag_clear
</UL>
<BR>[Calls]<UL><LI><a href="#[4e]">&gt;&gt;</a>&nbsp;&nbsp;&nbsp;i2c_stop_on_bus
<LI><a href="#[4b]">&gt;&gt;</a>&nbsp;&nbsp;&nbsp;i2c_master_addressing
<LI><a href="#[64]">&gt;&gt;</a>&nbsp;&nbsp;&nbsp;i2c_flag_clear
<LI><a href="#[4c]">&gt;&gt;</a>&nbsp;&nbsp;&nbsp;i2c_data_transmit
<LI><a href="#[65]">&gt;&gt;</a>&nbsp;&nbsp;&nbsp;fwdgt_counter_reload
<LI><a href="#[45]">&gt;&gt;</a>&nbsp;&nbsp;&nbsp;i2c_start_on_bus
<LI><a href="#[44]">&gt;&gt;</a>&nbsp;&nbsp;&nbsp;i2c_flag_get
</UL>
<BR>[Called By]<UL><LI><a href="#[6c]">&gt;&gt;</a>&nbsp;&nbsp;&nbsp;sc7a20_Init
</UL>

<P><STRONG><a name="[41]"></a>i2c_enable</STRONG> (Thumb, 10 bytes, Stack size 0 bytes, gd32f3x0_i2c.o(i.i2c_enable))
<BR><BR>[Called By]<UL><LI><a href="#[61]">&gt;&gt;</a>&nbsp;&nbsp;&nbsp;i2c_config
<LI><a href="#[11]">&gt;&gt;</a>&nbsp;&nbsp;&nbsp;EXTI4_15_IRQHandler
</UL>

<P><STRONG><a name="[64]"></a>i2c_flag_clear</STRONG> (Thumb, 40 bytes, Stack size 8 bytes, gd32f3x0_i2c.o(i.i2c_flag_clear))
<BR><BR>[Stack]<UL><LI>Max Depth = 8<LI>Call Chain = i2c_flag_clear
</UL>
<BR>[Called By]<UL><LI><a href="#[63]">&gt;&gt;</a>&nbsp;&nbsp;&nbsp;i2c_data_write
</UL>

<P><STRONG><a name="[44]"></a>i2c_flag_get</STRONG> (Thumb, 30 bytes, Stack size 8 bytes, gd32f3x0_i2c.o(i.i2c_flag_get))
<BR><BR>[Stack]<UL><LI>Max Depth = 8<LI>Call Chain = i2c_flag_get
</UL>
<BR>[Called By]<UL><LI><a href="#[63]">&gt;&gt;</a>&nbsp;&nbsp;&nbsp;i2c_data_write
<LI><a href="#[11]">&gt;&gt;</a>&nbsp;&nbsp;&nbsp;EXTI4_15_IRQHandler
</UL>

<P><STRONG><a name="[4a]"></a>i2c_interrupt_disable</STRONG> (Thumb, 26 bytes, Stack size 8 bytes, gd32f3x0_i2c.o(i.i2c_interrupt_disable))
<BR><BR>[Stack]<UL><LI>Max Depth = 8<LI>Call Chain = i2c_interrupt_disable
</UL>
<BR>[Called By]<UL><LI><a href="#[46]">&gt;&gt;</a>&nbsp;&nbsp;&nbsp;I2C0_ErrorIRQ_Handler
</UL>

<P><STRONG><a name="[43]"></a>i2c_interrupt_enable</STRONG> (Thumb, 26 bytes, Stack size 8 bytes, gd32f3x0_i2c.o(i.i2c_interrupt_enable))
<BR><BR>[Stack]<UL><LI>Max Depth = 8<LI>Call Chain = i2c_interrupt_enable
</UL>
<BR>[Called By]<UL><LI><a href="#[47]">&gt;&gt;</a>&nbsp;&nbsp;&nbsp;I2C0_EventIRQ_Handler
<LI><a href="#[11]">&gt;&gt;</a>&nbsp;&nbsp;&nbsp;EXTI4_15_IRQHandler
</UL>

<P><STRONG><a name="[49]"></a>i2c_interrupt_flag_clear</STRONG> (Thumb, 38 bytes, Stack size 8 bytes, gd32f3x0_i2c.o(i.i2c_interrupt_flag_clear))
<BR><BR>[Stack]<UL><LI>Max Depth = 8<LI>Call Chain = i2c_interrupt_flag_clear
</UL>
<BR>[Called By]<UL><LI><a href="#[47]">&gt;&gt;</a>&nbsp;&nbsp;&nbsp;I2C0_EventIRQ_Handler
<LI><a href="#[46]">&gt;&gt;</a>&nbsp;&nbsp;&nbsp;I2C0_ErrorIRQ_Handler
</UL>

<P><STRONG><a name="[48]"></a>i2c_interrupt_flag_get</STRONG> (Thumb, 84 bytes, Stack size 20 bytes, gd32f3x0_i2c.o(i.i2c_interrupt_flag_get))
<BR><BR>[Stack]<UL><LI>Max Depth = 20<LI>Call Chain = i2c_interrupt_flag_get
</UL>
<BR>[Called By]<UL><LI><a href="#[47]">&gt;&gt;</a>&nbsp;&nbsp;&nbsp;I2C0_EventIRQ_Handler
<LI><a href="#[46]">&gt;&gt;</a>&nbsp;&nbsp;&nbsp;I2C0_ErrorIRQ_Handler
</UL>

<P><STRONG><a name="[4b]"></a>i2c_master_addressing</STRONG> (Thumb, 20 bytes, Stack size 0 bytes, gd32f3x0_i2c.o(i.i2c_master_addressing))
<BR><BR>[Called By]<UL><LI><a href="#[63]">&gt;&gt;</a>&nbsp;&nbsp;&nbsp;i2c_data_write
<LI><a href="#[47]">&gt;&gt;</a>&nbsp;&nbsp;&nbsp;I2C0_EventIRQ_Handler
</UL>

<P><STRONG><a name="[62]"></a>i2c_mode_addr_config</STRONG> (Thumb, 28 bytes, Stack size 12 bytes, gd32f3x0_i2c.o(i.i2c_mode_addr_config))
<BR><BR>[Stack]<UL><LI>Max Depth = 12<LI>Call Chain = i2c_mode_addr_config
</UL>
<BR>[Called By]<UL><LI><a href="#[61]">&gt;&gt;</a>&nbsp;&nbsp;&nbsp;i2c_config
</UL>

<P><STRONG><a name="[66]"></a>i2c_nvic_config</STRONG> (Thumb, 32 bytes, Stack size 8 bytes, main.o(i.i2c_nvic_config))
<BR><BR>[Stack]<UL><LI>Max Depth = 32<LI>Call Chain = i2c_nvic_config &rArr; nvic_irq_enable
</UL>
<BR>[Calls]<UL><LI><a href="#[67]">&gt;&gt;</a>&nbsp;&nbsp;&nbsp;nvic_priority_group_set
<LI><a href="#[59]">&gt;&gt;</a>&nbsp;&nbsp;&nbsp;nvic_irq_enable
</UL>
<BR>[Called By]<UL><LI><a href="#[2c]">&gt;&gt;</a>&nbsp;&nbsp;&nbsp;main
</UL>

<P><STRONG><a name="[45]"></a>i2c_start_on_bus</STRONG> (Thumb, 10 bytes, Stack size 0 bytes, gd32f3x0_i2c.o(i.i2c_start_on_bus))
<BR><BR>[Called By]<UL><LI><a href="#[63]">&gt;&gt;</a>&nbsp;&nbsp;&nbsp;i2c_data_write
<LI><a href="#[47]">&gt;&gt;</a>&nbsp;&nbsp;&nbsp;I2C0_EventIRQ_Handler
<LI><a href="#[11]">&gt;&gt;</a>&nbsp;&nbsp;&nbsp;EXTI4_15_IRQHandler
</UL>

<P><STRONG><a name="[4e]"></a>i2c_stop_on_bus</STRONG> (Thumb, 10 bytes, Stack size 0 bytes, gd32f3x0_i2c.o(i.i2c_stop_on_bus))
<BR><BR>[Called By]<UL><LI><a href="#[63]">&gt;&gt;</a>&nbsp;&nbsp;&nbsp;i2c_data_write
<LI><a href="#[47]">&gt;&gt;</a>&nbsp;&nbsp;&nbsp;I2C0_EventIRQ_Handler
</UL>

<P><STRONG><a name="[68]"></a>irc40k_config</STRONG> (Thumb, 20 bytes, Stack size 8 bytes, main.o(i.irc40k_config))
<BR><BR>[Stack]<UL><LI>Max Depth = 28<LI>Call Chain = irc40k_config &rArr; rcu_osci_stab_wait
</UL>
<BR>[Calls]<UL><LI><a href="#[6a]">&gt;&gt;</a>&nbsp;&nbsp;&nbsp;rcu_osci_stab_wait
<LI><a href="#[69]">&gt;&gt;</a>&nbsp;&nbsp;&nbsp;rcu_osci_on
</UL>
<BR>[Called By]<UL><LI><a href="#[2c]">&gt;&gt;</a>&nbsp;&nbsp;&nbsp;main
</UL>

<P><STRONG><a name="[2c]"></a>main</STRONG> (Thumb, 176 bytes, Stack size 0 bytes, main.o(i.main))
<BR><BR>[Stack]<UL><LI>Max Depth = 176<LI>Call Chain = main &rArr; sc7a20_manage &rArr; __aeabi_dsub &rArr; __aeabi_dadd &rArr; _double_epilogue &rArr; _double_round
</UL>
<BR>[Calls]<UL><LI><a href="#[71]">&gt;&gt;</a>&nbsp;&nbsp;&nbsp;timer_channel_output_pulse_value_config
<LI><a href="#[6e]">&gt;&gt;</a>&nbsp;&nbsp;&nbsp;systick_config
<LI><a href="#[6f]">&gt;&gt;</a>&nbsp;&nbsp;&nbsp;rcu_flag_get
<LI><a href="#[70]">&gt;&gt;</a>&nbsp;&nbsp;&nbsp;rcu_all_reset_flag_clear
<LI><a href="#[56]">&gt;&gt;</a>&nbsp;&nbsp;&nbsp;gd_eval_INT_init
<LI><a href="#[72]">&gt;&gt;</a>&nbsp;&nbsp;&nbsp;delay_1ms
<LI><a href="#[6d]">&gt;&gt;</a>&nbsp;&nbsp;&nbsp;timer_configuration
<LI><a href="#[73]">&gt;&gt;</a>&nbsp;&nbsp;&nbsp;sc7a20_manage
<LI><a href="#[6c]">&gt;&gt;</a>&nbsp;&nbsp;&nbsp;sc7a20_Init
<LI><a href="#[6b]">&gt;&gt;</a>&nbsp;&nbsp;&nbsp;rcu_config
<LI><a href="#[68]">&gt;&gt;</a>&nbsp;&nbsp;&nbsp;irc40k_config
<LI><a href="#[66]">&gt;&gt;</a>&nbsp;&nbsp;&nbsp;i2c_nvic_config
<LI><a href="#[61]">&gt;&gt;</a>&nbsp;&nbsp;&nbsp;i2c_config
<LI><a href="#[5c]">&gt;&gt;</a>&nbsp;&nbsp;&nbsp;gpio_configuration
<LI><a href="#[54]">&gt;&gt;</a>&nbsp;&nbsp;&nbsp;timer_disable
</UL>
<BR>[Address Reference Count : 1]<UL><LI> entry9a.o(.ARM.Collect$$$$0000000B)
</UL>
<P><STRONG><a name="[59]"></a>nvic_irq_enable</STRONG> (Thumb, 162 bytes, Stack size 24 bytes, gd32f3x0_misc.o(i.nvic_irq_enable))
<BR><BR>[Stack]<UL><LI>Max Depth = 24<LI>Call Chain = nvic_irq_enable
</UL>
<BR>[Calls]<UL><LI><a href="#[67]">&gt;&gt;</a>&nbsp;&nbsp;&nbsp;nvic_priority_group_set
</UL>
<BR>[Called By]<UL><LI><a href="#[56]">&gt;&gt;</a>&nbsp;&nbsp;&nbsp;gd_eval_INT_init
<LI><a href="#[6d]">&gt;&gt;</a>&nbsp;&nbsp;&nbsp;timer_configuration
<LI><a href="#[66]">&gt;&gt;</a>&nbsp;&nbsp;&nbsp;i2c_nvic_config
</UL>

<P><STRONG><a name="[67]"></a>nvic_priority_group_set</STRONG> (Thumb, 10 bytes, Stack size 0 bytes, gd32f3x0_misc.o(i.nvic_priority_group_set))
<BR><BR>[Called By]<UL><LI><a href="#[59]">&gt;&gt;</a>&nbsp;&nbsp;&nbsp;nvic_irq_enable
<LI><a href="#[66]">&gt;&gt;</a>&nbsp;&nbsp;&nbsp;i2c_nvic_config
</UL>

<P><STRONG><a name="[52]"></a>nvic_vector_table_set</STRONG> (Thumb, 16 bytes, Stack size 0 bytes, gd32f3x0_misc.o(i.nvic_vector_table_set))
<BR><BR>[Called By]<UL><LI><a href="#[2d]">&gt;&gt;</a>&nbsp;&nbsp;&nbsp;SystemInit
</UL>

<P><STRONG><a name="[70]"></a>rcu_all_reset_flag_clear</STRONG> (Thumb, 14 bytes, Stack size 0 bytes, gd32f3x0_rcu.o(i.rcu_all_reset_flag_clear))
<BR><BR>[Called By]<UL><LI><a href="#[2c]">&gt;&gt;</a>&nbsp;&nbsp;&nbsp;main
</UL>

<P><STRONG><a name="[60]"></a>rcu_clock_freq_get</STRONG> (Thumb, 628 bytes, Stack size 108 bytes, gd32f3x0_rcu.o(i.rcu_clock_freq_get))
<BR><BR>[Stack]<UL><LI>Max Depth = 108<LI>Call Chain = rcu_clock_freq_get
</UL>
<BR>[Called By]<UL><LI><a href="#[5f]">&gt;&gt;</a>&nbsp;&nbsp;&nbsp;i2c_clock_config
</UL>

<P><STRONG><a name="[6b]"></a>rcu_config</STRONG> (Thumb, 20 bytes, Stack size 8 bytes, main.o(i.rcu_config))
<BR><BR>[Stack]<UL><LI>Max Depth = 8<LI>Call Chain = rcu_config
</UL>
<BR>[Calls]<UL><LI><a href="#[57]">&gt;&gt;</a>&nbsp;&nbsp;&nbsp;rcu_periph_clock_enable
</UL>
<BR>[Called By]<UL><LI><a href="#[2c]">&gt;&gt;</a>&nbsp;&nbsp;&nbsp;main
</UL>

<P><STRONG><a name="[6f]"></a>rcu_flag_get</STRONG> (Thumb, 30 bytes, Stack size 0 bytes, gd32f3x0_rcu.o(i.rcu_flag_get))
<BR><BR>[Called By]<UL><LI><a href="#[6a]">&gt;&gt;</a>&nbsp;&nbsp;&nbsp;rcu_osci_stab_wait
<LI><a href="#[2c]">&gt;&gt;</a>&nbsp;&nbsp;&nbsp;main
</UL>

<P><STRONG><a name="[69]"></a>rcu_osci_on</STRONG> (Thumb, 28 bytes, Stack size 0 bytes, gd32f3x0_rcu.o(i.rcu_osci_on))
<BR><BR>[Called By]<UL><LI><a href="#[68]">&gt;&gt;</a>&nbsp;&nbsp;&nbsp;irc40k_config
</UL>

<P><STRONG><a name="[6a]"></a>rcu_osci_stab_wait</STRONG> (Thumb, 308 bytes, Stack size 20 bytes, gd32f3x0_rcu.o(i.rcu_osci_stab_wait))
<BR><BR>[Stack]<UL><LI>Max Depth = 20<LI>Call Chain = rcu_osci_stab_wait
</UL>
<BR>[Calls]<UL><LI><a href="#[6f]">&gt;&gt;</a>&nbsp;&nbsp;&nbsp;rcu_flag_get
</UL>
<BR>[Called By]<UL><LI><a href="#[68]">&gt;&gt;</a>&nbsp;&nbsp;&nbsp;irc40k_config
</UL>

<P><STRONG><a name="[57]"></a>rcu_periph_clock_enable</STRONG> (Thumb, 28 bytes, Stack size 0 bytes, gd32f3x0_rcu.o(i.rcu_periph_clock_enable))
<BR><BR>[Called By]<UL><LI><a href="#[56]">&gt;&gt;</a>&nbsp;&nbsp;&nbsp;gd_eval_INT_init
<LI><a href="#[6d]">&gt;&gt;</a>&nbsp;&nbsp;&nbsp;timer_configuration
<LI><a href="#[6b]">&gt;&gt;</a>&nbsp;&nbsp;&nbsp;rcu_config
</UL>

<P><STRONG><a name="[83]"></a>rcu_periph_reset_disable</STRONG> (Thumb, 28 bytes, Stack size 0 bytes, gd32f3x0_rcu.o(i.rcu_periph_reset_disable))
<BR><BR>[Called By]<UL><LI><a href="#[7a]">&gt;&gt;</a>&nbsp;&nbsp;&nbsp;timer_deinit
</UL>

<P><STRONG><a name="[82]"></a>rcu_periph_reset_enable</STRONG> (Thumb, 28 bytes, Stack size 0 bytes, gd32f3x0_rcu.o(i.rcu_periph_reset_enable))
<BR><BR>[Called By]<UL><LI><a href="#[7a]">&gt;&gt;</a>&nbsp;&nbsp;&nbsp;timer_deinit
</UL>

<P><STRONG><a name="[6c]"></a>sc7a20_Init</STRONG> (Thumb, 116 bytes, Stack size 8 bytes, main.o(i.sc7a20_Init))
<BR><BR>[Stack]<UL><LI>Max Depth = 32<LI>Call Chain = sc7a20_Init &rArr; i2c_data_write &rArr; i2c_flag_clear
</UL>
<BR>[Calls]<UL><LI><a href="#[65]">&gt;&gt;</a>&nbsp;&nbsp;&nbsp;fwdgt_counter_reload
<LI><a href="#[63]">&gt;&gt;</a>&nbsp;&nbsp;&nbsp;i2c_data_write
</UL>
<BR>[Called By]<UL><LI><a href="#[2c]">&gt;&gt;</a>&nbsp;&nbsp;&nbsp;main
</UL>

<P><STRONG><a name="[73]"></a>sc7a20_manage</STRONG> (Thumb, 412 bytes, Stack size 88 bytes, main.o(i.sc7a20_manage))
<BR><BR>[Stack]<UL><LI>Max Depth = 176<LI>Call Chain = sc7a20_manage &rArr; __aeabi_dsub &rArr; __aeabi_dadd &rArr; _double_epilogue &rArr; _double_round
</UL>
<BR>[Calls]<UL><LI><a href="#[76]">&gt;&gt;</a>&nbsp;&nbsp;&nbsp;timer_enable
<LI><a href="#[71]">&gt;&gt;</a>&nbsp;&nbsp;&nbsp;timer_channel_output_pulse_value_config
<LI><a href="#[65]">&gt;&gt;</a>&nbsp;&nbsp;&nbsp;fwdgt_counter_reload
<LI><a href="#[39]">&gt;&gt;</a>&nbsp;&nbsp;&nbsp;__aeabi_i2f
<LI><a href="#[74]">&gt;&gt;</a>&nbsp;&nbsp;&nbsp;__aeabi_f2d
<LI><a href="#[36]">&gt;&gt;</a>&nbsp;&nbsp;&nbsp;__aeabi_dsub
<LI><a href="#[38]">&gt;&gt;</a>&nbsp;&nbsp;&nbsp;__aeabi_dmul
<LI><a href="#[31]">&gt;&gt;</a>&nbsp;&nbsp;&nbsp;__aeabi_dadd
<LI><a href="#[3b]">&gt;&gt;</a>&nbsp;&nbsp;&nbsp;__aeabi_d2f
<LI><a href="#[75]">&gt;&gt;</a>&nbsp;&nbsp;&nbsp;__aeabi_cfrcmple
<LI><a href="#[77]">&gt;&gt;</a>&nbsp;&nbsp;&nbsp;__aeabi_cfcmple
<LI><a href="#[54]">&gt;&gt;</a>&nbsp;&nbsp;&nbsp;timer_disable
</UL>
<BR>[Called By]<UL><LI><a href="#[2c]">&gt;&gt;</a>&nbsp;&nbsp;&nbsp;main
</UL>

<P><STRONG><a name="[5a]"></a>syscfg_exti_line_config</STRONG> (Thumb, 154 bytes, Stack size 16 bytes, gd32f3x0_syscfg.o(i.syscfg_exti_line_config))
<BR><BR>[Stack]<UL><LI>Max Depth = 16<LI>Call Chain = syscfg_exti_line_config
</UL>
<BR>[Called By]<UL><LI><a href="#[56]">&gt;&gt;</a>&nbsp;&nbsp;&nbsp;gd_eval_INT_init
</UL>

<P><STRONG><a name="[6e]"></a>systick_config</STRONG> (Thumb, 74 bytes, Stack size 8 bytes, systick.o(i.systick_config))
<BR><BR>[Stack]<UL><LI>Max Depth = 16<LI>Call Chain = systick_config &rArr; NVIC_SetPriority
</UL>
<BR>[Calls]<UL><LI><a href="#[79]">&gt;&gt;</a>&nbsp;&nbsp;&nbsp;NVIC_SetPriority
</UL>
<BR>[Called By]<UL><LI><a href="#[2c]">&gt;&gt;</a>&nbsp;&nbsp;&nbsp;main
</UL>

<P><STRONG><a name="[80]"></a>timer_auto_reload_shadow_enable</STRONG> (Thumb, 10 bytes, Stack size 0 bytes, gd32f3x0_timer.o(i.timer_auto_reload_shadow_enable))
<BR><BR>[Called By]<UL><LI><a href="#[6d]">&gt;&gt;</a>&nbsp;&nbsp;&nbsp;timer_configuration
</UL>

<P><STRONG><a name="[7c]"></a>timer_channel_output_config</STRONG> (Thumb, 502 bytes, Stack size 8 bytes, gd32f3x0_timer.o(i.timer_channel_output_config))
<BR><BR>[Stack]<UL><LI>Max Depth = 8<LI>Call Chain = timer_channel_output_config
</UL>
<BR>[Called By]<UL><LI><a href="#[6d]">&gt;&gt;</a>&nbsp;&nbsp;&nbsp;timer_configuration
</UL>

<P><STRONG><a name="[7d]"></a>timer_channel_output_mode_config</STRONG> (Thumb, 90 bytes, Stack size 0 bytes, gd32f3x0_timer.o(i.timer_channel_output_mode_config))
<BR><BR>[Called By]<UL><LI><a href="#[6d]">&gt;&gt;</a>&nbsp;&nbsp;&nbsp;timer_configuration
</UL>

<P><STRONG><a name="[71]"></a>timer_channel_output_pulse_value_config</STRONG> (Thumb, 38 bytes, Stack size 0 bytes, gd32f3x0_timer.o(i.timer_channel_output_pulse_value_config))
<BR><BR>[Called By]<UL><LI><a href="#[6d]">&gt;&gt;</a>&nbsp;&nbsp;&nbsp;timer_configuration
<LI><a href="#[73]">&gt;&gt;</a>&nbsp;&nbsp;&nbsp;sc7a20_manage
<LI><a href="#[2c]">&gt;&gt;</a>&nbsp;&nbsp;&nbsp;main
</UL>

<P><STRONG><a name="[7e]"></a>timer_channel_output_shadow_config</STRONG> (Thumb, 90 bytes, Stack size 0 bytes, gd32f3x0_timer.o(i.timer_channel_output_shadow_config))
<BR><BR>[Called By]<UL><LI><a href="#[6d]">&gt;&gt;</a>&nbsp;&nbsp;&nbsp;timer_configuration
</UL>

<P><STRONG><a name="[6d]"></a>timer_configuration</STRONG> (Thumb, 362 bytes, Stack size 40 bytes, main.o(i.timer_configuration))
<BR><BR>[Stack]<UL><LI>Max Depth = 64<LI>Call Chain = timer_configuration &rArr; nvic_irq_enable
</UL>
<BR>[Calls]<UL><LI><a href="#[7f]">&gt;&gt;</a>&nbsp;&nbsp;&nbsp;timer_primary_output_config
<LI><a href="#[81]">&gt;&gt;</a>&nbsp;&nbsp;&nbsp;timer_interrupt_enable
<LI><a href="#[7b]">&gt;&gt;</a>&nbsp;&nbsp;&nbsp;timer_init
<LI><a href="#[76]">&gt;&gt;</a>&nbsp;&nbsp;&nbsp;timer_enable
<LI><a href="#[7a]">&gt;&gt;</a>&nbsp;&nbsp;&nbsp;timer_deinit
<LI><a href="#[7e]">&gt;&gt;</a>&nbsp;&nbsp;&nbsp;timer_channel_output_shadow_config
<LI><a href="#[71]">&gt;&gt;</a>&nbsp;&nbsp;&nbsp;timer_channel_output_pulse_value_config
<LI><a href="#[7d]">&gt;&gt;</a>&nbsp;&nbsp;&nbsp;timer_channel_output_mode_config
<LI><a href="#[7c]">&gt;&gt;</a>&nbsp;&nbsp;&nbsp;timer_channel_output_config
<LI><a href="#[80]">&gt;&gt;</a>&nbsp;&nbsp;&nbsp;timer_auto_reload_shadow_enable
<LI><a href="#[57]">&gt;&gt;</a>&nbsp;&nbsp;&nbsp;rcu_periph_clock_enable
<LI><a href="#[59]">&gt;&gt;</a>&nbsp;&nbsp;&nbsp;nvic_irq_enable
</UL>
<BR>[Called By]<UL><LI><a href="#[2c]">&gt;&gt;</a>&nbsp;&nbsp;&nbsp;main
</UL>

<P><STRONG><a name="[7a]"></a>timer_deinit</STRONG> (Thumb, 186 bytes, Stack size 8 bytes, gd32f3x0_timer.o(i.timer_deinit))
<BR><BR>[Stack]<UL><LI>Max Depth = 8<LI>Call Chain = timer_deinit
</UL>
<BR>[Calls]<UL><LI><a href="#[82]">&gt;&gt;</a>&nbsp;&nbsp;&nbsp;rcu_periph_reset_enable
<LI><a href="#[83]">&gt;&gt;</a>&nbsp;&nbsp;&nbsp;rcu_periph_reset_disable
</UL>
<BR>[Called By]<UL><LI><a href="#[6d]">&gt;&gt;</a>&nbsp;&nbsp;&nbsp;timer_configuration
</UL>

<P><STRONG><a name="[54]"></a>timer_disable</STRONG> (Thumb, 10 bytes, Stack size 0 bytes, gd32f3x0_timer.o(i.timer_disable))
<BR><BR>[Called By]<UL><LI><a href="#[73]">&gt;&gt;</a>&nbsp;&nbsp;&nbsp;sc7a20_manage
<LI><a href="#[2c]">&gt;&gt;</a>&nbsp;&nbsp;&nbsp;main
<LI><a href="#[19]">&gt;&gt;</a>&nbsp;&nbsp;&nbsp;TIMER1_IRQHandler
</UL>

<P><STRONG><a name="[76]"></a>timer_enable</STRONG> (Thumb, 10 bytes, Stack size 0 bytes, gd32f3x0_timer.o(i.timer_enable))
<BR><BR>[Called By]<UL><LI><a href="#[6d]">&gt;&gt;</a>&nbsp;&nbsp;&nbsp;timer_configuration
<LI><a href="#[73]">&gt;&gt;</a>&nbsp;&nbsp;&nbsp;sc7a20_manage
</UL>

<P><STRONG><a name="[7b]"></a>timer_init</STRONG> (Thumb, 146 bytes, Stack size 0 bytes, gd32f3x0_timer.o(i.timer_init))
<BR><BR>[Called By]<UL><LI><a href="#[6d]">&gt;&gt;</a>&nbsp;&nbsp;&nbsp;timer_configuration
</UL>

<P><STRONG><a name="[81]"></a>timer_interrupt_enable</STRONG> (Thumb, 8 bytes, Stack size 0 bytes, gd32f3x0_timer.o(i.timer_interrupt_enable))
<BR><BR>[Called By]<UL><LI><a href="#[6d]">&gt;&gt;</a>&nbsp;&nbsp;&nbsp;timer_configuration
</UL>

<P><STRONG><a name="[55]"></a>timer_interrupt_flag_clear</STRONG> (Thumb, 6 bytes, Stack size 0 bytes, gd32f3x0_timer.o(i.timer_interrupt_flag_clear))
<BR><BR>[Called By]<UL><LI><a href="#[19]">&gt;&gt;</a>&nbsp;&nbsp;&nbsp;TIMER1_IRQHandler
</UL>

<P><STRONG><a name="[53]"></a>timer_interrupt_flag_get</STRONG> (Thumb, 24 bytes, Stack size 0 bytes, gd32f3x0_timer.o(i.timer_interrupt_flag_get))
<BR><BR>[Called By]<UL><LI><a href="#[19]">&gt;&gt;</a>&nbsp;&nbsp;&nbsp;TIMER1_IRQHandler
</UL>

<P><STRONG><a name="[7f]"></a>timer_primary_output_config</STRONG> (Thumb, 24 bytes, Stack size 0 bytes, gd32f3x0_timer.o(i.timer_primary_output_config))
<BR><BR>[Called By]<UL><LI><a href="#[6d]">&gt;&gt;</a>&nbsp;&nbsp;&nbsp;timer_configuration
</UL>
<P>
<H3>
Local Symbols
</H3>
<P><STRONG><a name="[79]"></a>NVIC_SetPriority</STRONG> (Thumb, 32 bytes, Stack size 8 bytes, systick.o(i.NVIC_SetPriority))
<BR><BR>[Stack]<UL><LI>Max Depth = 8<LI>Call Chain = NVIC_SetPriority
</UL>
<BR>[Called By]<UL><LI><a href="#[6e]">&gt;&gt;</a>&nbsp;&nbsp;&nbsp;systick_config
</UL>

<P><STRONG><a name="[78]"></a>system_clock_72m_hxtal</STRONG> (Thumb, 186 bytes, Stack size 0 bytes, system_gd32f3x0.o(i.system_clock_72m_hxtal))
<BR><BR>[Called By]<UL><LI><a href="#[51]">&gt;&gt;</a>&nbsp;&nbsp;&nbsp;system_clock_config
</UL>

<P><STRONG><a name="[51]"></a>system_clock_config</STRONG> (Thumb, 8 bytes, Stack size 8 bytes, system_gd32f3x0.o(i.system_clock_config))
<BR><BR>[Stack]<UL><LI>Max Depth = 8<LI>Call Chain = system_clock_config
</UL>
<BR>[Calls]<UL><LI><a href="#[78]">&gt;&gt;</a>&nbsp;&nbsp;&nbsp;system_clock_72m_hxtal
</UL>
<BR>[Called By]<UL><LI><a href="#[2d]">&gt;&gt;</a>&nbsp;&nbsp;&nbsp;SystemInit
</UL>
<P>
<H3>
Undefined Global Symbols
</H3><HR></body></html>
