<html>
<body>
<pre>
<h1>µVision Build Log</h1>
<h2>Tool Versions:</h2>
IDE-Version: ¦ÌVision V5.34.0.0
Copyright (C) 2021 ARM Ltd and ARM Germany GmbH. All rights reserved.
License Information: Barry Barry, Barry, LIC=Z3C6R-K44HQ-YD7K5-GB6SN-DMA3M-RA99U
 
Tool Versions:
Toolchain:       MDK-ARM Professional  Version: 5.34.0.0
Toolchain Path:  C:\Keil_v5\ARM\ARMCC\Bin
C Compiler:      Armcc.exe V5.06 update 7 (build 960)
Assembler:       Armasm.exe V5.06 update 7 (build 960)
Linker/Locator:  ArmLink.exe V5.06 update 7 (build 960)
Library Manager: ArmAr.exe V5.06 update 7 (build 960)
Hex Converter:   FromElf.exe V5.06 update 7 (build 960)
CPU DLL:         SARMCM3.DLL V5.34.0.0
Dialog DLL:      DCM.DLL V1.17.3.0
Target DLL:      CMSIS_AGDI.dll V1.32.13.0
Dialog DLL:      TCM.DLL V1.48.0.0
 
<h2>Project:</h2>
C:\Users\dellL\Desktop\Èí¼þ\GD32F310F8P6\GD32F3x0_Firmware_Library_V2.2.1\Template\Keil_project\Project.uvproj
Project File Date:  11/12/2022

<h2>Output:</h2>
*** Using Compiler 'V5.06 update 7 (build 960)', folder: 'C:\Keil_v5\ARM\ARMCC\Bin'
Rebuild target 'GD32F310'
compiling gd32f3x0_cec.c...
compiling gd32f3x0_dac.c...
compiling gd32f3x0_it.c...
compiling gd32f3x0_cmp.c...
compiling gd32f3x0_fwdgt.c...
compiling gd32f3x0_crc.c...
compiling gd32f3x0_dbg.c...
compiling gd32f3x0_ctc.c...
compiling gd32f3x0_fmc.c...
compiling gd32f3x0_exti.c...
compiling gd32f3x0_dma.c...
compiling systick.c...
compiling system_gd32f3x0.c...
compiling main.c...
compiling gd32f3x0_gpio.c...
compiling gd32f3x0_adc.c...
compiling gd32f3x0_i2c.c...
assembling startup_gd32f3x0.s...
compiling gd32f3x0_misc.c...
compiling gd32f3x0_pmu.c...
compiling gd32f3x0_syscfg.c...
compiling gd32f3x0_spi.c...
compiling gd32f3x0_wwdgt.c...
compiling I2C0_IE.c...
compiling gd32f3x0_rtc.c...
compiling gd32f350r_eval.c...
compiling gd32f3x0_tsi.c...
compiling gd32f3x0_rcu.c...
compiling gd32f3x0_usart.c...
compiling gd32f3x0_timer.c...
linking...
Program Size: Code=8684 RO-data=368 RW-data=144 ZI-data=1024  
FromELF: creating hex file...
".\output\Project.axf" - 0 Error(s), 0 Warning(s).
Build Time Elapsed:  00:00:01
</pre>
</body>
</html>
