Component: ARM Compiler 5.06 update 7 (build 960) Tool: armlink [4d3601]

==============================================================================

Section Cross References

    gd32f3x0_it.o(i.EXTI4_15_IRQHandler) refers to gd32f3x0_exti.o(i.exti_interrupt_flag_get) for exti_interrupt_flag_get
    gd32f3x0_it.o(i.EXTI4_15_IRQHandler) refers to gd32f3x0_exti.o(i.exti_interrupt_flag_clear) for exti_interrupt_flag_clear
    gd32f3x0_it.o(i.EXTI4_15_IRQHandler) refers to gd32f3x0_i2c.o(i.i2c_enable) for i2c_enable
    gd32f3x0_it.o(i.EXTI4_15_IRQHandler) refers to gd32f3x0_i2c.o(i.i2c_ack_config) for i2c_ack_config
    gd32f3x0_it.o(i.EXTI4_15_IRQHandler) refers to gd32f3x0_i2c.o(i.i2c_interrupt_enable) for i2c_interrupt_enable
    gd32f3x0_it.o(i.EXTI4_15_IRQHandler) refers to gd32f3x0_i2c.o(i.i2c_flag_get) for i2c_flag_get
    gd32f3x0_it.o(i.EXTI4_15_IRQHandler) refers to gd32f3x0_i2c.o(i.i2c_start_on_bus) for i2c_start_on_bus
    gd32f3x0_it.o(i.EXTI4_15_IRQHandler) refers to main.o(.data) for i2c_buffer_receiver
    gd32f3x0_it.o(i.EXTI4_15_IRQHandler) refers to i2c0_ie.o(.data) for R_W
    gd32f3x0_it.o(i.I2C0_ER_IRQHandler) refers to i2c0_ie.o(i.I2C0_ErrorIRQ_Handler) for I2C0_ErrorIRQ_Handler
    gd32f3x0_it.o(i.I2C0_EV_IRQHandler) refers to i2c0_ie.o(i.I2C0_EventIRQ_Handler) for I2C0_EventIRQ_Handler
    gd32f3x0_it.o(i.SysTick_Handler) refers to systick.o(i.delay_decrement) for delay_decrement
    gd32f3x0_it.o(i.TIMER1_IRQHandler) refers to gd32f3x0_timer.o(i.timer_interrupt_flag_get) for timer_interrupt_flag_get
    gd32f3x0_it.o(i.TIMER1_IRQHandler) refers to gd32f3x0_timer.o(i.timer_disable) for timer_disable
    gd32f3x0_it.o(i.TIMER1_IRQHandler) refers to gd32f3x0_timer.o(i.timer_interrupt_flag_clear) for timer_interrupt_flag_clear
    gd32f3x0_it.o(i.TIMER1_IRQHandler) refers to gd32f3x0_it.o(.data) for timer
    main.o(i.fputc) refers to gd32f3x0_usart.o(i.usart_data_transmit) for usart_data_transmit
    main.o(i.fputc) refers to gd32f3x0_usart.o(i.usart_flag_get) for usart_flag_get
    main.o(i.gpio_configuration) refers to gd32f3x0_gpio.o(i.gpio_mode_set) for gpio_mode_set
    main.o(i.gpio_configuration) refers to gd32f3x0_gpio.o(i.gpio_output_options_set) for gpio_output_options_set
    main.o(i.gpio_configuration) refers to gd32f3x0_gpio.o(i.gpio_af_set) for gpio_af_set
    main.o(i.i2c_config) refers to gd32f3x0_i2c.o(i.i2c_clock_config) for i2c_clock_config
    main.o(i.i2c_config) refers to gd32f3x0_i2c.o(i.i2c_mode_addr_config) for i2c_mode_addr_config
    main.o(i.i2c_config) refers to gd32f3x0_i2c.o(i.i2c_enable) for i2c_enable
    main.o(i.i2c_config) refers to gd32f3x0_i2c.o(i.i2c_ack_config) for i2c_ack_config
    main.o(i.i2c_data_write) refers to gd32f3x0_i2c.o(i.i2c_flag_get) for i2c_flag_get
    main.o(i.i2c_data_write) refers to gd32f3x0_i2c.o(i.i2c_start_on_bus) for i2c_start_on_bus
    main.o(i.i2c_data_write) refers to gd32f3x0_i2c.o(i.i2c_master_addressing) for i2c_master_addressing
    main.o(i.i2c_data_write) refers to gd32f3x0_i2c.o(i.i2c_flag_clear) for i2c_flag_clear
    main.o(i.i2c_data_write) refers to gd32f3x0_i2c.o(i.i2c_data_transmit) for i2c_data_transmit
    main.o(i.i2c_data_write) refers to gd32f3x0_i2c.o(i.i2c_stop_on_bus) for i2c_stop_on_bus
    main.o(i.i2c_data_write) refers to gd32f3x0_fwdgt.o(i.fwdgt_counter_reload) for fwdgt_counter_reload
    main.o(i.i2c_nvic_config) refers to gd32f3x0_misc.o(i.nvic_priority_group_set) for nvic_priority_group_set
    main.o(i.i2c_nvic_config) refers to gd32f3x0_misc.o(i.nvic_irq_enable) for nvic_irq_enable
    main.o(i.irc40k_config) refers to gd32f3x0_rcu.o(i.rcu_osci_on) for rcu_osci_on
    main.o(i.irc40k_config) refers to gd32f3x0_rcu.o(i.rcu_osci_stab_wait) for rcu_osci_stab_wait
    main.o(i.main) refers to main.o(i.rcu_config) for rcu_config
    main.o(i.main) refers to main.o(i.gpio_configuration) for gpio_configuration
    main.o(i.main) refers to main.o(i.i2c_nvic_config) for i2c_nvic_config
    main.o(i.main) refers to main.o(i.i2c_config) for i2c_config
    main.o(i.main) refers to main.o(i.irc40k_config) for irc40k_config
    main.o(i.main) refers to main.o(i.sc7a20_Init) for sc7a20_Init
    main.o(i.main) refers to main.o(i.timer_configuration) for timer_configuration
    main.o(i.main) refers to systick.o(i.systick_config) for systick_config
    main.o(i.main) refers to gd32f350r_eval.o(i.gd_eval_INT_init) for gd_eval_INT_init
    main.o(i.main) refers to gd32f3x0_rcu.o(i.rcu_flag_get) for rcu_flag_get
    main.o(i.main) refers to gd32f3x0_rcu.o(i.rcu_all_reset_flag_clear) for rcu_all_reset_flag_clear
    main.o(i.main) refers to gd32f3x0_timer.o(i.timer_channel_output_pulse_value_config) for timer_channel_output_pulse_value_config
    main.o(i.main) refers to systick.o(i.delay_1ms) for delay_1ms
    main.o(i.main) refers to gd32f3x0_timer.o(i.timer_disable) for timer_disable
[...]
    Removing gd32f3x0_ctc.o(i.ctc_refsource_prescaler_config), (28 bytes).
    Removing gd32f3x0_ctc.o(i.ctc_refsource_signal_select), (28 bytes).
    Removing gd32f3x0_ctc.o(i.ctc_software_refsource_pulse_generate), (20 bytes).
    Removing gd32f3x0_dbg.o(.rev16_text), (4 bytes).
    Removing gd32f3x0_dbg.o(.revsh_text), (4 bytes).
    Removing gd32f3x0_dbg.o(i.dbg_deinit), (16 bytes).
    Removing gd32f3x0_dbg.o(i.dbg_id_get), (12 bytes).
    Removing gd32f3x0_dbg.o(i.dbg_low_power_disable), (16 bytes).
    Removing gd32f3x0_dbg.o(i.dbg_low_power_enable), (16 bytes).
    Removing gd32f3x0_dbg.o(i.dbg_periph_disable), (32 bytes).
    Removing gd32f3x0_dbg.o(i.dbg_periph_enable), (32 bytes).
    Removing gd32f3x0_dma.o(.rev16_text), (4 bytes).
    Removing gd32f3x0_dma.o(.revsh_text), (4 bytes).
    Removing gd32f3x0_dma.o(i.dma_channel_disable), (36 bytes).
    Removing gd32f3x0_dma.o(i.dma_channel_enable), (36 bytes).
    Removing gd32f3x0_dma.o(i.dma_circulation_disable), (36 bytes).
    Removing gd32f3x0_dma.o(i.dma_circulation_enable), (36 bytes).
    Removing gd32f3x0_dma.o(i.dma_deinit), (92 bytes).
    Removing gd32f3x0_dma.o(i.dma_flag_clear), (24 bytes).
    Removing gd32f3x0_dma.o(i.dma_flag_get), (32 bytes).
    Removing gd32f3x0_dma.o(i.dma_init), (284 bytes).
    Removing gd32f3x0_dma.o(i.dma_interrupt_disable), (36 bytes).
    Removing gd32f3x0_dma.o(i.dma_interrupt_enable), (36 bytes).
    Removing gd32f3x0_dma.o(i.dma_interrupt_flag_clear), (24 bytes).
    Removing gd32f3x0_dma.o(i.dma_interrupt_flag_get), (140 bytes).
    Removing gd32f3x0_dma.o(i.dma_memory_address_config), (20 bytes).
    Removing gd32f3x0_dma.o(i.dma_memory_increase_disable), (36 bytes).
    Removing gd32f3x0_dma.o(i.dma_memory_increase_enable), (36 bytes).
    Removing gd32f3x0_dma.o(i.dma_memory_to_memory_disable), (36 bytes).
    Removing gd32f3x0_dma.o(i.dma_memory_to_memory_enable), (36 bytes).
    Removing gd32f3x0_dma.o(i.dma_memory_width_config), (40 bytes).
    Removing gd32f3x0_dma.o(i.dma_periph_address_config), (20 bytes).
    Removing gd32f3x0_dma.o(i.dma_periph_increase_disable), (36 bytes).
    Removing gd32f3x0_dma.o(i.dma_periph_increase_enable), (36 bytes).
    Removing gd32f3x0_dma.o(i.dma_periph_width_config), (40 bytes).
    Removing gd32f3x0_dma.o(i.dma_priority_config), (40 bytes).
    Removing gd32f3x0_dma.o(i.dma_struct_para_init), (22 bytes).
    Removing gd32f3x0_dma.o(i.dma_transfer_direction_config), (68 bytes).
    Removing gd32f3x0_dma.o(i.dma_transfer_number_config), (24 bytes).
    Removing gd32f3x0_dma.o(i.dma_transfer_number_get), (20 bytes).
    Removing gd32f3x0_exti.o(.rev16_text), (4 bytes).
    Removing gd32f3x0_exti.o(.revsh_text), (4 bytes).
    Removing gd32f3x0_exti.o(i.exti_deinit), (36 bytes).
    Removing gd32f3x0_exti.o(i.exti_event_disable), (16 bytes).
    Removing gd32f3x0_exti.o(i.exti_event_enable), (16 bytes).
    Removing gd32f3x0_exti.o(i.exti_flag_clear), (12 bytes).
    Removing gd32f3x0_exti.o(i.exti_flag_get), (24 bytes).
    Removing gd32f3x0_exti.o(i.exti_interrupt_disable), (16 bytes).
    Removing gd32f3x0_exti.o(i.exti_interrupt_enable), (16 bytes).
    Removing gd32f3x0_exti.o(i.exti_software_interrupt_disable), (16 bytes).
    Removing gd32f3x0_exti.o(i.exti_software_interrupt_enable), (16 bytes).
    Removing gd32f3x0_fmc.o(.rev16_text), (4 bytes).
    Removing gd32f3x0_fmc.o(.revsh_text), (4 bytes).
    Removing gd32f3x0_fmc.o(i.fmc_flag_clear), (12 bytes).
    Removing gd32f3x0_fmc.o(i.fmc_flag_get), (20 bytes).
    Removing gd32f3x0_fmc.o(i.fmc_halfword_program), (64 bytes).
    Removing gd32f3x0_fmc.o(i.fmc_interrupt_disable), (16 bytes).
    Removing gd32f3x0_fmc.o(i.fmc_interrupt_enable), (16 bytes).
    Removing gd32f3x0_fmc.o(i.fmc_interrupt_flag_clear), (12 bytes).
    Removing gd32f3x0_fmc.o(i.fmc_interrupt_flag_get), (20 bytes).
    Removing gd32f3x0_fmc.o(i.fmc_lock), (20 bytes).
    Removing gd32f3x0_fmc.o(i.fmc_mass_erase), (68 bytes).
    Removing gd32f3x0_fmc.o(i.fmc_page_erase), (72 bytes).
    Removing gd32f3x0_fmc.o(i.fmc_ready_wait), (34 bytes).
    Removing gd32f3x0_fmc.o(i.fmc_state_get), (48 bytes).
    Removing gd32f3x0_fmc.o(i.fmc_unlock), (36 bytes).
    Removing gd32f3x0_fmc.o(i.fmc_wait_state_disable), (32 bytes).
    Removing gd32f3x0_fmc.o(i.fmc_wait_state_enable), (32 bytes).
    Removing gd32f3x0_fmc.o(i.fmc_word_program), (64 bytes).
    Removing gd32f3x0_fmc.o(i.fmc_word_reprogram), (96 bytes).
    Removing gd32f3x0_fmc.o(i.fmc_wscnt_set), (24 bytes).
    Removing gd32f3x0_fmc.o(i.ob_data_get), (12 bytes).
    Removing gd32f3x0_fmc.o(i.ob_data_program), (200 bytes).
    Removing gd32f3x0_fmc.o(i.ob_erase), (164 bytes).
    Removing gd32f3x0_fmc.o(i.ob_lock), (20 bytes).
    Removing gd32f3x0_fmc.o(i.ob_obstat_plevel_get), (16 bytes).
    Removing gd32f3x0_fmc.o(i.ob_parm_get), (52 bytes).
    Removing gd32f3x0_fmc.o(i.ob_reset), (20 bytes).
    Removing gd32f3x0_fmc.o(i.ob_security_protection_config), (156 bytes).
    Removing gd32f3x0_fmc.o(i.ob_unlock), (36 bytes).
    Removing gd32f3x0_fmc.o(i.ob_user_get), (16 bytes).
    Removing gd32f3x0_fmc.o(i.ob_user_write), (144 bytes).
    Removing gd32f3x0_fmc.o(i.ob_value_modify), (172 bytes).
    Removing gd32f3x0_fmc.o(i.ob_write_protection_enable), (248 bytes).
    Removing gd32f3x0_fmc.o(i.ob_write_protection_get), (12 bytes).
    Removing gd32f3x0_fwdgt.o(.rev16_text), (4 bytes).
    Removing gd32f3x0_fwdgt.o(.revsh_text), (4 bytes).
    Removing gd32f3x0_fwdgt.o(i.fwdgt_config), (104 bytes).
    Removing gd32f3x0_fwdgt.o(i.fwdgt_enable), (16 bytes).
    Removing gd32f3x0_fwdgt.o(i.fwdgt_flag_get), (24 bytes).
    Removing gd32f3x0_fwdgt.o(i.fwdgt_prescaler_value_config), (60 bytes).
    Removing gd32f3x0_fwdgt.o(i.fwdgt_reload_value_config), (64 bytes).
    Removing gd32f3x0_fwdgt.o(i.fwdgt_window_value_config), (64 bytes).
    Removing gd32f3x0_fwdgt.o(i.fwdgt_write_disable), (12 bytes).
    Removing gd32f3x0_fwdgt.o(i.fwdgt_write_enable), (16 bytes).
    Removing gd32f3x0_gpio.o(.rev16_text), (4 bytes).
    Removing gd32f3x0_gpio.o(.revsh_text), (4 bytes).
    Removing gd32f3x0_gpio.o(i.gpio_bit_reset), (4 bytes).
    Removing gd32f3x0_gpio.o(i.gpio_bit_set), (4 bytes).
    Removing gd32f3x0_gpio.o(i.gpio_bit_toggle), (4 bytes).
    Removing gd32f3x0_gpio.o(i.gpio_bit_write), (10 bytes).
    Removing gd32f3x0_gpio.o(i.gpio_deinit), (148 bytes).
    Removing gd32f3x0_gpio.o(i.gpio_input_bit_get), (16 bytes).
    Removing gd32f3x0_gpio.o(i.gpio_input_port_get), (8 bytes).
    Removing gd32f3x0_gpio.o(i.gpio_output_bit_get), (16 bytes).
    Removing gd32f3x0_gpio.o(i.gpio_output_port_get), (8 bytes).
    Removing gd32f3x0_gpio.o(i.gpio_pin_lock), (18 bytes).
    Removing gd32f3x0_gpio.o(i.gpio_port_toggle), (8 bytes).
    Removing gd32f3x0_gpio.o(i.gpio_port_write), (4 bytes).
    Removing gd32f3x0_i2c.o(.rev16_text), (4 bytes).
    Removing gd32f3x0_i2c.o(.revsh_text), (4 bytes).
    Removing gd32f3x0_i2c.o(i.i2c_deinit), (64 bytes).
    Removing gd32f3x0_i2c.o(i.i2c_disable), (10 bytes).
    Removing gd32f3x0_i2c.o(i.i2c_dma_config), (16 bytes).
    Removing gd32f3x0_i2c.o(i.i2c_dma_last_transfer_config), (16 bytes).
    Removing gd32f3x0_i2c.o(i.i2c_dualaddr_disable), (10 bytes).
    Removing gd32f3x0_i2c.o(i.i2c_dualaddr_enable), (12 bytes).
    Removing gd32f3x0_i2c.o(i.i2c_pec_config), (16 bytes).
    Removing gd32f3x0_i2c.o(i.i2c_pec_transfer_config), (16 bytes).
    Removing gd32f3x0_i2c.o(i.i2c_pec_value_get), (10 bytes).
    Removing gd32f3x0_i2c.o(i.i2c_slave_response_to_gcall_config), (16 bytes).
    Removing gd32f3x0_i2c.o(i.i2c_smbus_alert_config), (16 bytes).
    Removing gd32f3x0_i2c.o(i.i2c_smbus_arp_config), (16 bytes).
    Removing gd32f3x0_i2c.o(i.i2c_smbus_type_config), (24 bytes).
    Removing gd32f3x0_i2c.o(i.i2c_software_reset_config), (16 bytes).
    Removing gd32f3x0_i2c.o(i.i2c_stretch_scl_low_config), (16 bytes).
    Removing gd32f3x0_misc.o(.rev16_text), (4 bytes).
    Removing gd32f3x0_misc.o(.revsh_text), (4 bytes).
    Removing gd32f3x0_misc.o(i.nvic_irq_disable), (24 bytes).
    Removing gd32f3x0_misc.o(i.system_lowpower_reset), (16 bytes).
    Removing gd32f3x0_misc.o(i.system_lowpower_set), (16 bytes).
    Removing gd32f3x0_misc.o(i.systick_clksource_set), (40 bytes).
    Removing gd32f3x0_pmu.o(.rev16_text), (4 bytes).
    Removing gd32f3x0_pmu.o(.revsh_text), (4 bytes).
    Removing gd32f3x0_pmu.o(i.pmu_backup_write_disable), (20 bytes).
    Removing gd32f3x0_pmu.o(i.pmu_backup_write_enable), (20 bytes).
    Removing gd32f3x0_pmu.o(i.pmu_deinit), (20 bytes).
    Removing gd32f3x0_pmu.o(i.pmu_flag_clear), (44 bytes).
    Removing gd32f3x0_pmu.o(i.pmu_flag_get), (20 bytes).
    Removing gd32f3x0_pmu.o(i.pmu_highdriver_mode_disable), (20 bytes).
    Removing gd32f3x0_pmu.o(i.pmu_highdriver_mode_enable), (20 bytes).
    Removing gd32f3x0_pmu.o(i.pmu_highdriver_switch_select), (44 bytes).
    Removing gd32f3x0_pmu.o(i.pmu_ldo_output_select), (28 bytes).
    Removing gd32f3x0_pmu.o(i.pmu_lowdriver_mode_disable), (24 bytes).
    Removing gd32f3x0_pmu.o(i.pmu_lowdriver_mode_enable), (28 bytes).
    Removing gd32f3x0_pmu.o(i.pmu_lowpower_driver_config), (28 bytes).
    Removing gd32f3x0_pmu.o(i.pmu_lvd_disable), (20 bytes).
    Removing gd32f3x0_pmu.o(i.pmu_lvd_select), (48 bytes).
    Removing gd32f3x0_pmu.o(i.pmu_normalpower_driver_config), (28 bytes).
    Removing gd32f3x0_pmu.o(i.pmu_to_deepsleepmode), (244 bytes).
    Removing gd32f3x0_pmu.o(i.pmu_to_sleepmode), (28 bytes).
    Removing gd32f3x0_pmu.o(i.pmu_to_standbymode), (96 bytes).
    Removing gd32f3x0_pmu.o(i.pmu_wakeup_pin_disable), (16 bytes).
    Removing gd32f3x0_pmu.o(i.pmu_wakeup_pin_enable), (16 bytes).
    Removing gd32f3x0_pmu.o(.bss), (16 bytes).
    Removing gd32f3x0_rcu.o(.rev16_text), (4 bytes).
    Removing gd32f3x0_rcu.o(.revsh_text), (4 bytes).
    Removing gd32f3x0_rcu.o(i.rcu_adc_clock_config), (332 bytes).
    Removing gd32f3x0_rcu.o(i.rcu_ahb_clock_config), (28 bytes).
    Removing gd32f3x0_rcu.o(i.rcu_apb1_clock_config), (28 bytes).
    Removing gd32f3x0_rcu.o(i.rcu_apb2_clock_config), (28 bytes).
    Removing gd32f3x0_rcu.o(i.rcu_bkp_reset_disable), (20 bytes).
    Removing gd32f3x0_rcu.o(i.rcu_bkp_reset_enable), (20 bytes).
    Removing gd32f3x0_rcu.o(i.rcu_cec_clock_config), (28 bytes).
    Removing gd32f3x0_rcu.o(i.rcu_ck48m_clock_config), (28 bytes).
    Removing gd32f3x0_rcu.o(i.rcu_ckout_config), (28 bytes).
    Removing gd32f3x0_rcu.o(i.rcu_deepsleep_voltage_set), (36 bytes).
    Removing gd32f3x0_rcu.o(i.rcu_deinit), (176 bytes).
    Removing gd32f3x0_rcu.o(i.rcu_hxtal_clock_monitor_disable), (20 bytes).
    Removing gd32f3x0_rcu.o(i.rcu_hxtal_clock_monitor_enable), (20 bytes).
    Removing gd32f3x0_rcu.o(i.rcu_hxtal_prediv_config), (24 bytes).
    Removing gd32f3x0_rcu.o(i.rcu_interrupt_disable), (32 bytes).
    Removing gd32f3x0_rcu.o(i.rcu_interrupt_enable), (32 bytes).
    Removing gd32f3x0_rcu.o(i.rcu_interrupt_flag_clear), (32 bytes).
    Removing gd32f3x0_rcu.o(i.rcu_interrupt_flag_get), (36 bytes).
    Removing gd32f3x0_rcu.o(i.rcu_irc28m_adjust_value_set), (24 bytes).
    Removing gd32f3x0_rcu.o(i.rcu_irc8m_adjust_value_set), (24 bytes).
    Removing gd32f3x0_rcu.o(i.rcu_lxtal_drive_capability_config), (28 bytes).
    Removing gd32f3x0_rcu.o(i.rcu_osci_bypass_mode_disable), (108 bytes).
    Removing gd32f3x0_rcu.o(i.rcu_osci_bypass_mode_enable), (108 bytes).
    Removing gd32f3x0_rcu.o(i.rcu_osci_off), (32 bytes).
    Removing gd32f3x0_rcu.o(i.rcu_periph_clock_disable), (32 bytes).
    Removing gd32f3x0_rcu.o(i.rcu_periph_clock_sleep_disable), (32 bytes).
    Removing gd32f3x0_rcu.o(i.rcu_periph_clock_sleep_enable), (32 bytes).
    Removing gd32f3x0_rcu.o(i.rcu_pll_config), (64 bytes).
    Removing gd32f3x0_rcu.o(i.rcu_pll_preselection_config), (28 bytes).
    Removing gd32f3x0_rcu.o(i.rcu_rtc_clock_config), (28 bytes).
    Removing gd32f3x0_rcu.o(i.rcu_system_clock_source_config), (28 bytes).
    Removing gd32f3x0_rcu.o(i.rcu_system_clock_source_get), (16 bytes).
    Removing gd32f3x0_rcu.o(i.rcu_usart_clock_config), (28 bytes).
    Removing gd32f3x0_rcu.o(i.rcu_usbfs_clock_config), (56 bytes).
    Removing gd32f3x0_rcu.o(i.rcu_voltage_key_unlock), (40 bytes).
    Removing gd32f3x0_rtc.o(.rev16_text), (4 bytes).
    Removing gd32f3x0_rtc.o(.revsh_text), (4 bytes).
    Removing gd32f3x0_rtc.o(i.rtc_alarm_config), (84 bytes).
    Removing gd32f3x0_rtc.o(i.rtc_alarm_disable), (80 bytes).
    Removing gd32f3x0_rtc.o(i.rtc_alarm_enable), (40 bytes).
    Removing gd32f3x0_rtc.o(i.rtc_alarm_get), (56 bytes).
    Removing gd32f3x0_rtc.o(i.rtc_alarm_subsecond_config), (32 bytes).
    Removing gd32f3x0_rtc.o(i.rtc_alarm_subsecond_get), (16 bytes).
    Removing gd32f3x0_rtc.o(i.rtc_alter_output_config), (76 bytes).
    Removing gd32f3x0_rtc.o(i.rtc_bypass_shadow_disable), (40 bytes).
    Removing gd32f3x0_rtc.o(i.rtc_bypass_shadow_enable), (40 bytes).
    Removing gd32f3x0_rtc.o(i.rtc_calibration_config), (76 bytes).
    Removing gd32f3x0_rtc.o(i.rtc_current_time_get), (100 bytes).
    Removing gd32f3x0_rtc.o(i.rtc_deinit), (128 bytes).
    Removing gd32f3x0_rtc.o(i.rtc_flag_clear), (16 bytes).
    Removing gd32f3x0_rtc.o(i.rtc_flag_get), (20 bytes).
    Removing gd32f3x0_rtc.o(i.rtc_hour_adjust), (36 bytes).
    Removing gd32f3x0_rtc.o(i.rtc_init), (196 bytes).
    Removing gd32f3x0_rtc.o(i.rtc_init_mode_enter), (68 bytes).
    Removing gd32f3x0_rtc.o(i.rtc_init_mode_exit), (20 bytes).
    Removing gd32f3x0_rtc.o(i.rtc_interrupt_disable), (60 bytes).
    Removing gd32f3x0_rtc.o(i.rtc_interrupt_enable), (60 bytes).
    Removing gd32f3x0_rtc.o(i.rtc_refclock_detection_disable), (56 bytes).
    Removing gd32f3x0_rtc.o(i.rtc_refclock_detection_enable), (56 bytes).
    Removing gd32f3x0_rtc.o(i.rtc_register_sync_wait), (96 bytes).
    Removing gd32f3x0_rtc.o(i.rtc_second_adjust), (108 bytes).
    Removing gd32f3x0_rtc.o(i.rtc_subsecond_get), (20 bytes).
    Removing gd32f3x0_rtc.o(i.rtc_tamper_disable), (16 bytes).
    Removing gd32f3x0_rtc.o(i.rtc_tamper_enable), (164 bytes).
    Removing gd32f3x0_rtc.o(i.rtc_timestamp_disable), (40 bytes).
    Removing gd32f3x0_rtc.o(i.rtc_timestamp_enable), (48 bytes).
    Removing gd32f3x0_rtc.o(i.rtc_timestamp_get), (60 bytes).
    Removing gd32f3x0_rtc.o(i.rtc_timestamp_subsecond_get), (12 bytes).
    Removing gd32f3x0_spi.o(.rev16_text), (4 bytes).
    Removing gd32f3x0_spi.o(.revsh_text), (4 bytes).
    Removing gd32f3x0_spi.o(i.i2s_disable), (10 bytes).
    Removing gd32f3x0_spi.o(i.i2s_enable), (10 bytes).
    Removing gd32f3x0_spi.o(i.i2s_init), (28 bytes).
    Removing gd32f3x0_spi.o(i.i2s_psc_config), (164 bytes).
    Removing gd32f3x0_spi.o(i.spi_bidirectional_transfer_config), (26 bytes).
    Removing gd32f3x0_spi.o(i.spi_crc_error_clear), (10 bytes).
    Removing gd32f3x0_spi.o(i.spi_crc_get), (16 bytes).
    Removing gd32f3x0_spi.o(i.spi_crc_next), (10 bytes).
    Removing gd32f3x0_spi.o(i.spi_crc_off), (10 bytes).
    Removing gd32f3x0_spi.o(i.spi_crc_on), (10 bytes).
    Removing gd32f3x0_spi.o(i.spi_crc_polynomial_get), (8 bytes).
    Removing gd32f3x0_spi.o(i.spi_crc_polynomial_set), (12 bytes).
    Removing gd32f3x0_spi.o(i.spi_disable), (10 bytes).
    Removing gd32f3x0_spi.o(i.spi_dma_disable), (22 bytes).
    Removing gd32f3x0_spi.o(i.spi_dma_enable), (22 bytes).
    Removing gd32f3x0_spi.o(i.spi_enable), (10 bytes).
    Removing gd32f3x0_spi.o(i.spi_i2s_data_frame_format_config), (16 bytes).
    Removing gd32f3x0_spi.o(i.spi_i2s_data_receive), (8 bytes).
    Removing gd32f3x0_spi.o(i.spi_i2s_data_transmit), (4 bytes).
    Removing gd32f3x0_spi.o(i.spi_i2s_deinit), (64 bytes).
    Removing gd32f3x0_spi.o(i.spi_i2s_flag_get), (16 bytes).
    Removing gd32f3x0_spi.o(i.spi_i2s_interrupt_disable), (8 bytes).
    Removing gd32f3x0_spi.o(i.spi_i2s_interrupt_enable), (8 bytes).
    Removing gd32f3x0_spi.o(i.spi_i2s_interrupt_flag_get), (112 bytes).
    Removing gd32f3x0_spi.o(i.spi_init), (50 bytes).
    Removing gd32f3x0_spi.o(i.spi_nss_internal_high), (10 bytes).
    Removing gd32f3x0_spi.o(i.spi_nss_internal_low), (10 bytes).
    Removing gd32f3x0_spi.o(i.spi_nss_output_disable), (10 bytes).
    Removing gd32f3x0_spi.o(i.spi_nss_output_enable), (10 bytes).
    Removing gd32f3x0_spi.o(i.spi_nssp_mode_disable), (10 bytes).
    Removing gd32f3x0_spi.o(i.spi_nssp_mode_enable), (10 bytes).
    Removing gd32f3x0_spi.o(i.spi_quad_disable), (14 bytes).
    Removing gd32f3x0_spi.o(i.spi_quad_enable), (14 bytes).
    Removing gd32f3x0_spi.o(i.spi_quad_io23_output_disable), (14 bytes).
    Removing gd32f3x0_spi.o(i.spi_quad_io23_output_enable), (14 bytes).
    Removing gd32f3x0_spi.o(i.spi_quad_read_enable), (14 bytes).
    Removing gd32f3x0_spi.o(i.spi_quad_write_enable), (14 bytes).
    Removing gd32f3x0_spi.o(i.spi_struct_para_init), (18 bytes).
    Removing gd32f3x0_spi.o(i.spi_ti_mode_disable), (10 bytes).
    Removing gd32f3x0_spi.o(i.spi_ti_mode_enable), (10 bytes).
    Removing gd32f3x0_syscfg.o(.rev16_text), (4 bytes).
    Removing gd32f3x0_syscfg.o(.revsh_text), (4 bytes).
    Removing gd32f3x0_syscfg.o(i.syscfg_compensation_config), (24 bytes).
    Removing gd32f3x0_syscfg.o(i.syscfg_cps_rdy_flag_get), (24 bytes).
    Removing gd32f3x0_syscfg.o(i.syscfg_deinit), (20 bytes).
    Removing gd32f3x0_syscfg.o(i.syscfg_dma_remap_disable), (16 bytes).
    Removing gd32f3x0_syscfg.o(i.syscfg_dma_remap_enable), (16 bytes).
    Removing gd32f3x0_syscfg.o(i.syscfg_flag_clear), (16 bytes).
    Removing gd32f3x0_syscfg.o(i.syscfg_flag_get), (24 bytes).
    Removing gd32f3x0_syscfg.o(i.syscfg_high_current_disable), (20 bytes).
    Removing gd32f3x0_syscfg.o(i.syscfg_high_current_enable), (20 bytes).
    Removing gd32f3x0_syscfg.o(i.syscfg_lock_config), (16 bytes).
    Removing gd32f3x0_timer.o(.rev16_text), (4 bytes).
    Removing gd32f3x0_timer.o(.revsh_text), (4 bytes).
    Removing gd32f3x0_timer.o(i.timer_auto_reload_shadow_disable), (10 bytes).
    Removing gd32f3x0_timer.o(i.timer_automatic_output_disable), (10 bytes).
    Removing gd32f3x0_timer.o(i.timer_automatic_output_enable), (10 bytes).
    Removing gd32f3x0_timer.o(i.timer_autoreload_value_config), (4 bytes).
    Removing gd32f3x0_timer.o(i.timer_break_config), (30 bytes).
    Removing gd32f3x0_timer.o(i.timer_break_disable), (10 bytes).
    Removing gd32f3x0_timer.o(i.timer_break_enable), (10 bytes).
    Removing gd32f3x0_timer.o(i.timer_break_struct_para_init), (18 bytes).
    Removing gd32f3x0_timer.o(i.timer_channel_capture_value_register_read), (42 bytes).
    Removing gd32f3x0_timer.o(i.timer_channel_complementary_output_polarity_config), (92 bytes).
    Removing gd32f3x0_timer.o(i.timer_channel_complementary_output_state_config), (70 bytes).
    Removing gd32f3x0_timer.o(i.timer_channel_control_shadow_config), (24 bytes).
    Removing gd32f3x0_timer.o(i.timer_channel_control_shadow_update_config), (26 bytes).
    Removing gd32f3x0_timer.o(i.timer_channel_dma_request_source_select), (26 bytes).
    Removing gd32f3x0_timer.o(i.timer_channel_input_capture_prescaler_config), (90 bytes).
    Removing gd32f3x0_timer.o(i.timer_channel_input_struct_para_init), (16 bytes).
    Removing gd32f3x0_timer.o(i.timer_channel_output_clear_config), (90 bytes).
    Removing gd32f3x0_timer.o(i.timer_channel_output_fast_config), (90 bytes).
    Removing gd32f3x0_timer.o(i.timer_channel_output_polarity_config), (92 bytes).
    Removing gd32f3x0_timer.o(i.timer_channel_output_state_config), (92 bytes).
    Removing gd32f3x0_timer.o(i.timer_channel_output_struct_para_init), (16 bytes).
    Removing gd32f3x0_timer.o(i.timer_channel_remap_config), (4 bytes).
    Removing gd32f3x0_timer.o(i.timer_counter_alignment), (16 bytes).
    Removing gd32f3x0_timer.o(i.timer_counter_down_direction), (10 bytes).
    Removing gd32f3x0_timer.o(i.timer_counter_read), (8 bytes).
    Removing gd32f3x0_timer.o(i.timer_counter_up_direction), (10 bytes).
    Removing gd32f3x0_timer.o(i.timer_counter_value_config), (4 bytes).
    Removing gd32f3x0_timer.o(i.timer_dma_disable), (8 bytes).
    Removing gd32f3x0_timer.o(i.timer_dma_enable), (8 bytes).
    Removing gd32f3x0_timer.o(i.timer_dma_transfer_config), (24 bytes).
    Removing gd32f3x0_timer.o(i.timer_event_software_generate), (8 bytes).
    Removing gd32f3x0_timer.o(i.timer_external_clock_mode0_config), (40 bytes).
    Removing gd32f3x0_timer.o(i.timer_external_clock_mode1_config), (32 bytes).
    Removing gd32f3x0_timer.o(i.timer_external_clock_mode1_disable), (10 bytes).
    Removing gd32f3x0_timer.o(i.timer_external_trigger_as_external_clock_config), (166 bytes).
    Removing gd32f3x0_timer.o(i.timer_external_trigger_config), (30 bytes).
    Removing gd32f3x0_timer.o(i.timer_flag_clear), (6 bytes).
    Removing gd32f3x0_timer.o(i.timer_flag_get), (16 bytes).
    Removing gd32f3x0_timer.o(i.timer_hall_mode_config), (26 bytes).
    Removing gd32f3x0_timer.o(i.timer_input_capture_config), (326 bytes).
    Removing gd32f3x0_timer.o(i.timer_input_pwm_capture_config), (356 bytes).
    Removing gd32f3x0_timer.o(i.timer_input_trigger_source_select), (16 bytes).
    Removing gd32f3x0_timer.o(i.timer_internal_clock_config), (10 bytes).
    Removing gd32f3x0_timer.o(i.timer_internal_trigger_as_external_clock_config), (32 bytes).
    Removing gd32f3x0_timer.o(i.timer_interrupt_disable), (8 bytes).
    Removing gd32f3x0_timer.o(i.timer_master_output_trigger_source_select), (16 bytes).
    Removing gd32f3x0_timer.o(i.timer_master_slave_mode_config), (26 bytes).
    Removing gd32f3x0_timer.o(i.timer_ocpre_clear_source_config), (26 bytes).
    Removing gd32f3x0_timer.o(i.timer_output_value_selection_config), (34 bytes).
    Removing gd32f3x0_timer.o(i.timer_prescaler_config), (14 bytes).
    Removing gd32f3x0_timer.o(i.timer_prescaler_read), (10 bytes).
    Removing gd32f3x0_timer.o(i.timer_quadrature_decoder_mode_config), (64 bytes).
    Removing gd32f3x0_timer.o(i.timer_repetition_value_config), (4 bytes).
    Removing gd32f3x0_timer.o(i.timer_single_pulse_mode_config), (26 bytes).
    Removing gd32f3x0_timer.o(i.timer_slave_mode_select), (16 bytes).
    Removing gd32f3x0_timer.o(i.timer_struct_para_init), (22 bytes).
    Removing gd32f3x0_timer.o(i.timer_update_event_disable), (10 bytes).
    Removing gd32f3x0_timer.o(i.timer_update_event_enable), (10 bytes).
    Removing gd32f3x0_timer.o(i.timer_update_source_config), (26 bytes).
    Removing gd32f3x0_timer.o(i.timer_write_chxval_register_config), (34 bytes).
    Removing gd32f3x0_tsi.o(.rev16_text), (4 bytes).
    Removing gd32f3x0_tsi.o(.revsh_text), (4 bytes).
    Removing gd32f3x0_tsi.o(i.tsi_analog_off), (16 bytes).
    Removing gd32f3x0_tsi.o(i.tsi_analog_on), (16 bytes).
    Removing gd32f3x0_tsi.o(i.tsi_channel_pin_disable), (16 bytes).
    Removing gd32f3x0_tsi.o(i.tsi_channel_pin_enable), (16 bytes).
    Removing gd32f3x0_tsi.o(i.tsi_deinit), (20 bytes).
    Removing gd32f3x0_tsi.o(i.tsi_disable), (20 bytes).
    Removing gd32f3x0_tsi.o(i.tsi_enable), (20 bytes).
    Removing gd32f3x0_tsi.o(i.tsi_extend_charge_config), (168 bytes).
    Removing gd32f3x0_tsi.o(i.tsi_flag_clear), (16 bytes).
    Removing gd32f3x0_tsi.o(i.tsi_flag_get), (24 bytes).
    Removing gd32f3x0_tsi.o(i.tsi_group0_cycle_get), (12 bytes).
    Removing gd32f3x0_tsi.o(i.tsi_group1_cycle_get), (12 bytes).
    Removing gd32f3x0_tsi.o(i.tsi_group2_cycle_get), (12 bytes).
    Removing gd32f3x0_tsi.o(i.tsi_group3_cycle_get), (12 bytes).
    Removing gd32f3x0_tsi.o(i.tsi_group4_cycle_get), (12 bytes).
    Removing gd32f3x0_tsi.o(i.tsi_group5_cycle_get), (12 bytes).
    Removing gd32f3x0_tsi.o(i.tsi_group_disable), (16 bytes).
    Removing gd32f3x0_tsi.o(i.tsi_group_enable), (16 bytes).
    Removing gd32f3x0_tsi.o(i.tsi_group_status_get), (24 bytes).
    Removing gd32f3x0_tsi.o(i.tsi_hardware_mode_config), (56 bytes).
    Removing gd32f3x0_tsi.o(i.tsi_hysteresis_off), (16 bytes).
    Removing gd32f3x0_tsi.o(i.tsi_hysteresis_on), (16 bytes).
    Removing gd32f3x0_tsi.o(i.tsi_init), (112 bytes).
    Removing gd32f3x0_tsi.o(i.tsi_interrupt_disable), (16 bytes).
    Removing gd32f3x0_tsi.o(i.tsi_interrupt_enable), (16 bytes).
    Removing gd32f3x0_tsi.o(i.tsi_interrupt_flag_clear), (16 bytes).
    Removing gd32f3x0_tsi.o(i.tsi_interrupt_flag_get), (40 bytes).
    Removing gd32f3x0_tsi.o(i.tsi_max_number_config), (32 bytes).
    Removing gd32f3x0_tsi.o(i.tsi_pin_mode_config), (44 bytes).
    Removing gd32f3x0_tsi.o(i.tsi_plus_config), (108 bytes).
    Removing gd32f3x0_tsi.o(i.tsi_sample_pin_disable), (28 bytes).
    Removing gd32f3x0_tsi.o(i.tsi_sample_pin_enable), (28 bytes).
    Removing gd32f3x0_tsi.o(i.tsi_software_mode_config), (28 bytes).
    Removing gd32f3x0_tsi.o(i.tsi_software_start), (20 bytes).
    Removing gd32f3x0_tsi.o(i.tsi_software_stop), (20 bytes).
    Removing gd32f3x0_usart.o(.rev16_text), (4 bytes).
    Removing gd32f3x0_usart.o(.revsh_text), (4 bytes).
    Removing gd32f3x0_usart.o(i.usart_address_config), (32 bytes).
    Removing gd32f3x0_usart.o(i.usart_address_detection_mode_config), (28 bytes).
    Removing gd32f3x0_usart.o(i.usart_baudrate_set), (124 bytes).
    Removing gd32f3x0_usart.o(i.usart_block_length_config), (24 bytes).
    Removing gd32f3x0_usart.o(i.usart_clock_disable), (18 bytes).
    Removing gd32f3x0_usart.o(i.usart_clock_enable), (18 bytes).
    Removing gd32f3x0_usart.o(i.usart_command_enable), (8 bytes).
    Removing gd32f3x0_usart.o(i.usart_data_first_config), (28 bytes).
    Removing gd32f3x0_usart.o(i.usart_data_receive), (10 bytes).
    Removing gd32f3x0_usart.o(i.usart_data_transmit), (8 bytes).
    Removing gd32f3x0_usart.o(i.usart_deinit), (64 bytes).
    Removing gd32f3x0_usart.o(i.usart_depolarity_config), (28 bytes).
    Removing gd32f3x0_usart.o(i.usart_disable), (10 bytes).
    Removing gd32f3x0_usart.o(i.usart_dma_receive_config), (16 bytes).
    Removing gd32f3x0_usart.o(i.usart_dma_transmit_config), (16 bytes).
    Removing gd32f3x0_usart.o(i.usart_driver_assertime_config), (32 bytes).
    Removing gd32f3x0_usart.o(i.usart_driver_deassertime_config), (32 bytes).
    Removing gd32f3x0_usart.o(i.usart_enable), (10 bytes).
    Removing gd32f3x0_usart.o(i.usart_flag_clear), (18 bytes).
    Removing gd32f3x0_usart.o(i.usart_flag_get), (30 bytes).
    Removing gd32f3x0_usart.o(i.usart_guard_time_config), (32 bytes).
    Removing gd32f3x0_usart.o(i.usart_halfduplex_disable), (18 bytes).
    Removing gd32f3x0_usart.o(i.usart_halfduplex_enable), (18 bytes).
    Removing gd32f3x0_usart.o(i.usart_hardware_flow_cts_config), (24 bytes).
    Removing gd32f3x0_usart.o(i.usart_hardware_flow_rts_config), (24 bytes).
    Removing gd32f3x0_usart.o(i.usart_interrupt_disable), (26 bytes).
    Removing gd32f3x0_usart.o(i.usart_interrupt_enable), (26 bytes).
    Removing gd32f3x0_usart.o(i.usart_interrupt_flag_clear), (44 bytes).
    Removing gd32f3x0_usart.o(i.usart_interrupt_flag_get), (56 bytes).
    Removing gd32f3x0_usart.o(i.usart_invert_config), (110 bytes).
    Removing gd32f3x0_usart.o(i.usart_irda_lowpower_config), (28 bytes).
    Removing gd32f3x0_usart.o(i.usart_irda_mode_disable), (18 bytes).
    Removing gd32f3x0_usart.o(i.usart_irda_mode_enable), (18 bytes).
    Removing gd32f3x0_usart.o(i.usart_lin_break_detection_length_config), (28 bytes).
    Removing gd32f3x0_usart.o(i.usart_lin_mode_disable), (18 bytes).
    Removing gd32f3x0_usart.o(i.usart_lin_mode_enable), (18 bytes).
    Removing gd32f3x0_usart.o(i.usart_mute_mode_disable), (10 bytes).
    Removing gd32f3x0_usart.o(i.usart_mute_mode_enable), (10 bytes).
    Removing gd32f3x0_usart.o(i.usart_mute_mode_wakeup_config), (24 bytes).
    Removing gd32f3x0_usart.o(i.usart_overrun_disable), (18 bytes).
    Removing gd32f3x0_usart.o(i.usart_overrun_enable), (18 bytes).
    Removing gd32f3x0_usart.o(i.usart_oversample_config), (24 bytes).
    Removing gd32f3x0_usart.o(i.usart_parity_config), (24 bytes).
    Removing gd32f3x0_usart.o(i.usart_prescaler_config), (24 bytes).
    Removing gd32f3x0_usart.o(i.usart_receive_config), (16 bytes).
    Removing gd32f3x0_usart.o(i.usart_receive_fifo_counter_number), (12 bytes).
    Removing gd32f3x0_usart.o(i.usart_receive_fifo_disable), (14 bytes).
    Removing gd32f3x0_usart.o(i.usart_receive_fifo_enable), (14 bytes).
    Removing gd32f3x0_usart.o(i.usart_receiver_timeout_disable), (10 bytes).
    Removing gd32f3x0_usart.o(i.usart_receiver_timeout_enable), (10 bytes).
    Removing gd32f3x0_usart.o(i.usart_receiver_timeout_threshold_config), (16 bytes).
    Removing gd32f3x0_usart.o(i.usart_reception_error_dma_disable), (18 bytes).
    Removing gd32f3x0_usart.o(i.usart_reception_error_dma_enable), (18 bytes).
    Removing gd32f3x0_usart.o(i.usart_rs485_driver_disable), (18 bytes).
    Removing gd32f3x0_usart.o(i.usart_rs485_driver_enable), (18 bytes).
    Removing gd32f3x0_usart.o(i.usart_sample_bit_config), (24 bytes).
    Removing gd32f3x0_usart.o(i.usart_smartcard_autoretry_config), (32 bytes).
    Removing gd32f3x0_usart.o(i.usart_smartcard_mode_disable), (18 bytes).
    Removing gd32f3x0_usart.o(i.usart_smartcard_mode_early_nack_disable), (14 bytes).
    Removing gd32f3x0_usart.o(i.usart_smartcard_mode_early_nack_enable), (14 bytes).
    Removing gd32f3x0_usart.o(i.usart_smartcard_mode_enable), (18 bytes).
    Removing gd32f3x0_usart.o(i.usart_smartcard_mode_nack_disable), (18 bytes).
    Removing gd32f3x0_usart.o(i.usart_smartcard_mode_nack_enable), (18 bytes).
    Removing gd32f3x0_usart.o(i.usart_stop_bit_set), (24 bytes).
    Removing gd32f3x0_usart.o(i.usart_synchronous_clock_config), (50 bytes).
    Removing gd32f3x0_usart.o(i.usart_transmit_config), (16 bytes).
    Removing gd32f3x0_usart.o(i.usart_wakeup_disable), (10 bytes).
    Removing gd32f3x0_usart.o(i.usart_wakeup_enable), (10 bytes).
    Removing gd32f3x0_usart.o(i.usart_wakeup_mode_config), (28 bytes).
    Removing gd32f3x0_usart.o(i.usart_word_length_set), (24 bytes).
    Removing gd32f3x0_wwdgt.o(.rev16_text), (4 bytes).
    Removing gd32f3x0_wwdgt.o(.revsh_text), (4 bytes).
    Removing gd32f3x0_wwdgt.o(i.wwdgt_config), (28 bytes).
    Removing gd32f3x0_wwdgt.o(i.wwdgt_counter_update), (16 bytes).
    Removing gd32f3x0_wwdgt.o(i.wwdgt_deinit), (20 bytes).
    Removing gd32f3x0_wwdgt.o(i.wwdgt_enable), (20 bytes).
    Removing gd32f3x0_wwdgt.o(i.wwdgt_flag_clear), (12 bytes).
    Removing gd32f3x0_wwdgt.o(i.wwdgt_flag_get), (24 bytes).
    Removing gd32f3x0_wwdgt.o(i.wwdgt_interrupt_enable), (20 bytes).
    Removing i2c0_ie.o(.rev16_text), (4 bytes).
    Removing i2c0_ie.o(.revsh_text), (4 bytes).
    Removing i2c0_ie.o(.bss), (16 bytes).
    Removing startup_gd32f3x0.o(HEAP), (1024 bytes).
    Removing gd32f350r_eval.o(.rev16_text), (4 bytes).
    Removing gd32f350r_eval.o(.revsh_text), (4 bytes).
    Removing gd32f350r_eval.o(i.gd_eval_INT_state_get), (32 bytes).
    Removing gd32f350r_eval.o(i.gd_eval_com_init), (192 bytes).

563 unused section(s) (total 20326 bytes) removed from the image.

==============================================================================

Image Symbol Table

    Local Symbols

    Symbol Name                              Value     Ov Type        Size  Object(Section)

    ../clib/microlib/init/entry.s            0x00000000   Number         0  entry11b.o ABSOLUTE
    ../clib/microlib/init/entry.s            0x00000000   Number         0  entry11a.o ABSOLUTE
    ../clib/microlib/init/entry.s            0x00000000   Number         0  entry9b.o ABSOLUTE
    ../clib/microlib/init/entry.s            0x00000000   Number         0  entry10b.o ABSOLUTE
    ../clib/microlib/init/entry.s            0x00000000   Number         0  entry5.o ABSOLUTE
    ../clib/microlib/init/entry.s            0x00000000   Number         0  entry10a.o ABSOLUTE
    ../clib/microlib/init/entry.s            0x00000000   Number         0  entry9a.o ABSOLUTE
    ../clib/microlib/init/entry.s            0x00000000   Number         0  entry8b.o ABSOLUTE
    ../clib/microlib/init/entry.s            0x00000000   Number         0  entry8a.o ABSOLUTE
    ../clib/microlib/init/entry.s            0x00000000   Number         0  entry2.o ABSOLUTE
    ../clib/microlib/init/entry.s            0x00000000   Number         0  entry7b.o ABSOLUTE
    ../clib/microlib/init/entry.s            0x00000000   Number         0  entry.o ABSOLUTE
    ../clib/microlib/init/entry.s            0x00000000   Number         0  entry12b.o ABSOLUTE
    ../clib/microlib/init/entry.s            0x00000000   Number         0  entry12a.o ABSOLUTE
    ../clib/microlib/init/entry.s            0x00000000   Number         0  entry7a.o ABSOLUTE
    ../clib/microlib/longlong.c              0x00000000   Number         0  llushr.o ABSOLUTE
    ../clib/microlib/longlong.c              0x00000000   Number         0  llsshr.o ABSOLUTE
    ../clib/microlib/longlong.c              0x00000000   Number         0  llshl.o ABSOLUTE
    ../clib/microlib/stubs.s                 0x00000000   Number         0  iusefp.o ABSOLUTE
    ../fplib/microlib/d2f.c                  0x00000000   Number         0  d2f.o ABSOLUTE
    ../fplib/microlib/f2d.c                  0x00000000   Number         0  f2d.o ABSOLUTE
    ../fplib/microlib/fpadd.c                0x00000000   Number         0  dadd.o ABSOLUTE
    ../fplib/microlib/fpepilogue.c           0x00000000   Number         0  depilogue.o ABSOLUTE
    ../fplib/microlib/fpepilogue.c           0x00000000   Number         0  fepilogue.o ABSOLUTE
    ../fplib/microlib/fpflt.c                0x00000000   Number         0  fflti.o ABSOLUTE
    ../fplib/microlib/fpmul.c                0x00000000   Number         0  dmul.o ABSOLUTE
    ..\..\Firmware\CMSIS\GD\GD32F3x0\Source\ARM\startup_gd32f3x0.s 0x00000000   Number         0  startup_gd32f3x0.o ABSOLUTE
    ..\..\Firmware\CMSIS\GD\GD32F3x0\Source\system_gd32f3x0.c 0x00000000   Number         0  system_gd32f3x0.o ABSOLUTE
    ..\..\Firmware\GD32F3x0_standard_peripheral\Source\gd32f3x0_adc.c 0x00000000   Number         0  gd32f3x0_adc.o ABSOLUTE
    ..\..\Firmware\GD32F3x0_standard_peripheral\Source\gd32f3x0_cec.c 0x00000000   Number         0  gd32f3x0_cec.o ABSOLUTE
    ..\..\Firmware\GD32F3x0_standard_peripheral\Source\gd32f3x0_cmp.c 0x00000000   Number         0  gd32f3x0_cmp.o ABSOLUTE
    ..\..\Firmware\GD32F3x0_standard_peripheral\Source\gd32f3x0_crc.c 0x00000000   Number         0  gd32f3x0_crc.o ABSOLUTE
    ..\..\Firmware\GD32F3x0_standard_peripheral\Source\gd32f3x0_ctc.c 0x00000000   Number         0  gd32f3x0_ctc.o ABSOLUTE
    ..\..\Firmware\GD32F3x0_standard_peripheral\Source\gd32f3x0_dac.c 0x00000000   Number         0  gd32f3x0_dac.o ABSOLUTE
    ..\..\Firmware\GD32F3x0_standard_peripheral\Source\gd32f3x0_dbg.c 0x00000000   Number         0  gd32f3x0_dbg.o ABSOLUTE
    ..\..\Firmware\GD32F3x0_standard_peripheral\Source\gd32f3x0_dma.c 0x00000000   Number         0  gd32f3x0_dma.o ABSOLUTE
    ..\..\Firmware\GD32F3x0_standard_peripheral\Source\gd32f3x0_exti.c 0x00000000   Number         0  gd32f3x0_exti.o ABSOLUTE
    ..\..\Firmware\GD32F3x0_standard_peripheral\Source\gd32f3x0_fmc.c 0x00000000   Number         0  gd32f3x0_fmc.o ABSOLUTE
    ..\..\Firmware\GD32F3x0_standard_peripheral\Source\gd32f3x0_fwdgt.c 0x00000000   Number         0  gd32f3x0_fwdgt.o ABSOLUTE
    ..\..\Firmware\GD32F3x0_standard_peripheral\Source\gd32f3x0_gpio.c 0x00000000   Number         0  gd32f3x0_gpio.o ABSOLUTE
    ..\..\Firmware\GD32F3x0_standard_peripheral\Source\gd32f3x0_i2c.c 0x00000000   Number         0  gd32f3x0_i2c.o ABSOLUTE
    ..\..\Firmware\GD32F3x0_standard_peripheral\Source\gd32f3x0_misc.c 0x00000000   Number         0  gd32f3x0_misc.o ABSOLUTE
    ..\..\Firmware\GD32F3x0_standard_peripheral\Source\gd32f3x0_pmu.c 0x00000000   Number         0  gd32f3x0_pmu.o ABSOLUTE
    ..\..\Firmware\GD32F3x0_standard_peripheral\Source\gd32f3x0_rcu.c 0x00000000   Number         0  gd32f3x0_rcu.o ABSOLUTE
    ..\..\Firmware\GD32F3x0_standard_peripheral\Source\gd32f3x0_rtc.c 0x00000000   Number         0  gd32f3x0_rtc.o ABSOLUTE
    ..\..\Firmware\GD32F3x0_standard_peripheral\Source\gd32f3x0_spi.c 0x00000000   Number         0  gd32f3x0_spi.o ABSOLUTE
    ..\..\Firmware\GD32F3x0_standard_peripheral\Source\gd32f3x0_syscfg.c 0x00000000   Number         0  gd32f3x0_syscfg.o ABSOLUTE
    ..\..\Firmware\GD32F3x0_standard_peripheral\Source\gd32f3x0_timer.c 0x00000000   Number         0  gd32f3x0_timer.o ABSOLUTE
    ..\..\Firmware\GD32F3x0_standard_peripheral\Source\gd32f3x0_tsi.c 0x00000000   Number         0  gd32f3x0_tsi.o ABSOLUTE
    ..\..\Firmware\GD32F3x0_standard_peripheral\Source\gd32f3x0_usart.c 0x00000000   Number         0  gd32f3x0_usart.o ABSOLUTE
    ..\..\Firmware\GD32F3x0_standard_peripheral\Source\gd32f3x0_wwdgt.c 0x00000000   Number         0  gd32f3x0_wwdgt.o ABSOLUTE
    ..\..\Utilities\gd32f350r_eval.c         0x00000000   Number         0  gd32f350r_eval.o ABSOLUTE
    ..\I2C0_IE.c                             0x00000000   Number         0  i2c0_ie.o ABSOLUTE
    ..\\..\\Firmware\\CMSIS\\GD\\GD32F3x0\\Source\\system_gd32f3x0.c 0x00000000   Number         0  system_gd32f3x0.o ABSOLUTE
    ..\\..\\Firmware\\GD32F3x0_standard_peripheral\\Source\\gd32f3x0_adc.c 0x00000000   Number         0  gd32f3x0_adc.o ABSOLUTE
    ..\\..\\Firmware\\GD32F3x0_standard_peripheral\\Source\\gd32f3x0_cmp.c 0x00000000   Number         0  gd32f3x0_cmp.o ABSOLUTE
    ..\\..\\Firmware\\GD32F3x0_standard_peripheral\\Source\\gd32f3x0_crc.c 0x00000000   Number         0  gd32f3x0_crc.o ABSOLUTE
    ..\\..\\Firmware\\GD32F3x0_standard_peripheral\\Source\\gd32f3x0_ctc.c 0x00000000   Number         0  gd32f3x0_ctc.o ABSOLUTE
    ..\\..\\Firmware\\GD32F3x0_standard_peripheral\\Source\\gd32f3x0_dbg.c 0x00000000   Number         0  gd32f3x0_dbg.o ABSOLUTE
    ..\\..\\Firmware\\GD32F3x0_standard_peripheral\\Source\\gd32f3x0_dma.c 0x00000000   Number         0  gd32f3x0_dma.o ABSOLUTE
    ..\\..\\Firmware\\GD32F3x0_standard_peripheral\\Source\\gd32f3x0_exti.c 0x00000000   Number         0  gd32f3x0_exti.o ABSOLUTE
    ..\\..\\Firmware\\GD32F3x0_standard_peripheral\\Source\\gd32f3x0_fmc.c 0x00000000   Number         0  gd32f3x0_fmc.o ABSOLUTE
    ..\\..\\Firmware\\GD32F3x0_standard_peripheral\\Source\\gd32f3x0_fwdgt.c 0x00000000   Number         0  gd32f3x0_fwdgt.o ABSOLUTE
    ..\\..\\Firmware\\GD32F3x0_standard_peripheral\\Source\\gd32f3x0_gpio.c 0x00000000   Number         0  gd32f3x0_gpio.o ABSOLUTE
    ..\\..\\Firmware\\GD32F3x0_standard_peripheral\\Source\\gd32f3x0_i2c.c 0x00000000   Number         0  gd32f3x0_i2c.o ABSOLUTE
    ..\\..\\Firmware\\GD32F3x0_standard_peripheral\\Source\\gd32f3x0_misc.c 0x00000000   Number         0  gd32f3x0_misc.o ABSOLUTE
    ..\\..\\Firmware\\GD32F3x0_standard_peripheral\\Source\\gd32f3x0_pmu.c 0x00000000   Number         0  gd32f3x0_pmu.o ABSOLUTE
    ..\\..\\Firmware\\GD32F3x0_standard_peripheral\\Source\\gd32f3x0_rcu.c 0x00000000   Number         0  gd32f3x0_rcu.o ABSOLUTE
    ..\\..\\Firmware\\GD32F3x0_standard_peripheral\\Source\\gd32f3x0_rtc.c 0x00000000   Number         0  gd32f3x0_rtc.o ABSOLUTE
    ..\\..\\Firmware\\GD32F3x0_standard_peripheral\\Source\\gd32f3x0_spi.c 0x00000000   Number         0  gd32f3x0_spi.o ABSOLUTE
    ..\\..\\Firmware\\GD32F3x0_standard_peripheral\\Source\\gd32f3x0_syscfg.c 0x00000000   Number         0  gd32f3x0_syscfg.o ABSOLUTE
    ..\\..\\Firmware\\GD32F3x0_standard_peripheral\\Source\\gd32f3x0_timer.c 0x00000000   Number         0  gd32f3x0_timer.o ABSOLUTE
    ..\\..\\Firmware\\GD32F3x0_standard_peripheral\\Source\\gd32f3x0_tsi.c 0x00000000   Number         0  gd32f3x0_tsi.o ABSOLUTE
    ..\\..\\Firmware\\GD32F3x0_standard_peripheral\\Source\\gd32f3x0_usart.c 0x00000000   Number         0  gd32f3x0_usart.o ABSOLUTE
    ..\\..\\Firmware\\GD32F3x0_standard_peripheral\\Source\\gd32f3x0_wwdgt.c 0x00000000   Number         0  gd32f3x0_wwdgt.o ABSOLUTE
    ..\\..\\Utilities\\gd32f350r_eval.c      0x00000000   Number         0  gd32f350r_eval.o ABSOLUTE
    ..\\I2C0_IE.c                            0x00000000   Number         0  i2c0_ie.o ABSOLUTE
    ..\\gd32f3x0_it.c                        0x00000000   Number         0  gd32f3x0_it.o ABSOLUTE
    ..\\main.c                               0x00000000   Number         0  main.o ABSOLUTE
    ..\\systick.c                            0x00000000   Number         0  systick.o ABSOLUTE
    ..\gd32f3x0_it.c                         0x00000000   Number         0  gd32f3x0_it.o ABSOLUTE
    ..\main.c                                0x00000000   Number         0  main.o ABSOLUTE
    ..\systick.c                             0x00000000   Number         0  systick.o ABSOLUTE
    cfcmple.s                                0x00000000   Number         0  cfcmple.o ABSOLUTE
    cfrcmple.s                               0x00000000   Number         0  cfrcmple.o ABSOLUTE
    dc.s                                     0x00000000   Number         0  dc.o ABSOLUTE
    handlers.s                               0x00000000   Number         0  handlers.o ABSOLUTE
    init.s                                   0x00000000   Number         0  init.o ABSOLUTE
    RESET                                    0x08000000   Section      336  startup_gd32f3x0.o(RESET)
    .ARM.Collect$$$$00000000                 0x08000150   Section        0  entry.o(.ARM.Collect$$$$00000000)
    .ARM.Collect$$$$00000001                 0x08000150   Section        4  entry2.o(.ARM.Collect$$$$00000001)
    .ARM.Collect$$$$00000004                 0x08000154   Section        4  entry5.o(.ARM.Collect$$$$00000004)
    .ARM.Collect$$$$00000008                 0x08000158   Section        0  entry7b.o(.ARM.Collect$$$$00000008)
    .ARM.Collect$$$$0000000A                 0x08000158   Section        0  entry8b.o(.ARM.Collect$$$$0000000A)
    .ARM.Collect$$$$0000000B                 0x08000158   Section        8  entry9a.o(.ARM.Collect$$$$0000000B)
    .ARM.Collect$$$$0000000E                 0x08000160   Section        4  entry12b.o(.ARM.Collect$$$$0000000E)
    .ARM.Collect$$$$0000000F                 0x08000164   Section        0  entry10a.o(.ARM.Collect$$$$0000000F)
    .ARM.Collect$$$$00000011                 0x08000164   Section        0  entry11a.o(.ARM.Collect$$$$00000011)
    .ARM.Collect$$$$00002712                 0x08000164   Section        4  entry2.o(.ARM.Collect$$$$00002712)
    __lit__00000000                          0x08000164   Data           4  entry2.o(.ARM.Collect$$$$00002712)
    .text                                    0x08000168   Section       36  startup_gd32f3x0.o(.text)
    .text                                    0x0800018c   Section        0  dadd.o(.text)
    .text                                    0x080002da   Section        0  dmul.o(.text)
    .text                                    0x080003be   Section        0  fflti.o(.text)
    .text                                    0x080003d0   Section        0  f2d.o(.text)
    .text                                    0x080003f6   Section        0  d2f.o(.text)
    .text                                    0x08000430   Section       20  cfcmple.o(.text)
    .text                                    0x08000444   Section       20  cfrcmple.o(.text)
    .text                                    0x08000458   Section        0  llshl.o(.text)
    .text                                    0x08000476   Section        0  llsshr.o(.text)
    .text                                    0x0800049a   Section        0  fepilogue.o(.text)
    .text                                    0x0800049a   Section        0  iusefp.o(.text)
    .text                                    0x08000508   Section        0  depilogue.o(.text)
    .text                                    0x080005c4   Section       36  init.o(.text)
    .text                                    0x080005e8   Section        0  llushr.o(.text)
    i.BusFault_Handler                       0x08000608   Section        0  gd32f3x0_it.o(i.BusFault_Handler)
    i.DebugMon_Handler                       0x0800060c   Section        0  gd32f3x0_it.o(i.DebugMon_Handler)
    i.EXTI0_1_IRQHandler                     0x0800060e   Section        0  gd32f3x0_it.o(i.EXTI0_1_IRQHandler)
    i.EXTI2_3_IRQHandler                     0x08000610   Section        0  gd32f3x0_it.o(i.EXTI2_3_IRQHandler)
    i.EXTI4_15_IRQHandler                    0x08000614   Section        0  gd32f3x0_it.o(i.EXTI4_15_IRQHandler)
    i.HardFault_Handler                      0x08000688   Section        0  gd32f3x0_it.o(i.HardFault_Handler)
    i.I2C0_ER_IRQHandler                     0x0800068c   Section        0  gd32f3x0_it.o(i.I2C0_ER_IRQHandler)
    i.I2C0_EV_IRQHandler                     0x08000694   Section        0  gd32f3x0_it.o(i.I2C0_EV_IRQHandler)
    i.I2C0_ErrorIRQ_Handler                  0x0800069c   Section        0  i2c0_ie.o(i.I2C0_ErrorIRQ_Handler)
    i.I2C0_EventIRQ_Handler                  0x0800075c   Section        0  i2c0_ie.o(i.I2C0_EventIRQ_Handler)
    i.MemManage_Handler                      0x080008ac   Section        0  gd32f3x0_it.o(i.MemManage_Handler)
    i.NMI_Handler                            0x080008b0   Section        0  gd32f3x0_it.o(i.NMI_Handler)
    i.NVIC_SetPriority                       0x080008b4   Section        0  systick.o(i.NVIC_SetPriority)
    NVIC_SetPriority                         0x080008b5   Thumb Code    32  systick.o(i.NVIC_SetPriority)
    i.PendSV_Handler                         0x080008dc   Section        0  gd32f3x0_it.o(i.PendSV_Handler)
    i.SVC_Handler                            0x080008de   Section        0  gd32f3x0_it.o(i.SVC_Handler)
    i.SysTick_Handler                        0x080008e0   Section        0  gd32f3x0_it.o(i.SysTick_Handler)
    i.SystemInit                             0x080008e8   Section        0  system_gd32f3x0.o(i.SystemInit)
    i.TIMER1_IRQHandler                      0x08000ae8   Section        0  gd32f3x0_it.o(i.TIMER1_IRQHandler)
    i.UsageFault_Handler                     0x08000b20   Section        0  gd32f3x0_it.o(i.UsageFault_Handler)
    i.__scatterload_copy                     0x08000b24   Section       14  handlers.o(i.__scatterload_copy)
    i.__scatterload_null                     0x08000b32   Section        2  handlers.o(i.__scatterload_null)
    i.__scatterload_zeroinit                 0x08000b34   Section       14  handlers.o(i.__scatterload_zeroinit)
    i.delay_1ms                              0x08000b44   Section        0  systick.o(i.delay_1ms)
    i.delay_decrement                        0x08000b58   Section        0  systick.o(i.delay_decrement)
    i.exti_init                              0x08000b70   Section        0  gd32f3x0_exti.o(i.exti_init)
    i.exti_interrupt_flag_clear              0x08000c2c   Section        0  gd32f3x0_exti.o(i.exti_interrupt_flag_clear)
    i.exti_interrupt_flag_get                0x08000c38   Section        0  gd32f3x0_exti.o(i.exti_interrupt_flag_get)
    i.fwdgt_counter_reload                   0x08000c5c   Section        0  gd32f3x0_fwdgt.o(i.fwdgt_counter_reload)
    i.gd_eval_INT_init                       0x08000c6c   Section        0  gd32f350r_eval.o(i.gd_eval_INT_init)
    i.gpio_af_set                            0x08000cf0   Section        0  gd32f3x0_gpio.o(i.gpio_af_set)
    i.gpio_configuration                     0x08000d4e   Section        0  main.o(i.gpio_configuration)
    i.gpio_mode_set                          0x08000dfe   Section        0  gd32f3x0_gpio.o(i.gpio_mode_set)
    i.gpio_output_options_set                0x08000e4c   Section        0  gd32f3x0_gpio.o(i.gpio_output_options_set)
    i.i2c_ack_config                         0x08000ec8   Section        0  gd32f3x0_i2c.o(i.i2c_ack_config)
    i.i2c_ackpos_config                      0x08000ed8   Section        0  gd32f3x0_i2c.o(i.i2c_ackpos_config)
    i.i2c_clock_config                       0x08000ee8   Section        0  gd32f3x0_i2c.o(i.i2c_clock_config)
    i.i2c_config                             0x08001020   Section        0  main.o(i.i2c_config)
    i.i2c_data_receive                       0x08001054   Section        0  gd32f3x0_i2c.o(i.i2c_data_receive)
    i.i2c_data_transmit                      0x0800105c   Section        0  gd32f3x0_i2c.o(i.i2c_data_transmit)
    i.i2c_data_write                         0x08001062   Section        0  main.o(i.i2c_data_write)
    i.i2c_enable                             0x0800110e   Section        0  gd32f3x0_i2c.o(i.i2c_enable)
    i.i2c_flag_clear                         0x08001118   Section        0  gd32f3x0_i2c.o(i.i2c_flag_clear)
    i.i2c_flag_get                           0x08001140   Section        0  gd32f3x0_i2c.o(i.i2c_flag_get)
    i.i2c_interrupt_disable                  0x0800115e   Section        0  gd32f3x0_i2c.o(i.i2c_interrupt_disable)
    i.i2c_interrupt_enable                   0x08001178   Section        0  gd32f3x0_i2c.o(i.i2c_interrupt_enable)
    i.i2c_interrupt_flag_clear               0x08001194   Section        0  gd32f3x0_i2c.o(i.i2c_interrupt_flag_clear)
    i.i2c_interrupt_flag_get                 0x080011c0   Section        0  gd32f3x0_i2c.o(i.i2c_interrupt_flag_get)
    i.i2c_master_addressing                  0x0800121c   Section        0  gd32f3x0_i2c.o(i.i2c_master_addressing)
    i.i2c_mode_addr_config                   0x08001230   Section        0  gd32f3x0_i2c.o(i.i2c_mode_addr_config)
    i.i2c_nvic_config                        0x0800124c   Section        0  main.o(i.i2c_nvic_config)
    i.i2c_start_on_bus                       0x0800126c   Section        0  gd32f3x0_i2c.o(i.i2c_start_on_bus)
    i.i2c_stop_on_bus                        0x08001276   Section        0  gd32f3x0_i2c.o(i.i2c_stop_on_bus)
    i.irc40k_config                          0x08001280   Section        0  main.o(i.irc40k_config)
    i.main                                   0x08001294   Section        0  main.o(i.main)
    i.nvic_irq_enable                        0x08001364   Section        0  gd32f3x0_misc.o(i.nvic_irq_enable)
    i.nvic_priority_group_set                0x08001410   Section        0  gd32f3x0_misc.o(i.nvic_priority_group_set)
    i.nvic_vector_table_set                  0x08001424   Section        0  gd32f3x0_misc.o(i.nvic_vector_table_set)
    i.rcu_all_reset_flag_clear               0x0800143c   Section        0  gd32f3x0_rcu.o(i.rcu_all_reset_flag_clear)
    i.rcu_clock_freq_get                     0x08001450   Section        0  gd32f3x0_rcu.o(i.rcu_clock_freq_get)
    i.rcu_config                             0x080016ec   Section        0  main.o(i.rcu_config)
    i.rcu_flag_get                           0x08001700   Section        0  gd32f3x0_rcu.o(i.rcu_flag_get)
    i.rcu_osci_on                            0x08001724   Section        0  gd32f3x0_rcu.o(i.rcu_osci_on)
    i.rcu_osci_stab_wait                     0x08001744   Section        0  gd32f3x0_rcu.o(i.rcu_osci_stab_wait)
    i.rcu_periph_clock_enable                0x0800187c   Section        0  gd32f3x0_rcu.o(i.rcu_periph_clock_enable)
    i.rcu_periph_reset_disable               0x0800189c   Section        0  gd32f3x0_rcu.o(i.rcu_periph_reset_disable)
    i.rcu_periph_reset_enable                0x080018bc   Section        0  gd32f3x0_rcu.o(i.rcu_periph_reset_enable)
    i.sc7a20_Init                            0x080018dc   Section        0  main.o(i.sc7a20_Init)
    i.sc7a20_manage                          0x08001958   Section        0  main.o(i.sc7a20_manage)
    i.syscfg_exti_line_config                0x08001b54   Section        0  gd32f3x0_syscfg.o(i.syscfg_exti_line_config)
    i.system_clock_72m_hxtal                 0x08001bf4   Section        0  system_gd32f3x0.o(i.system_clock_72m_hxtal)
    system_clock_72m_hxtal                   0x08001bf5   Thumb Code   186  system_gd32f3x0.o(i.system_clock_72m_hxtal)
    i.system_clock_config                    0x08001cbc   Section        0  system_gd32f3x0.o(i.system_clock_config)
    system_clock_config                      0x08001cbd   Thumb Code     8  system_gd32f3x0.o(i.system_clock_config)
    i.systick_config                         0x08001cc4   Section        0  systick.o(i.systick_config)
    i.timer_auto_reload_shadow_enable        0x08001d14   Section        0  gd32f3x0_timer.o(i.timer_auto_reload_shadow_enable)
    i.timer_channel_output_config            0x08001d20   Section        0  gd32f3x0_timer.o(i.timer_channel_output_config)
    i.timer_channel_output_mode_config       0x08001f28   Section        0  gd32f3x0_timer.o(i.timer_channel_output_mode_config)
    i.timer_channel_output_pulse_value_config 0x08001f82   Section        0  gd32f3x0_timer.o(i.timer_channel_output_pulse_value_config)
    i.timer_channel_output_shadow_config     0x08001fa8   Section        0  gd32f3x0_timer.o(i.timer_channel_output_shadow_config)
    i.timer_configuration                    0x08002004   Section        0  main.o(i.timer_configuration)
    i.timer_deinit                           0x08002178   Section        0  gd32f3x0_timer.o(i.timer_deinit)
    i.timer_disable                          0x0800223c   Section        0  gd32f3x0_timer.o(i.timer_disable)
    i.timer_enable                           0x08002246   Section        0  gd32f3x0_timer.o(i.timer_enable)
    i.timer_init                             0x08002250   Section        0  gd32f3x0_timer.o(i.timer_init)
    i.timer_interrupt_enable                 0x080022fc   Section        0  gd32f3x0_timer.o(i.timer_interrupt_enable)
    i.timer_interrupt_flag_clear             0x08002304   Section        0  gd32f3x0_timer.o(i.timer_interrupt_flag_clear)
    i.timer_interrupt_flag_get               0x0800230a   Section        0  gd32f3x0_timer.o(i.timer_interrupt_flag_get)
    i.timer_primary_output_config            0x08002322   Section        0  gd32f3x0_timer.o(i.timer_primary_output_config)
    .data                                    0x20000000   Section        4  gd32f3x0_it.o(.data)
    .data                                    0x20000004   Section       80  main.o(.data)
    .data                                    0x20000054   Section        4  systick.o(.data)
    delay                                    0x20000054   Data           4  systick.o(.data)
    .data                                    0x20000058   Section        4  system_gd32f3x0.o(.data)
    .data                                    0x2000005c   Section        8  i2c0_ie.o(.data)
    .data                                    0x20000064   Section       44  gd32f350r_eval.o(.data)
    COM_CLK                                  0x20000064   Data           2  gd32f350r_eval.o(.data)
    COM_TX_PIN                               0x20000068   Data           4  gd32f350r_eval.o(.data)
    COM_RX_PIN                               0x2000006c   Data           4  gd32f350r_eval.o(.data)
    INT_PORT                                 0x20000070   Data           8  gd32f350r_eval.o(.data)
    INT_PIN                                  0x20000078   Data           8  gd32f350r_eval.o(.data)
    INT_CLK                                  0x20000080   Data           4  gd32f350r_eval.o(.data)
    INT_EXTI_LINE                            0x20000084   Data           8  gd32f350r_eval.o(.data)
    INT_PORT_SOURCE                          0x2000008c   Data           2  gd32f350r_eval.o(.data)
    INT_PIN_SOURCE                           0x2000008e   Data           2  gd32f350r_eval.o(.data)
    STACK                                    0x20000090   Section     1024  startup_gd32f3x0.o(STACK)

    Global Symbols

    Symbol Name                              Value     Ov Type        Size  Object(Section)

    BuildAttributes$$THM_ISAv4$E$P$D$K$B$S$7EM$PE$A:L22UL41UL21$X:L11$S22US41US21$IEEE1$IW$USESV6$~STKCKD$USESV7$~SHL$OTIME$ROPI$EBA8$MICROLIB$REQ8$PRES8$EABIv2 0x00000000   Number         0  anon$$obj.o ABSOLUTE
    __ARM_use_no_argv                        0x00000000   Number         0  main.o ABSOLUTE
    __arm_fini_                               - Undefined Weak Reference
    __cpp_initialize__aeabi_                  - Undefined Weak Reference
    __cxa_finalize                            - Undefined Weak Reference
    __decompress                              - Undefined Weak Reference
    _clock_init                               - Undefined Weak Reference
    _microlib_exit                            - Undefined Weak Reference
    __Vectors_Size                           0x00000150   Number         0  startup_gd32f3x0.o ABSOLUTE
    __Vectors                                0x08000000   Data           4  startup_gd32f3x0.o(RESET)
    __Vectors_End                            0x08000150   Data           0  startup_gd32f3x0.o(RESET)
    __main                                   0x08000151   Thumb Code     0  entry.o(.ARM.Collect$$$$00000000)
    _main_stk                                0x08000151   Thumb Code     0  entry2.o(.ARM.Collect$$$$00000001)
    _main_scatterload                        0x08000155   Thumb Code     0  entry5.o(.ARM.Collect$$$$00000004)
    __main_after_scatterload                 0x08000159   Thumb Code     0  entry5.o(.ARM.Collect$$$$00000004)
    _main_clock                              0x08000159   Thumb Code     0  entry7b.o(.ARM.Collect$$$$00000008)
    _main_cpp_init                           0x08000159   Thumb Code     0  entry8b.o(.ARM.Collect$$$$0000000A)
    _main_init                               0x08000159   Thumb Code     0  entry9a.o(.ARM.Collect$$$$0000000B)
    __rt_lib_shutdown_fini                   0x08000161   Thumb Code     0  entry12b.o(.ARM.Collect$$$$0000000E)
    __rt_final_cpp                           0x08000165   Thumb Code     0  entry10a.o(.ARM.Collect$$$$0000000F)
    __rt_final_exit                          0x08000165   Thumb Code     0  entry11a.o(.ARM.Collect$$$$00000011)
    Reset_Handler                            0x08000169   Thumb Code     8  startup_gd32f3x0.o(.text)
    ADC_CMP_IRQHandler                       0x08000183   Thumb Code     0  startup_gd32f3x0.o(.text)
    CEC_IRQHandler                           0x08000183   Thumb Code     0  startup_gd32f3x0.o(.text)
    DMA_Channel0_IRQHandler                  0x08000183   Thumb Code     0  startup_gd32f3x0.o(.text)
    DMA_Channel1_2_IRQHandler                0x08000183   Thumb Code     0  startup_gd32f3x0.o(.text)
    DMA_Channel3_4_IRQHandler                0x08000183   Thumb Code     0  startup_gd32f3x0.o(.text)
    DMA_Channel5_6_IRQHandler                0x08000183   Thumb Code     0  startup_gd32f3x0.o(.text)
    FMC_IRQHandler                           0x08000183   Thumb Code     0  startup_gd32f3x0.o(.text)
    I2C1_ER_IRQHandler                       0x08000183   Thumb Code     0  startup_gd32f3x0.o(.text)
    I2C1_EV_IRQHandler                       0x08000183   Thumb Code     0  startup_gd32f3x0.o(.text)
    LVD_IRQHandler                           0x08000183   Thumb Code     0  startup_gd32f3x0.o(.text)
    RCU_CTC_IRQHandler                       0x08000183   Thumb Code     0  startup_gd32f3x0.o(.text)
    RTC_IRQHandler                           0x08000183   Thumb Code     0  startup_gd32f3x0.o(.text)
    SPI0_IRQHandler                          0x08000183   Thumb Code     0  startup_gd32f3x0.o(.text)
    SPI1_IRQHandler                          0x08000183   Thumb Code     0  startup_gd32f3x0.o(.text)
    TIMER0_BRK_UP_TRG_COM_IRQHandler         0x08000183   Thumb Code     0  startup_gd32f3x0.o(.text)
    TIMER0_Channel_IRQHandler                0x08000183   Thumb Code     0  startup_gd32f3x0.o(.text)
    TIMER13_IRQHandler                       0x08000183   Thumb Code     0  startup_gd32f3x0.o(.text)
    TIMER14_IRQHandler                       0x08000183   Thumb Code     0  startup_gd32f3x0.o(.text)
    TIMER15_IRQHandler                       0x08000183   Thumb Code     0  startup_gd32f3x0.o(.text)
    TIMER16_IRQHandler                       0x08000183   Thumb Code     0  startup_gd32f3x0.o(.text)
    TIMER2_IRQHandler                        0x08000183   Thumb Code     0  startup_gd32f3x0.o(.text)
    TIMER5_DAC_IRQHandler                    0x08000183   Thumb Code     0  startup_gd32f3x0.o(.text)
    TSI_IRQHandler                           0x08000183   Thumb Code     0  startup_gd32f3x0.o(.text)
    USART0_IRQHandler                        0x08000183   Thumb Code     0  startup_gd32f3x0.o(.text)
    USART1_IRQHandler                        0x08000183   Thumb Code     0  startup_gd32f3x0.o(.text)
    USBFS_IRQHandler                         0x08000183   Thumb Code     0  startup_gd32f3x0.o(.text)
    USBFS_WKUP_IRQHandler                    0x08000183   Thumb Code     0  startup_gd32f3x0.o(.text)
    WWDGT_IRQHandler                         0x08000183   Thumb Code     0  startup_gd32f3x0.o(.text)
    __aeabi_dadd                             0x0800018d   Thumb Code   322  dadd.o(.text)
    __aeabi_dsub                             0x080002cf   Thumb Code     6  dadd.o(.text)
    __aeabi_drsub                            0x080002d5   Thumb Code     6  dadd.o(.text)
    __aeabi_dmul                             0x080002db   Thumb Code   228  dmul.o(.text)
    __aeabi_i2f                              0x080003bf   Thumb Code    18  fflti.o(.text)
    __aeabi_f2d                              0x080003d1   Thumb Code    38  f2d.o(.text)
    __aeabi_d2f                              0x080003f7   Thumb Code    56  d2f.o(.text)
    __aeabi_cfcmpeq                          0x08000431   Thumb Code     0  cfcmple.o(.text)
    __aeabi_cfcmple                          0x08000431   Thumb Code    20  cfcmple.o(.text)
    __aeabi_cfrcmple                         0x08000445   Thumb Code    20  cfrcmple.o(.text)
    __aeabi_llsl                             0x08000459   Thumb Code    30  llshl.o(.text)
    _ll_shift_l                              0x08000459   Thumb Code     0  llshl.o(.text)
    __aeabi_lasr                             0x08000477   Thumb Code    36  llsshr.o(.text)
    _ll_sshift_r                             0x08000477   Thumb Code     0  llsshr.o(.text)
    __I$use$fp                               0x0800049b   Thumb Code     0  iusefp.o(.text)
    _float_round                             0x0800049b   Thumb Code    18  fepilogue.o(.text)
    _float_epilogue                          0x080004ad   Thumb Code    92  fepilogue.o(.text)
    _double_round                            0x08000509   Thumb Code    30  depilogue.o(.text)
    _double_epilogue                         0x08000527   Thumb Code   156  depilogue.o(.text)
    __scatterload                            0x080005c5   Thumb Code    28  init.o(.text)
    __scatterload_rt2                        0x080005c5   Thumb Code     0  init.o(.text)
    __aeabi_llsr                             0x080005e9   Thumb Code    32  llushr.o(.text)
    _ll_ushift_r                             0x080005e9   Thumb Code     0  llushr.o(.text)
    BusFault_Handler                         0x08000609   Thumb Code     4  gd32f3x0_it.o(i.BusFault_Handler)
    DebugMon_Handler                         0x0800060d   Thumb Code     2  gd32f3x0_it.o(i.DebugMon_Handler)
    EXTI0_1_IRQHandler                       0x0800060f   Thumb Code     2  gd32f3x0_it.o(i.EXTI0_1_IRQHandler)
    EXTI2_3_IRQHandler                       0x08000611   Thumb Code     2  gd32f3x0_it.o(i.EXTI2_3_IRQHandler)
    EXTI4_15_IRQHandler                      0x08000615   Thumb Code   100  gd32f3x0_it.o(i.EXTI4_15_IRQHandler)
    HardFault_Handler                        0x08000689   Thumb Code     4  gd32f3x0_it.o(i.HardFault_Handler)
    I2C0_ER_IRQHandler                       0x0800068d   Thumb Code     8  gd32f3x0_it.o(i.I2C0_ER_IRQHandler)
    I2C0_EV_IRQHandler                       0x08000695   Thumb Code     8  gd32f3x0_it.o(i.I2C0_EV_IRQHandler)
    I2C0_ErrorIRQ_Handler                    0x0800069d   Thumb Code   160  i2c0_ie.o(i.I2C0_ErrorIRQ_Handler)
    I2C0_EventIRQ_Handler                    0x0800075d   Thumb Code   302  i2c0_ie.o(i.I2C0_EventIRQ_Handler)
    MemManage_Handler                        0x080008ad   Thumb Code     4  gd32f3x0_it.o(i.MemManage_Handler)
    NMI_Handler                              0x080008b1   Thumb Code     2  gd32f3x0_it.o(i.NMI_Handler)
    PendSV_Handler                           0x080008dd   Thumb Code     2  gd32f3x0_it.o(i.PendSV_Handler)
    SVC_Handler                              0x080008df   Thumb Code     2  gd32f3x0_it.o(i.SVC_Handler)
    SysTick_Handler                          0x080008e1   Thumb Code     8  gd32f3x0_it.o(i.SysTick_Handler)
    SystemInit                               0x080008e9   Thumb Code   476  system_gd32f3x0.o(i.SystemInit)
    TIMER1_IRQHandler                        0x08000ae9   Thumb Code    50  gd32f3x0_it.o(i.TIMER1_IRQHandler)
    UsageFault_Handler                       0x08000b21   Thumb Code     4  gd32f3x0_it.o(i.UsageFault_Handler)
    __scatterload_copy                       0x08000b25   Thumb Code    14  handlers.o(i.__scatterload_copy)
    __scatterload_null                       0x08000b33   Thumb Code     2  handlers.o(i.__scatterload_null)
    __scatterload_zeroinit                   0x08000b35   Thumb Code    14  handlers.o(i.__scatterload_zeroinit)
    delay_1ms                                0x08000b45   Thumb Code    16  systick.o(i.delay_1ms)
    delay_decrement                          0x08000b59   Thumb Code    18  systick.o(i.delay_decrement)
    exti_init                                0x08000b71   Thumb Code   184  gd32f3x0_exti.o(i.exti_init)
    exti_interrupt_flag_clear                0x08000c2d   Thumb Code     6  gd32f3x0_exti.o(i.exti_interrupt_flag_clear)
    exti_interrupt_flag_get                  0x08000c39   Thumb Code    32  gd32f3x0_exti.o(i.exti_interrupt_flag_get)
    fwdgt_counter_reload                     0x08000c5d   Thumb Code    10  gd32f3x0_fwdgt.o(i.fwdgt_counter_reload)
    gd_eval_INT_init                         0x08000c6d   Thumb Code   108  gd32f350r_eval.o(i.gd_eval_INT_init)
    gpio_af_set                              0x08000cf1   Thumb Code    94  gd32f3x0_gpio.o(i.gpio_af_set)
    gpio_configuration                       0x08000d4f   Thumb Code   176  main.o(i.gpio_configuration)
    gpio_mode_set                            0x08000dff   Thumb Code    78  gd32f3x0_gpio.o(i.gpio_mode_set)
    gpio_output_options_set                  0x08000e4d   Thumb Code   124  gd32f3x0_gpio.o(i.gpio_output_options_set)
    i2c_ack_config                           0x08000ec9   Thumb Code    16  gd32f3x0_i2c.o(i.i2c_ack_config)
    i2c_ackpos_config                        0x08000ed9   Thumb Code    16  gd32f3x0_i2c.o(i.i2c_ackpos_config)
    i2c_clock_config                         0x08000ee9   Thumb Code   300  gd32f3x0_i2c.o(i.i2c_clock_config)
    i2c_config                               0x08001021   Thumb Code    42  main.o(i.i2c_config)
    i2c_data_receive                         0x08001055   Thumb Code     8  gd32f3x0_i2c.o(i.i2c_data_receive)
    i2c_data_transmit                        0x0800105d   Thumb Code     6  gd32f3x0_i2c.o(i.i2c_data_transmit)
    i2c_data_write                           0x08001063   Thumb Code   172  main.o(i.i2c_data_write)
    i2c_enable                               0x0800110f   Thumb Code    10  gd32f3x0_i2c.o(i.i2c_enable)
    i2c_flag_clear                           0x08001119   Thumb Code    40  gd32f3x0_i2c.o(i.i2c_flag_clear)
    i2c_flag_get                             0x08001141   Thumb Code    30  gd32f3x0_i2c.o(i.i2c_flag_get)
    i2c_interrupt_disable                    0x0800115f   Thumb Code    26  gd32f3x0_i2c.o(i.i2c_interrupt_disable)
    i2c_interrupt_enable                     0x08001179   Thumb Code    26  gd32f3x0_i2c.o(i.i2c_interrupt_enable)
    i2c_interrupt_flag_clear                 0x08001195   Thumb Code    38  gd32f3x0_i2c.o(i.i2c_interrupt_flag_clear)
    i2c_interrupt_flag_get                   0x080011c1   Thumb Code    84  gd32f3x0_i2c.o(i.i2c_interrupt_flag_get)
    i2c_master_addressing                    0x0800121d   Thumb Code    20  gd32f3x0_i2c.o(i.i2c_master_addressing)
    i2c_mode_addr_config                     0x08001231   Thumb Code    28  gd32f3x0_i2c.o(i.i2c_mode_addr_config)
    i2c_nvic_config                          0x0800124d   Thumb Code    32  main.o(i.i2c_nvic_config)
    i2c_start_on_bus                         0x0800126d   Thumb Code    10  gd32f3x0_i2c.o(i.i2c_start_on_bus)
    i2c_stop_on_bus                          0x08001277   Thumb Code    10  gd32f3x0_i2c.o(i.i2c_stop_on_bus)
    irc40k_config                            0x08001281   Thumb Code    20  main.o(i.irc40k_config)
    main                                     0x08001295   Thumb Code   176  main.o(i.main)
    nvic_irq_enable                          0x08001365   Thumb Code   162  gd32f3x0_misc.o(i.nvic_irq_enable)
    nvic_priority_group_set                  0x08001411   Thumb Code    10  gd32f3x0_misc.o(i.nvic_priority_group_set)
    nvic_vector_table_set                    0x08001425   Thumb Code    16  gd32f3x0_misc.o(i.nvic_vector_table_set)
    rcu_all_reset_flag_clear                 0x0800143d   Thumb Code    14  gd32f3x0_rcu.o(i.rcu_all_reset_flag_clear)
    rcu_clock_freq_get                       0x08001451   Thumb Code   628  gd32f3x0_rcu.o(i.rcu_clock_freq_get)
    rcu_config                               0x080016ed   Thumb Code    20  main.o(i.rcu_config)
    rcu_flag_get                             0x08001701   Thumb Code    30  gd32f3x0_rcu.o(i.rcu_flag_get)
    rcu_osci_on                              0x08001725   Thumb Code    28  gd32f3x0_rcu.o(i.rcu_osci_on)
    rcu_osci_stab_wait                       0x08001745   Thumb Code   308  gd32f3x0_rcu.o(i.rcu_osci_stab_wait)
    rcu_periph_clock_enable                  0x0800187d   Thumb Code    28  gd32f3x0_rcu.o(i.rcu_periph_clock_enable)
    rcu_periph_reset_disable                 0x0800189d   Thumb Code    28  gd32f3x0_rcu.o(i.rcu_periph_reset_disable)
    rcu_periph_reset_enable                  0x080018bd   Thumb Code    28  gd32f3x0_rcu.o(i.rcu_periph_reset_enable)
    sc7a20_Init                              0x080018dd   Thumb Code   116  main.o(i.sc7a20_Init)
    sc7a20_manage                            0x08001959   Thumb Code   412  main.o(i.sc7a20_manage)
    syscfg_exti_line_config                  0x08001b55   Thumb Code   154  gd32f3x0_syscfg.o(i.syscfg_exti_line_config)
    systick_config                           0x08001cc5   Thumb Code    74  systick.o(i.systick_config)
    timer_auto_reload_shadow_enable          0x08001d15   Thumb Code    10  gd32f3x0_timer.o(i.timer_auto_reload_shadow_enable)
    timer_channel_output_config              0x08001d21   Thumb Code   502  gd32f3x0_timer.o(i.timer_channel_output_config)
    timer_channel_output_mode_config         0x08001f29   Thumb Code    90  gd32f3x0_timer.o(i.timer_channel_output_mode_config)
    timer_channel_output_pulse_value_config  0x08001f83   Thumb Code    38  gd32f3x0_timer.o(i.timer_channel_output_pulse_value_config)
    timer_channel_output_shadow_config       0x08001fa9   Thumb Code    90  gd32f3x0_timer.o(i.timer_channel_output_shadow_config)
    timer_configuration                      0x08002005   Thumb Code   362  main.o(i.timer_configuration)
    timer_deinit                             0x08002179   Thumb Code   186  gd32f3x0_timer.o(i.timer_deinit)
    timer_disable                            0x0800223d   Thumb Code    10  gd32f3x0_timer.o(i.timer_disable)
    timer_enable                             0x08002247   Thumb Code    10  gd32f3x0_timer.o(i.timer_enable)
    timer_init                               0x08002251   Thumb Code   146  gd32f3x0_timer.o(i.timer_init)
    timer_interrupt_enable                   0x080022fd   Thumb Code     8  gd32f3x0_timer.o(i.timer_interrupt_enable)
    timer_interrupt_flag_clear               0x08002305   Thumb Code     6  gd32f3x0_timer.o(i.timer_interrupt_flag_clear)
    timer_interrupt_flag_get                 0x0800230b   Thumb Code    24  gd32f3x0_timer.o(i.timer_interrupt_flag_get)
    timer_primary_output_config              0x08002323   Thumb Code    24  gd32f3x0_timer.o(i.timer_primary_output_config)
    Region$$Table$$Base                      0x0800233c   Number         0  anon$$obj.o(Region$$Table)
    Region$$Table$$Limit                     0x0800235c   Number         0  anon$$obj.o(Region$$Table)
    timer                                    0x20000000   Data           4  gd32f3x0_it.o(.data)
    SC7A20_REG                               0x20000004   Data          12  main.o(.data)
    OUT_X                                    0x20000010   Data           2  main.o(.data)
    OUT_Y                                    0x20000012   Data           2  main.o(.data)
    OUT_Z                                    0x20000014   Data           2  main.o(.data)
    SC7A20_OUT_X                             0x20000016   Data           2  main.o(.data)
    SC7A20_OUT_Y                             0x20000018   Data           2  main.o(.data)
    SC7A20_OUT_Z                             0x2000001a   Data           2  main.o(.data)
    i2c_buffer_receiver                      0x2000001c   Data           7  main.o(.data)
    normal_light                             0x20000024   Data           4  main.o(.data)
    brake_light                              0x20000028   Data           4  main.o(.data)
    led_off                                  0x2000002c   Data           4  main.o(.data)
    i2c_txbuffer                             0x20000030   Data           4  main.o(.data)
    i2c_rxbuffer                             0x20000034   Data           4  main.o(.data)
    I2C_nBytes                               0x20000038   Data           2  main.o(.data)
    X1                                       0x2000003c   Data           4  main.o(.data)
    X2                                       0x20000040   Data           4  main.o(.data)
    X3                                       0x20000044   Data           4  main.o(.data)
    Y1                                       0x20000048   Data           4  main.o(.data)
    Y2                                       0x2000004c   Data           4  main.o(.data)
    Y                                        0x20000050   Data           4  main.o(.data)
    SystemCoreClock                          0x20000058   Data           4  system_gd32f3x0.o(.data)
    event1                                   0x2000005c   Data           4  i2c0_ie.o(.data)
    R_W                                      0x20000060   Data           4  i2c0_ie.o(.data)
    __initial_sp                             0x20000490   Data           0  startup_gd32f3x0.o(STACK)



==============================================================================

Memory Map of the image

  Image Entry point : 0x08000151

  Load Region LR_IROM1 (Base: 0x08000000, Size: 0x000023ec, Max: 0x00010000, ABSOLUTE)

    Execution Region ER_IROM1 (Exec base: 0x08000000, Load base: 0x08000000, Size: 0x0000235c, Max: 0x00010000, ABSOLUTE)

    Exec Addr    Load Addr    Size         Type   Attr      Idx    E Section Name        Object

    0x08000000   0x08000000   0x00000150   Data   RO         4075    RESET               startup_gd32f3x0.o
    0x08000150   0x08000150   0x00000000   Code   RO         4114  * .ARM.Collect$$$$00000000  mc_w.l(entry.o)
    0x08000150   0x08000150   0x00000004   Code   RO         4131    .ARM.Collect$$$$00000001  mc_w.l(entry2.o)
    0x08000154   0x08000154   0x00000004   Code   RO         4134    .ARM.Collect$$$$00000004  mc_w.l(entry5.o)
    0x08000158   0x08000158   0x00000000   Code   RO         4136    .ARM.Collect$$$$00000008  mc_w.l(entry7b.o)
    0x08000158   0x08000158   0x00000000   Code   RO         4138    .ARM.Collect$$$$0000000A  mc_w.l(entry8b.o)
    0x08000158   0x08000158   0x00000008   Code   RO         4139    .ARM.Collect$$$$0000000B  mc_w.l(entry9a.o)
    0x08000160   0x08000160   0x00000004   Code   RO         4146    .ARM.Collect$$$$0000000E  mc_w.l(entry12b.o)
    0x08000164   0x08000164   0x00000000   Code   RO         4141    .ARM.Collect$$$$0000000F  mc_w.l(entry10a.o)
    0x08000164   0x08000164   0x00000000   Code   RO         4143    .ARM.Collect$$$$00000011  mc_w.l(entry11a.o)
    0x08000164   0x08000164   0x00000004   Code   RO         4132    .ARM.Collect$$$$00002712  mc_w.l(entry2.o)
    0x08000168   0x08000168   0x00000024   Code   RO         4076    .text               startup_gd32f3x0.o
    0x0800018c   0x0800018c   0x0000014e   Code   RO         4117    .text               mf_w.l(dadd.o)
    0x080002da   0x080002da   0x000000e4   Code   RO         4119    .text               mf_w.l(dmul.o)
    0x080003be   0x080003be   0x00000012   Code   RO         4121    .text               mf_w.l(fflti.o)
    0x080003d0   0x080003d0   0x00000026   Code   RO         4123    .text               mf_w.l(f2d.o)
    0x080003f6   0x080003f6   0x00000038   Code   RO         4125    .text               mf_w.l(d2f.o)
    0x0800042e   0x0800042e   0x00000002   PAD
    0x08000430   0x08000430   0x00000014   Code   RO         4127    .text               mf_w.l(cfcmple.o)
    0x08000444   0x08000444   0x00000014   Code   RO         4129    .text               mf_w.l(cfrcmple.o)
    0x08000458   0x08000458   0x0000001e   Code   RO         4147    .text               mc_w.l(llshl.o)
    0x08000476   0x08000476   0x00000024   Code   RO         4149    .text               mc_w.l(llsshr.o)
    0x0800049a   0x0800049a   0x00000000   Code   RO         4151    .text               mc_w.l(iusefp.o)
    0x0800049a   0x0800049a   0x0000006e   Code   RO         4152    .text               mf_w.l(fepilogue.o)
    0x08000508   0x08000508   0x000000ba   Code   RO         4154    .text               mf_w.l(depilogue.o)
    0x080005c2   0x080005c2   0x00000002   PAD
    0x080005c4   0x080005c4   0x00000024   Code   RO         4156    .text               mc_w.l(init.o)
    0x080005e8   0x080005e8   0x00000020   Code   RO         4158    .text               mc_w.l(llushr.o)
    0x08000608   0x08000608   0x00000004   Code   RO            3    i.BusFault_Handler  gd32f3x0_it.o
    0x0800060c   0x0800060c   0x00000002   Code   RO            4    i.DebugMon_Handler  gd32f3x0_it.o
    0x0800060e   0x0800060e   0x00000002   Code   RO            5    i.EXTI0_1_IRQHandler  gd32f3x0_it.o
    0x08000610   0x08000610   0x00000002   Code   RO            6    i.EXTI2_3_IRQHandler  gd32f3x0_it.o
    0x08000612   0x08000612   0x00000002   PAD
    0x08000614   0x08000614   0x00000074   Code   RO            7    i.EXTI4_15_IRQHandler  gd32f3x0_it.o
    0x08000688   0x08000688   0x00000004   Code   RO            8    i.HardFault_Handler  gd32f3x0_it.o
    0x0800068c   0x0800068c   0x00000008   Code   RO            9    i.I2C0_ER_IRQHandler  gd32f3x0_it.o
    0x08000694   0x08000694   0x00000008   Code   RO           10    i.I2C0_EV_IRQHandler  gd32f3x0_it.o
    0x0800069c   0x0800069c   0x000000c0   Code   RO         4045    i.I2C0_ErrorIRQ_Handler  i2c0_ie.o
    0x0800075c   0x0800075c   0x00000150   Code   RO         4046    i.I2C0_EventIRQ_Handler  i2c0_ie.o
    0x080008ac   0x080008ac   0x00000004   Code   RO           11    i.MemManage_Handler  gd32f3x0_it.o
    0x080008b0   0x080008b0   0x00000002   Code   RO           12    i.NMI_Handler       gd32f3x0_it.o
    0x080008b2   0x080008b2   0x00000002   PAD
    0x080008b4   0x080008b4   0x00000028   Code   RO          356    i.NVIC_SetPriority  systick.o
    0x080008dc   0x080008dc   0x00000002   Code   RO           13    i.PendSV_Handler    gd32f3x0_it.o
    0x080008de   0x080008de   0x00000002   Code   RO           14    i.SVC_Handler       gd32f3x0_it.o
    0x080008e0   0x080008e0   0x00000008   Code   RO           15    i.SysTick_Handler   gd32f3x0_it.o
    0x080008e8   0x080008e8   0x00000200   Code   RO          400    i.SystemInit        system_gd32f3x0.o
    0x08000ae8   0x08000ae8   0x00000038   Code   RO           16    i.TIMER1_IRQHandler  gd32f3x0_it.o
    0x08000b20   0x08000b20   0x00000004   Code   RO           17    i.UsageFault_Handler  gd32f3x0_it.o
    0x08000b24   0x08000b24   0x0000000e   Code   RO         4162    i.__scatterload_copy  mc_w.l(handlers.o)
    0x08000b32   0x08000b32   0x00000002   Code   RO         4163    i.__scatterload_null  mc_w.l(handlers.o)
    0x08000b34   0x08000b34   0x0000000e   Code   RO         4164    i.__scatterload_zeroinit  mc_w.l(handlers.o)
    0x08000b42   0x08000b42   0x00000002   PAD
    0x08000b44   0x08000b44   0x00000014   Code   RO          357    i.delay_1ms         systick.o
    0x08000b58   0x08000b58   0x00000018   Code   RO          358    i.delay_decrement   systick.o
    0x08000b70   0x08000b70   0x000000bc   Code   RO         1223    i.exti_init         gd32f3x0_exti.o
    0x08000c2c   0x08000c2c   0x0000000c   Code   RO         1226    i.exti_interrupt_flag_clear  gd32f3x0_exti.o
    0x08000c38   0x08000c38   0x00000024   Code   RO         1227    i.exti_interrupt_flag_get  gd32f3x0_exti.o
    0x08000c5c   0x08000c5c   0x00000010   Code   RO         1511    i.fwdgt_counter_reload  gd32f3x0_fwdgt.o
    0x08000c6c   0x08000c6c   0x00000084   Code   RO         4082    i.gd_eval_INT_init  gd32f350r_eval.o
    0x08000cf0   0x08000cf0   0x0000005e   Code   RO         1578    i.gpio_af_set       gd32f3x0_gpio.o
    0x08000d4e   0x08000d4e   0x000000b0   Code   RO          217    i.gpio_configuration  main.o
    0x08000dfe   0x08000dfe   0x0000004e   Code   RO         1586    i.gpio_mode_set     gd32f3x0_gpio.o
    0x08000e4c   0x08000e4c   0x0000007c   Code   RO         1588    i.gpio_output_options_set  gd32f3x0_gpio.o
    0x08000ec8   0x08000ec8   0x00000010   Code   RO         1682    i.i2c_ack_config    gd32f3x0_i2c.o
    0x08000ed8   0x08000ed8   0x00000010   Code   RO         1683    i.i2c_ackpos_config  gd32f3x0_i2c.o
    0x08000ee8   0x08000ee8   0x00000138   Code   RO         1684    i.i2c_clock_config  gd32f3x0_i2c.o
    0x08001020   0x08001020   0x00000034   Code   RO          218    i.i2c_config        main.o
    0x08001054   0x08001054   0x00000008   Code   RO         1685    i.i2c_data_receive  gd32f3x0_i2c.o
    0x0800105c   0x0800105c   0x00000006   Code   RO         1686    i.i2c_data_transmit  gd32f3x0_i2c.o
    0x08001062   0x08001062   0x000000ac   Code   RO          219    i.i2c_data_write    main.o
    0x0800110e   0x0800110e   0x0000000a   Code   RO         1693    i.i2c_enable        gd32f3x0_i2c.o
    0x08001118   0x08001118   0x00000028   Code   RO         1694    i.i2c_flag_clear    gd32f3x0_i2c.o
    0x08001140   0x08001140   0x0000001e   Code   RO         1695    i.i2c_flag_get      gd32f3x0_i2c.o
    0x0800115e   0x0800115e   0x0000001a   Code   RO         1696    i.i2c_interrupt_disable  gd32f3x0_i2c.o
    0x08001178   0x08001178   0x0000001a   Code   RO         1697    i.i2c_interrupt_enable  gd32f3x0_i2c.o
    0x08001192   0x08001192   0x00000002   PAD
    0x08001194   0x08001194   0x0000002c   Code   RO         1698    i.i2c_interrupt_flag_clear  gd32f3x0_i2c.o
    0x080011c0   0x080011c0   0x0000005c   Code   RO         1699    i.i2c_interrupt_flag_get  gd32f3x0_i2c.o
    0x0800121c   0x0800121c   0x00000014   Code   RO         1700    i.i2c_master_addressing  gd32f3x0_i2c.o
    0x08001230   0x08001230   0x0000001c   Code   RO         1701    i.i2c_mode_addr_config  gd32f3x0_i2c.o
    0x0800124c   0x0800124c   0x00000020   Code   RO          220    i.i2c_nvic_config   main.o
    0x0800126c   0x0800126c   0x0000000a   Code   RO         1710    i.i2c_start_on_bus  gd32f3x0_i2c.o
    0x08001276   0x08001276   0x0000000a   Code   RO         1711    i.i2c_stop_on_bus   gd32f3x0_i2c.o
    0x08001280   0x08001280   0x00000014   Code   RO          221    i.irc40k_config     main.o
    0x08001294   0x08001294   0x000000d0   Code   RO          222    i.main              main.o
    0x08001364   0x08001364   0x000000ac   Code   RO         1883    i.nvic_irq_enable   gd32f3x0_misc.o
    0x08001410   0x08001410   0x00000014   Code   RO         1884    i.nvic_priority_group_set  gd32f3x0_misc.o
    0x08001424   0x08001424   0x00000018   Code   RO         1885    i.nvic_vector_table_set  gd32f3x0_misc.o
    0x0800143c   0x0800143c   0x00000014   Code   RO         2075    i.rcu_all_reset_flag_clear  gd32f3x0_rcu.o
    0x08001450   0x08001450   0x0000029c   Code   RO         2083    i.rcu_clock_freq_get  gd32f3x0_rcu.o
    0x080016ec   0x080016ec   0x00000014   Code   RO          223    i.rcu_config        main.o
    0x08001700   0x08001700   0x00000024   Code   RO         2086    i.rcu_flag_get      gd32f3x0_rcu.o
    0x08001724   0x08001724   0x00000020   Code   RO         2100    i.rcu_osci_on       gd32f3x0_rcu.o
    0x08001744   0x08001744   0x00000138   Code   RO         2101    i.rcu_osci_stab_wait  gd32f3x0_rcu.o
    0x0800187c   0x0800187c   0x00000020   Code   RO         2103    i.rcu_periph_clock_enable  gd32f3x0_rcu.o
    0x0800189c   0x0800189c   0x00000020   Code   RO         2106    i.rcu_periph_reset_disable  gd32f3x0_rcu.o
    0x080018bc   0x080018bc   0x00000020   Code   RO         2107    i.rcu_periph_reset_enable  gd32f3x0_rcu.o
    0x080018dc   0x080018dc   0x0000007c   Code   RO          224    i.sc7a20_Init       main.o
    0x08001958   0x08001958   0x000001fc   Code   RO          225    i.sc7a20_manage     main.o
    0x08001b54   0x08001b54   0x000000a0   Code   RO         2804    i.syscfg_exti_line_config  gd32f3x0_syscfg.o
    0x08001bf4   0x08001bf4   0x000000c8   Code   RO          401    i.system_clock_72m_hxtal  system_gd32f3x0.o
    0x08001cbc   0x08001cbc   0x00000008   Code   RO          402    i.system_clock_config  system_gd32f3x0.o
    0x08001cc4   0x08001cc4   0x00000050   Code   RO          359    i.systick_config    systick.o
    0x08001d14   0x08001d14   0x0000000a   Code   RO         2880    i.timer_auto_reload_shadow_enable  gd32f3x0_timer.o
    0x08001d1e   0x08001d1e   0x00000002   PAD
    0x08001d20   0x08001d20   0x00000208   Code   RO         2897    i.timer_channel_output_config  gd32f3x0_timer.o
    0x08001f28   0x08001f28   0x0000005a   Code   RO         2899    i.timer_channel_output_mode_config  gd32f3x0_timer.o
    0x08001f82   0x08001f82   0x00000026   Code   RO         2901    i.timer_channel_output_pulse_value_config  gd32f3x0_timer.o
    0x08001fa8   0x08001fa8   0x0000005a   Code   RO         2902    i.timer_channel_output_shadow_config  gd32f3x0_timer.o
    0x08002002   0x08002002   0x00000002   PAD
    0x08002004   0x08002004   0x00000174   Code   RO          226    i.timer_configuration  main.o
    0x08002178   0x08002178   0x000000c4   Code   RO         2911    i.timer_deinit      gd32f3x0_timer.o
    0x0800223c   0x0800223c   0x0000000a   Code   RO         2912    i.timer_disable     gd32f3x0_timer.o
    0x08002246   0x08002246   0x0000000a   Code   RO         2916    i.timer_enable      gd32f3x0_timer.o
    0x08002250   0x08002250   0x000000ac   Code   RO         2926    i.timer_init        gd32f3x0_timer.o
    0x080022fc   0x080022fc   0x00000008   Code   RO         2933    i.timer_interrupt_enable  gd32f3x0_timer.o
    0x08002304   0x08002304   0x00000006   Code   RO         2934    i.timer_interrupt_flag_clear  gd32f3x0_timer.o
    0x0800230a   0x0800230a   0x00000018   Code   RO         2935    i.timer_interrupt_flag_get  gd32f3x0_timer.o
    0x08002322   0x08002322   0x00000018   Code   RO         2942    i.timer_primary_output_config  gd32f3x0_timer.o
    0x0800233a   0x0800233a   0x00000002   PAD
    0x0800233c   0x0800233c   0x00000020   Data   RO         4160    Region$$Table       anon$$obj.o


    Execution Region RW_IRAM1 (Exec base: 0x20000000, Load base: 0x0800235c, Size: 0x00000490, Max: 0x00002000, ABSOLUTE)

    Exec Addr    Load Addr    Size         Type   Attr      Idx    E Section Name        Object

    0x20000000   0x0800235c   0x00000004   Data   RW           18    .data               gd32f3x0_it.o
    0x20000004   0x08002360   0x00000050   Data   RW          227    .data               main.o
    0x20000054   0x080023b0   0x00000004   Data   RW          360    .data               systick.o
    0x20000058   0x080023b4   0x00000004   Data   RW          403    .data               system_gd32f3x0.o
    0x2000005c   0x080023b8   0x00000008   Data   RW         4048    .data               i2c0_ie.o
    0x20000064   0x080023c0   0x0000002c   Data   RW         4085    .data               gd32f350r_eval.o
    0x20000090        -       0x00000400   Zero   RW         4073    STACK               startup_gd32f3x0.o


==============================================================================

Image component sizes


      Code (inc. data)   RO Data    RW Data    ZI Data      Debug   Object Name

       132         24          0         44          0       1655   gd32f350r_eval.o
       236         14          0          0          0       2126   gd32f3x0_exti.o
        16          6          0          0          0        567   gd32f3x0_fwdgt.o
       296          0          0          0          0       2660   gd32f3x0_gpio.o
       694         26          0          0          0      11279   gd32f3x0_i2c.o
       224         22          0          4          0      59216   gd32f3x0_it.o
       216         28          0          0          0       2148   gd32f3x0_misc.o
      1164         80          0          0          0       6809   gd32f3x0_rcu.o
       160          6          0          0          0        798   gd32f3x0_syscfg.o
      1198         54          0          0          0       9740   gd32f3x0_timer.o
       528         66          0          8          0       1898   i2c0_ie.o
      1684        156          0         80          0      26894   main.o
        36          8        336          0       1024        892   startup_gd32f3x0.o
       720         50          0          4          0       3151   system_gd32f3x0.o
       164         24          0          4          0      27338   systick.o

    ----------------------------------------------------------------------
      7480        564        368        144       1024     157171   Object Totals
         0          0         32          0          0          0   (incl. Generated)
        12          0          0          0          0          0   (incl. Padding)

    ----------------------------------------------------------------------

      Code (inc. data)   RO Data    RW Data    ZI Data      Debug   Library Member Name

         0          0          0          0          0          0   entry.o
         0          0          0          0          0          0   entry10a.o
         0          0          0          0          0          0   entry11a.o
         4          0          0          0          0          0   entry12b.o
         8          4          0          0          0          0   entry2.o
         4          0          0          0          0          0   entry5.o
         0          0          0          0          0          0   entry7b.o
         0          0          0          0          0          0   entry8b.o
         8          4          0          0          0          0   entry9a.o
        30          0          0          0          0          0   handlers.o
        36          8          0          0          0         68   init.o
         0          0          0          0          0          0   iusefp.o
        30          0          0          0          0         68   llshl.o
        36          0          0          0          0         68   llsshr.o
        32          0          0          0          0         68   llushr.o
        20          0          0          0          0         68   cfcmple.o
        20          0          0          0          0         68   cfrcmple.o
        56          0          0          0          0         88   d2f.o
       334          0          0          0          0        148   dadd.o
       186          0          0          0          0        176   depilogue.o
       228          0          0          0          0         96   dmul.o
        38          0          0          0          0         68   f2d.o
       110          0          0          0          0        168   fepilogue.o
        18          0          0          0          0         68   fflti.o

    ----------------------------------------------------------------------
      1204         16          0          0          0       1220   Library Totals
         6          0          0          0          0          0   (incl. Padding)

    ----------------------------------------------------------------------

      Code (inc. data)   RO Data    RW Data    ZI Data      Debug   Library Name

       188         16          0          0          0        272   mc_w.l
      1010          0          0          0          0        948   mf_w.l

    ----------------------------------------------------------------------
      1204         16          0          0          0       1220   Library Totals

    ----------------------------------------------------------------------

==============================================================================


      Code (inc. data)   RO Data    RW Data    ZI Data      Debug   

      8684        580        368        144       1024     153863   Grand Totals
      8684        580        368        144       1024     153863   ELF Image Totals
      8684        580        368        144          0          0   ROM Totals

==============================================================================

    Total RO  Size (Code + RO Data)                 9052 (   8.84kB)
    Total RW  Size (RW Data + ZI Data)              1168 (   1.14kB)
    Total ROM Size (Code + RO Data + RW Data)       9196 (   8.98kB)

==============================================================================

