Component: Arm Compiler for Embedded 6.19 Tool: armlink [5e73cb00]

==============================================================================

Section Cross References

    gd32f3x0_it.o(.ARM.exidx.text.NMI_Handler) refers to gd32f3x0_it.o(.text.NMI_Handler) for [Anonymous Symbol]
    gd32f3x0_it.o(.ARM.exidx.text.HardFault_Handler) refers to gd32f3x0_it.o(.text.HardFault_Handler) for [Anonymous Symbol]
    gd32f3x0_it.o(.ARM.exidx.text.MemManage_Handler) refers to gd32f3x0_it.o(.text.MemManage_Handler) for [Anonymous Symbol]
    gd32f3x0_it.o(.ARM.exidx.text.BusFault_Handler) refers to gd32f3x0_it.o(.text.BusFault_Handler) for [Anonymous Symbol]
    gd32f3x0_it.o(.ARM.exidx.text.UsageFault_Handler) refers to gd32f3x0_it.o(.text.UsageFault_Handler) for [Anonymous Symbol]
    gd32f3x0_it.o(.ARM.exidx.text.SVC_Handler) refers to gd32f3x0_it.o(.text.SVC_Handler) for [Anonymous Symbol]
    gd32f3x0_it.o(.ARM.exidx.text.DebugMon_Handler) refers to gd32f3x0_it.o(.text.DebugMon_Handler) for [Anonymous Symbol]
    gd32f3x0_it.o(.ARM.exidx.text.PendSV_Handler) refers to gd32f3x0_it.o(.text.PendSV_Handler) for [Anonymous Symbol]
    gd32f3x0_it.o(.text.SysTick_Handler) refers to systick.o(.text.delay_decrement) for delay_decrement
    gd32f3x0_it.o(.ARM.exidx.text.SysTick_Handler) refers to gd32f3x0_it.o(.text.SysTick_Handler) for [Anonymous Symbol]
    gd32f3x0_it.o(.ARM.exidx.text.EXTI0_1_IRQHandler) refers to gd32f3x0_it.o(.text.EXTI0_1_IRQHandler) for [Anonymous Symbol]
    gd32f3x0_it.o(.ARM.exidx.text.EXTI2_3_IRQHandler) refers to gd32f3x0_it.o(.text.EXTI2_3_IRQHandler) for [Anonymous Symbol]
    gd32f3x0_it.o(.text.EXTI4_15_IRQHandler) refers to gd32f3x0_exti.o(.text.exti_interrupt_flag_get) for exti_interrupt_flag_get
    gd32f3x0_it.o(.text.EXTI4_15_IRQHandler) refers to gd32f3x0_exti.o(.text.exti_interrupt_flag_clear) for exti_interrupt_flag_clear
    gd32f3x0_it.o(.text.EXTI4_15_IRQHandler) refers to gd32f3x0_i2c.o(.text.i2c_enable) for i2c_enable
    gd32f3x0_it.o(.text.EXTI4_15_IRQHandler) refers to gd32f3x0_i2c.o(.text.i2c_ack_config) for i2c_ack_config
    gd32f3x0_it.o(.text.EXTI4_15_IRQHandler) refers to gd32f3x0_i2c.o(.text.i2c_interrupt_enable) for i2c_interrupt_enable
    gd32f3x0_it.o(.text.EXTI4_15_IRQHandler) refers to gd32f3x0_i2c.o(.text.i2c_flag_get) for i2c_flag_get
    gd32f3x0_it.o(.text.EXTI4_15_IRQHandler) refers to gd32f3x0_i2c.o(.text.i2c_start_on_bus) for i2c_start_on_bus
    gd32f3x0_it.o(.text.EXTI4_15_IRQHandler) refers to main.o(.bss.i2c_rxbuffer) for i2c_rxbuffer
    gd32f3x0_it.o(.text.EXTI4_15_IRQHandler) refers to main.o(.bss.i2c_buffer_receiver) for i2c_buffer_receiver
    gd32f3x0_it.o(.text.EXTI4_15_IRQHandler) refers to i2c0_ie.o(.bss.R_W) for R_W
    gd32f3x0_it.o(.ARM.exidx.text.EXTI4_15_IRQHandler) refers to gd32f3x0_it.o(.text.EXTI4_15_IRQHandler) for [Anonymous Symbol]
    gd32f3x0_it.o(.text.I2C0_EV_IRQHandler) refers to i2c0_ie.o(.text.I2C0_EventIRQ_Handler) for I2C0_EventIRQ_Handler
    gd32f3x0_it.o(.ARM.exidx.text.I2C0_EV_IRQHandler) refers to gd32f3x0_it.o(.text.I2C0_EV_IRQHandler) for [Anonymous Symbol]
    gd32f3x0_it.o(.text.I2C0_ER_IRQHandler) refers to i2c0_ie.o(.text.I2C0_ErrorIRQ_Handler) for I2C0_ErrorIRQ_Handler
    gd32f3x0_it.o(.ARM.exidx.text.I2C0_ER_IRQHandler) refers to gd32f3x0_it.o(.text.I2C0_ER_IRQHandler) for [Anonymous Symbol]
    gd32f3x0_it.o(.text.TIMER1_IRQHandler) refers to gd32f3x0_timer.o(.text.timer_interrupt_flag_get) for timer_interrupt_flag_get
    gd32f3x0_it.o(.text.TIMER1_IRQHandler) refers to gd32f3x0_it.o(.bss.timer) for timer
    gd32f3x0_it.o(.text.TIMER1_IRQHandler) refers to gd32f3x0_timer.o(.text.timer_disable) for timer_disable
    gd32f3x0_it.o(.text.TIMER1_IRQHandler) refers to gd32f3x0_timer.o(.text.timer_interrupt_flag_clear) for timer_interrupt_flag_clear
    gd32f3x0_it.o(.ARM.exidx.text.TIMER1_IRQHandler) refers to gd32f3x0_it.o(.text.TIMER1_IRQHandler) for [Anonymous Symbol]
    main.o(.text.main) refers to gd32f3x0_rcu.o(.text.rcu_periph_clock_enable) for rcu_periph_clock_enable
    main.o(.text.main) refers to main.o(.text.gpio_configuration) for gpio_configuration
    main.o(.text.main) refers to systick.o(.text.systick_config) for systick_config
    main.o(.text.main) refers to gd32f3x0_misc.o(.text.nvic_priority_group_set) for nvic_priority_group_set
    main.o(.text.main) refers to gd32f3x0_misc.o(.text.nvic_irq_enable) for nvic_irq_enable
    main.o(.text.main) refers to gd32f3x0_i2c.o(.text.i2c_clock_config) for i2c_clock_config
    main.o(.text.main) refers to gd32f3x0_i2c.o(.text.i2c_mode_addr_config) for i2c_mode_addr_config
    main.o(.text.main) refers to gd32f3x0_i2c.o(.text.i2c_enable) for i2c_enable
    main.o(.text.main) refers to gd32f3x0_i2c.o(.text.i2c_ack_config) for i2c_ack_config
    main.o(.text.main) refers to gd32f3x0_rcu.o(.text.rcu_osci_on) for rcu_osci_on
[...]
    Removing gd32f3x0_spi.o(.ARM.exidx.text.spi_crc_off), (8 bytes).
    Removing gd32f3x0_spi.o(.text.spi_crc_next), (10 bytes).
    Removing gd32f3x0_spi.o(.ARM.exidx.text.spi_crc_next), (8 bytes).
    Removing gd32f3x0_spi.o(.text.spi_crc_get), (14 bytes).
    Removing gd32f3x0_spi.o(.ARM.exidx.text.spi_crc_get), (8 bytes).
    Removing gd32f3x0_spi.o(.text.spi_ti_mode_enable), (10 bytes).
    Removing gd32f3x0_spi.o(.ARM.exidx.text.spi_ti_mode_enable), (8 bytes).
    Removing gd32f3x0_spi.o(.text.spi_ti_mode_disable), (10 bytes).
    Removing gd32f3x0_spi.o(.ARM.exidx.text.spi_ti_mode_disable), (8 bytes).
    Removing gd32f3x0_spi.o(.text.spi_nssp_mode_enable), (10 bytes).
    Removing gd32f3x0_spi.o(.ARM.exidx.text.spi_nssp_mode_enable), (8 bytes).
    Removing gd32f3x0_spi.o(.text.spi_nssp_mode_disable), (10 bytes).
    Removing gd32f3x0_spi.o(.ARM.exidx.text.spi_nssp_mode_disable), (8 bytes).
    Removing gd32f3x0_spi.o(.text.spi_quad_enable), (14 bytes).
    Removing gd32f3x0_spi.o(.ARM.exidx.text.spi_quad_enable), (8 bytes).
    Removing gd32f3x0_spi.o(.text.spi_quad_disable), (14 bytes).
    Removing gd32f3x0_spi.o(.ARM.exidx.text.spi_quad_disable), (8 bytes).
    Removing gd32f3x0_spi.o(.text.spi_quad_write_enable), (14 bytes).
    Removing gd32f3x0_spi.o(.ARM.exidx.text.spi_quad_write_enable), (8 bytes).
    Removing gd32f3x0_spi.o(.text.spi_quad_read_enable), (14 bytes).
    Removing gd32f3x0_spi.o(.ARM.exidx.text.spi_quad_read_enable), (8 bytes).
    Removing gd32f3x0_spi.o(.text.spi_quad_io23_output_enable), (14 bytes).
    Removing gd32f3x0_spi.o(.ARM.exidx.text.spi_quad_io23_output_enable), (8 bytes).
    Removing gd32f3x0_spi.o(.text.spi_quad_io23_output_disable), (14 bytes).
    Removing gd32f3x0_spi.o(.ARM.exidx.text.spi_quad_io23_output_disable), (8 bytes).
    Removing gd32f3x0_spi.o(.text.spi_i2s_flag_get), (10 bytes).
    Removing gd32f3x0_spi.o(.ARM.exidx.text.spi_i2s_flag_get), (8 bytes).
    Removing gd32f3x0_spi.o(.text.spi_i2s_interrupt_enable), (8 bytes).
    Removing gd32f3x0_spi.o(.ARM.exidx.text.spi_i2s_interrupt_enable), (8 bytes).
    Removing gd32f3x0_spi.o(.text.spi_i2s_interrupt_disable), (10 bytes).
    Removing gd32f3x0_spi.o(.ARM.exidx.text.spi_i2s_interrupt_disable), (8 bytes).
    Removing gd32f3x0_spi.o(.text.spi_i2s_interrupt_flag_get), (104 bytes).
    Removing gd32f3x0_spi.o(.ARM.exidx.text.spi_i2s_interrupt_flag_get), (8 bytes).
    Removing gd32f3x0_spi.o(.text.spi_crc_error_clear), (10 bytes).
    Removing gd32f3x0_spi.o(.ARM.exidx.text.spi_crc_error_clear), (8 bytes).
    Removing gd32f3x0_syscfg.o(.text), (0 bytes).
    Removing gd32f3x0_syscfg.o(.text.syscfg_deinit), (22 bytes).
    Removing gd32f3x0_syscfg.o(.ARM.exidx.text.syscfg_deinit), (8 bytes).
    Removing gd32f3x0_syscfg.o(.text.syscfg_dma_remap_enable), (14 bytes).
    Removing gd32f3x0_syscfg.o(.ARM.exidx.text.syscfg_dma_remap_enable), (8 bytes).
    Removing gd32f3x0_syscfg.o(.text.syscfg_dma_remap_disable), (16 bytes).
    Removing gd32f3x0_syscfg.o(.ARM.exidx.text.syscfg_dma_remap_disable), (8 bytes).
    Removing gd32f3x0_syscfg.o(.text.syscfg_high_current_enable), (16 bytes).
    Removing gd32f3x0_syscfg.o(.ARM.exidx.text.syscfg_high_current_enable), (8 bytes).
    Removing gd32f3x0_syscfg.o(.text.syscfg_high_current_disable), (16 bytes).
    Removing gd32f3x0_syscfg.o(.ARM.exidx.text.syscfg_high_current_disable), (8 bytes).
    Removing gd32f3x0_syscfg.o(.ARM.exidx.text.syscfg_exti_line_config), (8 bytes).
    Removing gd32f3x0_syscfg.o(.text.syscfg_lock_config), (14 bytes).
    Removing gd32f3x0_syscfg.o(.ARM.exidx.text.syscfg_lock_config), (8 bytes).
    Removing gd32f3x0_syscfg.o(.text.syscfg_flag_get), (16 bytes).
    Removing gd32f3x0_syscfg.o(.ARM.exidx.text.syscfg_flag_get), (8 bytes).
    Removing gd32f3x0_syscfg.o(.text.syscfg_flag_clear), (14 bytes).
    Removing gd32f3x0_syscfg.o(.ARM.exidx.text.syscfg_flag_clear), (8 bytes).
    Removing gd32f3x0_syscfg.o(.text.syscfg_compensation_config), (18 bytes).
    Removing gd32f3x0_syscfg.o(.ARM.exidx.text.syscfg_compensation_config), (8 bytes).
    Removing gd32f3x0_syscfg.o(.text.syscfg_cps_rdy_flag_get), (14 bytes).
    Removing gd32f3x0_syscfg.o(.ARM.exidx.text.syscfg_cps_rdy_flag_get), (8 bytes).
    Removing gd32f3x0_timer.o(.text), (0 bytes).
    Removing gd32f3x0_timer.o(.ARM.exidx.text.timer_deinit), (8 bytes).
    Removing gd32f3x0_timer.o(.text.timer_struct_para_init), (16 bytes).
    Removing gd32f3x0_timer.o(.ARM.exidx.text.timer_struct_para_init), (8 bytes).
    Removing gd32f3x0_timer.o(.ARM.exidx.text.timer_init), (8 bytes).
    Removing gd32f3x0_timer.o(.ARM.exidx.text.timer_enable), (8 bytes).
    Removing gd32f3x0_timer.o(.ARM.exidx.text.timer_disable), (8 bytes).
    Removing gd32f3x0_timer.o(.ARM.exidx.text.timer_auto_reload_shadow_enable), (8 bytes).
    Removing gd32f3x0_timer.o(.text.timer_auto_reload_shadow_disable), (10 bytes).
    Removing gd32f3x0_timer.o(.ARM.exidx.text.timer_auto_reload_shadow_disable), (8 bytes).
    Removing gd32f3x0_timer.o(.text.timer_update_event_enable), (10 bytes).
    Removing gd32f3x0_timer.o(.ARM.exidx.text.timer_update_event_enable), (8 bytes).
    Removing gd32f3x0_timer.o(.text.timer_update_event_disable), (10 bytes).
    Removing gd32f3x0_timer.o(.ARM.exidx.text.timer_update_event_disable), (8 bytes).
    Removing gd32f3x0_timer.o(.text.timer_counter_alignment), (16 bytes).
    Removing gd32f3x0_timer.o(.ARM.exidx.text.timer_counter_alignment), (8 bytes).
    Removing gd32f3x0_timer.o(.text.timer_counter_up_direction), (10 bytes).
    Removing gd32f3x0_timer.o(.ARM.exidx.text.timer_counter_up_direction), (8 bytes).
    Removing gd32f3x0_timer.o(.text.timer_counter_down_direction), (10 bytes).
    Removing gd32f3x0_timer.o(.ARM.exidx.text.timer_counter_down_direction), (8 bytes).
    Removing gd32f3x0_timer.o(.text.timer_prescaler_config), (18 bytes).
    Removing gd32f3x0_timer.o(.ARM.exidx.text.timer_prescaler_config), (8 bytes).
    Removing gd32f3x0_timer.o(.text.timer_repetition_value_config), (4 bytes).
    Removing gd32f3x0_timer.o(.ARM.exidx.text.timer_repetition_value_config), (8 bytes).
    Removing gd32f3x0_timer.o(.text.timer_autoreload_value_config), (4 bytes).
    Removing gd32f3x0_timer.o(.ARM.exidx.text.timer_autoreload_value_config), (8 bytes).
    Removing gd32f3x0_timer.o(.text.timer_counter_value_config), (4 bytes).
    Removing gd32f3x0_timer.o(.ARM.exidx.text.timer_counter_value_config), (8 bytes).
    Removing gd32f3x0_timer.o(.text.timer_counter_read), (4 bytes).
    Removing gd32f3x0_timer.o(.ARM.exidx.text.timer_counter_read), (8 bytes).
    Removing gd32f3x0_timer.o(.text.timer_prescaler_read), (6 bytes).
    Removing gd32f3x0_timer.o(.ARM.exidx.text.timer_prescaler_read), (8 bytes).
    Removing gd32f3x0_timer.o(.text.timer_single_pulse_mode_config), (30 bytes).
    Removing gd32f3x0_timer.o(.ARM.exidx.text.timer_single_pulse_mode_config), (8 bytes).
    Removing gd32f3x0_timer.o(.text.timer_update_source_config), (30 bytes).
    Removing gd32f3x0_timer.o(.ARM.exidx.text.timer_update_source_config), (8 bytes).
    Removing gd32f3x0_timer.o(.text.timer_ocpre_clear_source_config), (28 bytes).
    Removing gd32f3x0_timer.o(.ARM.exidx.text.timer_ocpre_clear_source_config), (8 bytes).
    Removing gd32f3x0_timer.o(.text.timer_flag_get), (10 bytes).
    Removing gd32f3x0_timer.o(.ARM.exidx.text.timer_flag_get), (8 bytes).
    Removing gd32f3x0_timer.o(.text.timer_flag_clear), (6 bytes).
    Removing gd32f3x0_timer.o(.ARM.exidx.text.timer_flag_clear), (8 bytes).
    Removing gd32f3x0_timer.o(.ARM.exidx.text.timer_interrupt_enable), (8 bytes).
    Removing gd32f3x0_timer.o(.text.timer_interrupt_disable), (10 bytes).
    Removing gd32f3x0_timer.o(.ARM.exidx.text.timer_interrupt_disable), (8 bytes).
    Removing gd32f3x0_timer.o(.ARM.exidx.text.timer_interrupt_flag_get), (8 bytes).
    Removing gd32f3x0_timer.o(.ARM.exidx.text.timer_interrupt_flag_clear), (8 bytes).
    Removing gd32f3x0_timer.o(.text.timer_dma_enable), (8 bytes).
    Removing gd32f3x0_timer.o(.ARM.exidx.text.timer_dma_enable), (8 bytes).
    Removing gd32f3x0_timer.o(.text.timer_dma_disable), (10 bytes).
    Removing gd32f3x0_timer.o(.ARM.exidx.text.timer_dma_disable), (8 bytes).
    Removing gd32f3x0_timer.o(.text.timer_channel_dma_request_source_select), (30 bytes).
    Removing gd32f3x0_timer.o(.ARM.exidx.text.timer_channel_dma_request_source_select), (8 bytes).
    Removing gd32f3x0_timer.o(.text.timer_dma_transfer_config), (24 bytes).
    Removing gd32f3x0_timer.o(.ARM.exidx.text.timer_dma_transfer_config), (8 bytes).
    Removing gd32f3x0_timer.o(.text.timer_event_software_generate), (8 bytes).
    Removing gd32f3x0_timer.o(.ARM.exidx.text.timer_event_software_generate), (8 bytes).
    Removing gd32f3x0_timer.o(.text.timer_break_struct_para_init), (16 bytes).
    Removing gd32f3x0_timer.o(.ARM.exidx.text.timer_break_struct_para_init), (8 bytes).
    Removing gd32f3x0_timer.o(.text.timer_break_config), (36 bytes).
    Removing gd32f3x0_timer.o(.ARM.exidx.text.timer_break_config), (8 bytes).
    Removing gd32f3x0_timer.o(.text.timer_break_enable), (10 bytes).
    Removing gd32f3x0_timer.o(.ARM.exidx.text.timer_break_enable), (8 bytes).
    Removing gd32f3x0_timer.o(.text.timer_break_disable), (10 bytes).
    Removing gd32f3x0_timer.o(.ARM.exidx.text.timer_break_disable), (8 bytes).
    Removing gd32f3x0_timer.o(.text.timer_automatic_output_enable), (10 bytes).
    Removing gd32f3x0_timer.o(.ARM.exidx.text.timer_automatic_output_enable), (8 bytes).
    Removing gd32f3x0_timer.o(.text.timer_automatic_output_disable), (10 bytes).
    Removing gd32f3x0_timer.o(.ARM.exidx.text.timer_automatic_output_disable), (8 bytes).
    Removing gd32f3x0_timer.o(.ARM.exidx.text.timer_primary_output_config), (8 bytes).
    Removing gd32f3x0_timer.o(.text.timer_channel_control_shadow_config), (16 bytes).
    Removing gd32f3x0_timer.o(.ARM.exidx.text.timer_channel_control_shadow_config), (8 bytes).
    Removing gd32f3x0_timer.o(.text.timer_channel_control_shadow_update_config), (30 bytes).
    Removing gd32f3x0_timer.o(.ARM.exidx.text.timer_channel_control_shadow_update_config), (8 bytes).
    Removing gd32f3x0_timer.o(.text.timer_channel_output_struct_para_init), (12 bytes).
    Removing gd32f3x0_timer.o(.ARM.exidx.text.timer_channel_output_struct_para_init), (8 bytes).
    Removing gd32f3x0_timer.o(.ARM.exidx.text.timer_channel_output_config), (8 bytes).
    Removing gd32f3x0_timer.o(.ARM.exidx.text.timer_channel_output_mode_config), (8 bytes).
    Removing gd32f3x0_timer.o(.ARM.exidx.text.timer_channel_output_pulse_value_config), (8 bytes).
    Removing gd32f3x0_timer.o(.ARM.exidx.text.timer_channel_output_shadow_config), (8 bytes).
    Removing gd32f3x0_timer.o(.text.timer_channel_output_fast_config), (58 bytes).
    Removing gd32f3x0_timer.o(.ARM.exidx.text.timer_channel_output_fast_config), (8 bytes).
    Removing gd32f3x0_timer.o(.text.timer_channel_output_clear_config), (58 bytes).
    Removing gd32f3x0_timer.o(.ARM.exidx.text.timer_channel_output_clear_config), (8 bytes).
    Removing gd32f3x0_timer.o(.text.timer_channel_output_polarity_config), (74 bytes).
    Removing gd32f3x0_timer.o(.ARM.exidx.text.timer_channel_output_polarity_config), (8 bytes).
    Removing gd32f3x0_timer.o(.text.timer_channel_complementary_output_polarity_config), (74 bytes).
    Removing gd32f3x0_timer.o(.ARM.exidx.text.timer_channel_complementary_output_polarity_config), (8 bytes).
    Removing gd32f3x0_timer.o(.text.timer_channel_output_state_config), (74 bytes).
    Removing gd32f3x0_timer.o(.ARM.exidx.text.timer_channel_output_state_config), (8 bytes).
    Removing gd32f3x0_timer.o(.text.timer_channel_complementary_output_state_config), (60 bytes).
    Removing gd32f3x0_timer.o(.ARM.exidx.text.timer_channel_complementary_output_state_config), (8 bytes).
    Removing gd32f3x0_timer.o(.text.timer_channel_input_struct_para_init), (12 bytes).
    Removing gd32f3x0_timer.o(.ARM.exidx.text.timer_channel_input_struct_para_init), (8 bytes).
    Removing gd32f3x0_timer.o(.text.timer_input_capture_config), (346 bytes).
    Removing gd32f3x0_timer.o(.ARM.exidx.text.timer_input_capture_config), (8 bytes).
    Removing gd32f3x0_timer.o(.text.timer_channel_input_capture_prescaler_config), (58 bytes).
    Removing gd32f3x0_timer.o(.ARM.exidx.text.timer_channel_input_capture_prescaler_config), (8 bytes).
    Removing gd32f3x0_timer.o(.text.timer_channel_capture_value_register_read), (14 bytes).
    Removing gd32f3x0_timer.o(.ARM.exidx.text.timer_channel_capture_value_register_read), (8 bytes).
    Removing gd32f3x0_timer.o(.text.timer_input_pwm_capture_config), (356 bytes).
    Removing gd32f3x0_timer.o(.ARM.exidx.text.timer_input_pwm_capture_config), (8 bytes).
    Removing gd32f3x0_timer.o(.text.timer_hall_mode_config), (30 bytes).
    Removing gd32f3x0_timer.o(.ARM.exidx.text.timer_hall_mode_config), (8 bytes).
    Removing gd32f3x0_timer.o(.text.timer_input_trigger_source_select), (16 bytes).
    Removing gd32f3x0_timer.o(.ARM.exidx.text.timer_input_trigger_source_select), (8 bytes).
    Removing gd32f3x0_timer.o(.text.timer_master_output_trigger_source_select), (16 bytes).
    Removing gd32f3x0_timer.o(.ARM.exidx.text.timer_master_output_trigger_source_select), (8 bytes).
    Removing gd32f3x0_timer.o(.text.timer_slave_mode_select), (16 bytes).
    Removing gd32f3x0_timer.o(.ARM.exidx.text.timer_slave_mode_select), (8 bytes).
    Removing gd32f3x0_timer.o(.text.timer_master_slave_mode_config), (30 bytes).
    Removing gd32f3x0_timer.o(.ARM.exidx.text.timer_master_slave_mode_config), (8 bytes).
    Removing gd32f3x0_timer.o(.text.timer_external_trigger_config), (34 bytes).
    Removing gd32f3x0_timer.o(.ARM.exidx.text.timer_external_trigger_config), (8 bytes).
    Removing gd32f3x0_timer.o(.text.timer_quadrature_decoder_mode_config), (78 bytes).
    Removing gd32f3x0_timer.o(.ARM.exidx.text.timer_quadrature_decoder_mode_config), (8 bytes).
    Removing gd32f3x0_timer.o(.text.timer_internal_clock_config), (10 bytes).
    Removing gd32f3x0_timer.o(.ARM.exidx.text.timer_internal_clock_config), (8 bytes).
    Removing gd32f3x0_timer.o(.text.timer_internal_trigger_as_external_clock_config), (32 bytes).
    Removing gd32f3x0_timer.o(.ARM.exidx.text.timer_internal_trigger_as_external_clock_config), (8 bytes).
    Removing gd32f3x0_timer.o(.text.timer_external_trigger_as_external_clock_config), (148 bytes).
    Removing gd32f3x0_timer.o(.ARM.exidx.text.timer_external_trigger_as_external_clock_config), (8 bytes).
    Removing gd32f3x0_timer.o(.text.timer_external_clock_mode0_config), (50 bytes).
    Removing gd32f3x0_timer.o(.ARM.exidx.text.timer_external_clock_mode0_config), (8 bytes).
    Removing gd32f3x0_timer.o(.text.timer_external_clock_mode1_config), (42 bytes).
    Removing gd32f3x0_timer.o(.ARM.exidx.text.timer_external_clock_mode1_config), (8 bytes).
    Removing gd32f3x0_timer.o(.text.timer_external_clock_mode1_disable), (10 bytes).
    Removing gd32f3x0_timer.o(.ARM.exidx.text.timer_external_clock_mode1_disable), (8 bytes).
    Removing gd32f3x0_timer.o(.text.timer_channel_remap_config), (4 bytes).
    Removing gd32f3x0_timer.o(.ARM.exidx.text.timer_channel_remap_config), (8 bytes).
    Removing gd32f3x0_timer.o(.text.timer_write_chxval_register_config), (36 bytes).
    Removing gd32f3x0_timer.o(.ARM.exidx.text.timer_write_chxval_register_config), (8 bytes).
    Removing gd32f3x0_timer.o(.text.timer_output_value_selection_config), (36 bytes).
    Removing gd32f3x0_timer.o(.ARM.exidx.text.timer_output_value_selection_config), (8 bytes).
    Removing gd32f3x0_tsi.o(.text), (0 bytes).
    Removing gd32f3x0_tsi.o(.text.tsi_deinit), (22 bytes).
    Removing gd32f3x0_tsi.o(.ARM.exidx.text.tsi_deinit), (8 bytes).
    Removing gd32f3x0_tsi.o(.text.tsi_init), (108 bytes).
    Removing gd32f3x0_tsi.o(.ARM.exidx.text.tsi_init), (8 bytes).
    Removing gd32f3x0_tsi.o(.text.tsi_enable), (18 bytes).
    Removing gd32f3x0_tsi.o(.ARM.exidx.text.tsi_enable), (8 bytes).
    Removing gd32f3x0_tsi.o(.text.tsi_disable), (18 bytes).
    Removing gd32f3x0_tsi.o(.ARM.exidx.text.tsi_disable), (8 bytes).
    Removing gd32f3x0_tsi.o(.text.tsi_sample_pin_enable), (26 bytes).
    Removing gd32f3x0_tsi.o(.ARM.exidx.text.tsi_sample_pin_enable), (8 bytes).
    Removing gd32f3x0_tsi.o(.text.tsi_sample_pin_disable), (28 bytes).
    Removing gd32f3x0_tsi.o(.ARM.exidx.text.tsi_sample_pin_disable), (8 bytes).
    Removing gd32f3x0_tsi.o(.text.tsi_channel_pin_enable), (16 bytes).
    Removing gd32f3x0_tsi.o(.ARM.exidx.text.tsi_channel_pin_enable), (8 bytes).
    Removing gd32f3x0_tsi.o(.text.tsi_channel_pin_disable), (18 bytes).
    Removing gd32f3x0_tsi.o(.ARM.exidx.text.tsi_channel_pin_disable), (8 bytes).
    Removing gd32f3x0_tsi.o(.text.tsi_software_mode_config), (26 bytes).
    Removing gd32f3x0_tsi.o(.ARM.exidx.text.tsi_software_mode_config), (8 bytes).
    Removing gd32f3x0_tsi.o(.text.tsi_software_start), (18 bytes).
    Removing gd32f3x0_tsi.o(.ARM.exidx.text.tsi_software_start), (8 bytes).
    Removing gd32f3x0_tsi.o(.text.tsi_software_stop), (18 bytes).
    Removing gd32f3x0_tsi.o(.ARM.exidx.text.tsi_software_stop), (8 bytes).
    Removing gd32f3x0_tsi.o(.text.tsi_hardware_mode_config), (40 bytes).
    Removing gd32f3x0_tsi.o(.ARM.exidx.text.tsi_hardware_mode_config), (8 bytes).
    Removing gd32f3x0_tsi.o(.text.tsi_pin_mode_config), (32 bytes).
    Removing gd32f3x0_tsi.o(.ARM.exidx.text.tsi_pin_mode_config), (8 bytes).
    Removing gd32f3x0_tsi.o(.text.tsi_extend_charge_config), (124 bytes).
    Removing gd32f3x0_tsi.o(.ARM.exidx.text.tsi_extend_charge_config), (8 bytes).
    Removing gd32f3x0_tsi.o(.text.tsi_plus_config), (102 bytes).
    Removing gd32f3x0_tsi.o(.ARM.exidx.text.tsi_plus_config), (8 bytes).
    Removing gd32f3x0_tsi.o(.text.tsi_max_number_config), (28 bytes).
    Removing gd32f3x0_tsi.o(.ARM.exidx.text.tsi_max_number_config), (8 bytes).
    Removing gd32f3x0_tsi.o(.text.tsi_hysteresis_on), (16 bytes).
    Removing gd32f3x0_tsi.o(.ARM.exidx.text.tsi_hysteresis_on), (8 bytes).
    Removing gd32f3x0_tsi.o(.text.tsi_hysteresis_off), (18 bytes).
    Removing gd32f3x0_tsi.o(.ARM.exidx.text.tsi_hysteresis_off), (8 bytes).
    Removing gd32f3x0_tsi.o(.text.tsi_analog_on), (16 bytes).
    Removing gd32f3x0_tsi.o(.ARM.exidx.text.tsi_analog_on), (8 bytes).
    Removing gd32f3x0_tsi.o(.text.tsi_analog_off), (18 bytes).
    Removing gd32f3x0_tsi.o(.ARM.exidx.text.tsi_analog_off), (8 bytes).
    Removing gd32f3x0_tsi.o(.text.tsi_group_enable), (16 bytes).
    Removing gd32f3x0_tsi.o(.ARM.exidx.text.tsi_group_enable), (8 bytes).
    Removing gd32f3x0_tsi.o(.text.tsi_group_disable), (18 bytes).
    Removing gd32f3x0_tsi.o(.ARM.exidx.text.tsi_group_disable), (8 bytes).
    Removing gd32f3x0_tsi.o(.text.tsi_group_status_get), (18 bytes).
    Removing gd32f3x0_tsi.o(.ARM.exidx.text.tsi_group_status_get), (8 bytes).
    Removing gd32f3x0_tsi.o(.text.tsi_group0_cycle_get), (14 bytes).
    Removing gd32f3x0_tsi.o(.ARM.exidx.text.tsi_group0_cycle_get), (8 bytes).
    Removing gd32f3x0_tsi.o(.text.tsi_group1_cycle_get), (14 bytes).
    Removing gd32f3x0_tsi.o(.ARM.exidx.text.tsi_group1_cycle_get), (8 bytes).
    Removing gd32f3x0_tsi.o(.text.tsi_group2_cycle_get), (14 bytes).
    Removing gd32f3x0_tsi.o(.ARM.exidx.text.tsi_group2_cycle_get), (8 bytes).
    Removing gd32f3x0_tsi.o(.text.tsi_group3_cycle_get), (14 bytes).
    Removing gd32f3x0_tsi.o(.ARM.exidx.text.tsi_group3_cycle_get), (8 bytes).
    Removing gd32f3x0_tsi.o(.text.tsi_group4_cycle_get), (14 bytes).
    Removing gd32f3x0_tsi.o(.ARM.exidx.text.tsi_group4_cycle_get), (8 bytes).
    Removing gd32f3x0_tsi.o(.text.tsi_group5_cycle_get), (14 bytes).
    Removing gd32f3x0_tsi.o(.ARM.exidx.text.tsi_group5_cycle_get), (8 bytes).
    Removing gd32f3x0_tsi.o(.text.tsi_flag_clear), (16 bytes).
    Removing gd32f3x0_tsi.o(.ARM.exidx.text.tsi_flag_clear), (8 bytes).
    Removing gd32f3x0_tsi.o(.text.tsi_flag_get), (18 bytes).
    Removing gd32f3x0_tsi.o(.ARM.exidx.text.tsi_flag_get), (8 bytes).
    Removing gd32f3x0_tsi.o(.text.tsi_interrupt_enable), (16 bytes).
    Removing gd32f3x0_tsi.o(.ARM.exidx.text.tsi_interrupt_enable), (8 bytes).
    Removing gd32f3x0_tsi.o(.text.tsi_interrupt_disable), (18 bytes).
    Removing gd32f3x0_tsi.o(.ARM.exidx.text.tsi_interrupt_disable), (8 bytes).
    Removing gd32f3x0_tsi.o(.text.tsi_interrupt_flag_clear), (16 bytes).
    Removing gd32f3x0_tsi.o(.ARM.exidx.text.tsi_interrupt_flag_clear), (8 bytes).
    Removing gd32f3x0_tsi.o(.text.tsi_interrupt_flag_get), (32 bytes).
    Removing gd32f3x0_tsi.o(.ARM.exidx.text.tsi_interrupt_flag_get), (8 bytes).
    Removing gd32f3x0_usart.o(.text), (0 bytes).
    Removing gd32f3x0_usart.o(.ARM.exidx.text.usart_deinit), (8 bytes).
    Removing gd32f3x0_usart.o(.ARM.exidx.text.usart_baudrate_set), (8 bytes).
    Removing gd32f3x0_usart.o(.text.usart_parity_config), (24 bytes).
    Removing gd32f3x0_usart.o(.ARM.exidx.text.usart_parity_config), (8 bytes).
    Removing gd32f3x0_usart.o(.text.usart_word_length_set), (24 bytes).
    Removing gd32f3x0_usart.o(.ARM.exidx.text.usart_word_length_set), (8 bytes).
    Removing gd32f3x0_usart.o(.text.usart_stop_bit_set), (24 bytes).
    Removing gd32f3x0_usart.o(.ARM.exidx.text.usart_stop_bit_set), (8 bytes).
    Removing gd32f3x0_usart.o(.ARM.exidx.text.usart_enable), (8 bytes).
    Removing gd32f3x0_usart.o(.text.usart_disable), (10 bytes).
    Removing gd32f3x0_usart.o(.ARM.exidx.text.usart_disable), (8 bytes).
    Removing gd32f3x0_usart.o(.ARM.exidx.text.usart_transmit_config), (8 bytes).
    Removing gd32f3x0_usart.o(.ARM.exidx.text.usart_receive_config), (8 bytes).
    Removing gd32f3x0_usart.o(.text.usart_data_first_config), (28 bytes).
    Removing gd32f3x0_usart.o(.ARM.exidx.text.usart_data_first_config), (8 bytes).
    Removing gd32f3x0_usart.o(.text.usart_invert_config), (106 bytes).
    Removing gd32f3x0_usart.o(.ARM.exidx.text.usart_invert_config), (8 bytes).
    Removing gd32f3x0_usart.o(.text.usart_overrun_enable), (18 bytes).
    Removing gd32f3x0_usart.o(.ARM.exidx.text.usart_overrun_enable), (8 bytes).
    Removing gd32f3x0_usart.o(.text.usart_overrun_disable), (18 bytes).
    Removing gd32f3x0_usart.o(.ARM.exidx.text.usart_overrun_disable), (8 bytes).
    Removing gd32f3x0_usart.o(.text.usart_oversample_config), (24 bytes).
    Removing gd32f3x0_usart.o(.ARM.exidx.text.usart_oversample_config), (8 bytes).
    Removing gd32f3x0_usart.o(.text.usart_sample_bit_config), (24 bytes).
    Removing gd32f3x0_usart.o(.ARM.exidx.text.usart_sample_bit_config), (8 bytes).
    Removing gd32f3x0_usart.o(.text.usart_receiver_timeout_enable), (10 bytes).
    Removing gd32f3x0_usart.o(.ARM.exidx.text.usart_receiver_timeout_enable), (8 bytes).
    Removing gd32f3x0_usart.o(.text.usart_receiver_timeout_disable), (10 bytes).
    Removing gd32f3x0_usart.o(.ARM.exidx.text.usart_receiver_timeout_disable), (8 bytes).
    Removing gd32f3x0_usart.o(.text.usart_receiver_timeout_threshold_config), (16 bytes).
    Removing gd32f3x0_usart.o(.ARM.exidx.text.usart_receiver_timeout_threshold_config), (8 bytes).
    Removing gd32f3x0_usart.o(.text.usart_data_transmit), (8 bytes).
    Removing gd32f3x0_usart.o(.ARM.exidx.text.usart_data_transmit), (8 bytes).
    Removing gd32f3x0_usart.o(.text.usart_data_receive), (8 bytes).
    Removing gd32f3x0_usart.o(.ARM.exidx.text.usart_data_receive), (8 bytes).
    Removing gd32f3x0_usart.o(.text.usart_address_config), (26 bytes).
    Removing gd32f3x0_usart.o(.ARM.exidx.text.usart_address_config), (8 bytes).
    Removing gd32f3x0_usart.o(.text.usart_address_detection_mode_config), (28 bytes).
    Removing gd32f3x0_usart.o(.ARM.exidx.text.usart_address_detection_mode_config), (8 bytes).
    Removing gd32f3x0_usart.o(.text.usart_mute_mode_enable), (10 bytes).
    Removing gd32f3x0_usart.o(.ARM.exidx.text.usart_mute_mode_enable), (8 bytes).
    Removing gd32f3x0_usart.o(.text.usart_mute_mode_disable), (10 bytes).
    Removing gd32f3x0_usart.o(.ARM.exidx.text.usart_mute_mode_disable), (8 bytes).
    Removing gd32f3x0_usart.o(.text.usart_mute_mode_wakeup_config), (24 bytes).
    Removing gd32f3x0_usart.o(.ARM.exidx.text.usart_mute_mode_wakeup_config), (8 bytes).
    Removing gd32f3x0_usart.o(.text.usart_lin_mode_enable), (18 bytes).
    Removing gd32f3x0_usart.o(.ARM.exidx.text.usart_lin_mode_enable), (8 bytes).
    Removing gd32f3x0_usart.o(.text.usart_lin_mode_disable), (18 bytes).
    Removing gd32f3x0_usart.o(.ARM.exidx.text.usart_lin_mode_disable), (8 bytes).
    Removing gd32f3x0_usart.o(.text.usart_lin_break_detection_length_config), (28 bytes).
    Removing gd32f3x0_usart.o(.ARM.exidx.text.usart_lin_break_detection_length_config), (8 bytes).
    Removing gd32f3x0_usart.o(.text.usart_halfduplex_enable), (18 bytes).
    Removing gd32f3x0_usart.o(.ARM.exidx.text.usart_halfduplex_enable), (8 bytes).
    Removing gd32f3x0_usart.o(.text.usart_halfduplex_disable), (18 bytes).
    Removing gd32f3x0_usart.o(.ARM.exidx.text.usart_halfduplex_disable), (8 bytes).
    Removing gd32f3x0_usart.o(.text.usart_clock_enable), (18 bytes).
    Removing gd32f3x0_usart.o(.ARM.exidx.text.usart_clock_enable), (8 bytes).
    Removing gd32f3x0_usart.o(.text.usart_clock_disable), (18 bytes).
    Removing gd32f3x0_usart.o(.ARM.exidx.text.usart_clock_disable), (8 bytes).
    Removing gd32f3x0_usart.o(.text.usart_synchronous_clock_config), (60 bytes).
    Removing gd32f3x0_usart.o(.ARM.exidx.text.usart_synchronous_clock_config), (8 bytes).
    Removing gd32f3x0_usart.o(.text.usart_guard_time_config), (28 bytes).
    Removing gd32f3x0_usart.o(.ARM.exidx.text.usart_guard_time_config), (8 bytes).
    Removing gd32f3x0_usart.o(.text.usart_smartcard_mode_enable), (18 bytes).
    Removing gd32f3x0_usart.o(.ARM.exidx.text.usart_smartcard_mode_enable), (8 bytes).
    Removing gd32f3x0_usart.o(.text.usart_smartcard_mode_disable), (18 bytes).
    Removing gd32f3x0_usart.o(.ARM.exidx.text.usart_smartcard_mode_disable), (8 bytes).
    Removing gd32f3x0_usart.o(.text.usart_smartcard_mode_nack_enable), (18 bytes).
    Removing gd32f3x0_usart.o(.ARM.exidx.text.usart_smartcard_mode_nack_enable), (8 bytes).
    Removing gd32f3x0_usart.o(.text.usart_smartcard_mode_nack_disable), (18 bytes).
    Removing gd32f3x0_usart.o(.ARM.exidx.text.usart_smartcard_mode_nack_disable), (8 bytes).
    Removing gd32f3x0_usart.o(.text.usart_smartcard_mode_early_nack_enable), (14 bytes).
    Removing gd32f3x0_usart.o(.ARM.exidx.text.usart_smartcard_mode_early_nack_enable), (8 bytes).
    Removing gd32f3x0_usart.o(.text.usart_smartcard_mode_early_nack_disable), (14 bytes).
    Removing gd32f3x0_usart.o(.ARM.exidx.text.usart_smartcard_mode_early_nack_disable), (8 bytes).
    Removing gd32f3x0_usart.o(.text.usart_smartcard_autoretry_config), (30 bytes).
    Removing gd32f3x0_usart.o(.ARM.exidx.text.usart_smartcard_autoretry_config), (8 bytes).
    Removing gd32f3x0_usart.o(.text.usart_block_length_config), (18 bytes).
    Removing gd32f3x0_usart.o(.ARM.exidx.text.usart_block_length_config), (8 bytes).
    Removing gd32f3x0_usart.o(.text.usart_irda_mode_enable), (18 bytes).
    Removing gd32f3x0_usart.o(.ARM.exidx.text.usart_irda_mode_enable), (8 bytes).
    Removing gd32f3x0_usart.o(.text.usart_irda_mode_disable), (18 bytes).
    Removing gd32f3x0_usart.o(.ARM.exidx.text.usart_irda_mode_disable), (8 bytes).
    Removing gd32f3x0_usart.o(.text.usart_prescaler_config), (24 bytes).
    Removing gd32f3x0_usart.o(.ARM.exidx.text.usart_prescaler_config), (8 bytes).
    Removing gd32f3x0_usart.o(.text.usart_irda_lowpower_config), (28 bytes).
    Removing gd32f3x0_usart.o(.ARM.exidx.text.usart_irda_lowpower_config), (8 bytes).
    Removing gd32f3x0_usart.o(.text.usart_hardware_flow_rts_config), (24 bytes).
    Removing gd32f3x0_usart.o(.ARM.exidx.text.usart_hardware_flow_rts_config), (8 bytes).
    Removing gd32f3x0_usart.o(.text.usart_hardware_flow_cts_config), (24 bytes).
    Removing gd32f3x0_usart.o(.ARM.exidx.text.usart_hardware_flow_cts_config), (8 bytes).
    Removing gd32f3x0_usart.o(.text.usart_rs485_driver_enable), (18 bytes).
    Removing gd32f3x0_usart.o(.ARM.exidx.text.usart_rs485_driver_enable), (8 bytes).
    Removing gd32f3x0_usart.o(.text.usart_rs485_driver_disable), (18 bytes).
    Removing gd32f3x0_usart.o(.ARM.exidx.text.usart_rs485_driver_disable), (8 bytes).
    Removing gd32f3x0_usart.o(.text.usart_driver_assertime_config), (30 bytes).
    Removing gd32f3x0_usart.o(.ARM.exidx.text.usart_driver_assertime_config), (8 bytes).
    Removing gd32f3x0_usart.o(.text.usart_driver_deassertime_config), (30 bytes).
    Removing gd32f3x0_usart.o(.ARM.exidx.text.usart_driver_deassertime_config), (8 bytes).
    Removing gd32f3x0_usart.o(.text.usart_depolarity_config), (28 bytes).
    Removing gd32f3x0_usart.o(.ARM.exidx.text.usart_depolarity_config), (8 bytes).
    Removing gd32f3x0_usart.o(.text.usart_dma_receive_config), (16 bytes).
    Removing gd32f3x0_usart.o(.ARM.exidx.text.usart_dma_receive_config), (8 bytes).
    Removing gd32f3x0_usart.o(.text.usart_dma_transmit_config), (16 bytes).
    Removing gd32f3x0_usart.o(.ARM.exidx.text.usart_dma_transmit_config), (8 bytes).
    Removing gd32f3x0_usart.o(.text.usart_reception_error_dma_disable), (18 bytes).
    Removing gd32f3x0_usart.o(.ARM.exidx.text.usart_reception_error_dma_disable), (8 bytes).
    Removing gd32f3x0_usart.o(.text.usart_reception_error_dma_enable), (18 bytes).
    Removing gd32f3x0_usart.o(.ARM.exidx.text.usart_reception_error_dma_enable), (8 bytes).
    Removing gd32f3x0_usart.o(.text.usart_wakeup_enable), (10 bytes).
    Removing gd32f3x0_usart.o(.ARM.exidx.text.usart_wakeup_enable), (8 bytes).
    Removing gd32f3x0_usart.o(.text.usart_wakeup_disable), (10 bytes).
    Removing gd32f3x0_usart.o(.ARM.exidx.text.usart_wakeup_disable), (8 bytes).
    Removing gd32f3x0_usart.o(.text.usart_wakeup_mode_config), (28 bytes).
    Removing gd32f3x0_usart.o(.ARM.exidx.text.usart_wakeup_mode_config), (8 bytes).
    Removing gd32f3x0_usart.o(.text.usart_command_enable), (8 bytes).
    Removing gd32f3x0_usart.o(.ARM.exidx.text.usart_command_enable), (8 bytes).
    Removing gd32f3x0_usart.o(.text.usart_receive_fifo_enable), (14 bytes).
    Removing gd32f3x0_usart.o(.ARM.exidx.text.usart_receive_fifo_enable), (8 bytes).
    Removing gd32f3x0_usart.o(.text.usart_receive_fifo_disable), (14 bytes).
    Removing gd32f3x0_usart.o(.ARM.exidx.text.usart_receive_fifo_disable), (8 bytes).
    Removing gd32f3x0_usart.o(.text.usart_receive_fifo_counter_number), (10 bytes).
    Removing gd32f3x0_usart.o(.ARM.exidx.text.usart_receive_fifo_counter_number), (8 bytes).
    Removing gd32f3x0_usart.o(.text.usart_flag_get), (18 bytes).
    Removing gd32f3x0_usart.o(.ARM.exidx.text.usart_flag_get), (8 bytes).
    Removing gd32f3x0_usart.o(.text.usart_flag_clear), (18 bytes).
    Removing gd32f3x0_usart.o(.ARM.exidx.text.usart_flag_clear), (8 bytes).
    Removing gd32f3x0_usart.o(.text.usart_interrupt_enable), (24 bytes).
    Removing gd32f3x0_usart.o(.ARM.exidx.text.usart_interrupt_enable), (8 bytes).
    Removing gd32f3x0_usart.o(.text.usart_interrupt_disable), (26 bytes).
    Removing gd32f3x0_usart.o(.ARM.exidx.text.usart_interrupt_disable), (8 bytes).
    Removing gd32f3x0_usart.o(.text.usart_interrupt_flag_get), (34 bytes).
    Removing gd32f3x0_usart.o(.ARM.exidx.text.usart_interrupt_flag_get), (8 bytes).
    Removing gd32f3x0_usart.o(.text.usart_interrupt_flag_clear), (44 bytes).
    Removing gd32f3x0_usart.o(.ARM.exidx.text.usart_interrupt_flag_clear), (8 bytes).
    Removing gd32f3x0_wwdgt.o(.text), (0 bytes).
    Removing gd32f3x0_wwdgt.o(.text.wwdgt_deinit), (22 bytes).
    Removing gd32f3x0_wwdgt.o(.ARM.exidx.text.wwdgt_deinit), (8 bytes).
    Removing gd32f3x0_wwdgt.o(.text.wwdgt_enable), (18 bytes).
    Removing gd32f3x0_wwdgt.o(.ARM.exidx.text.wwdgt_enable), (8 bytes).
    Removing gd32f3x0_wwdgt.o(.text.wwdgt_counter_update), (16 bytes).
    Removing gd32f3x0_wwdgt.o(.ARM.exidx.text.wwdgt_counter_update), (8 bytes).
    Removing gd32f3x0_wwdgt.o(.text.wwdgt_config), (24 bytes).
    Removing gd32f3x0_wwdgt.o(.ARM.exidx.text.wwdgt_config), (8 bytes).
    Removing gd32f3x0_wwdgt.o(.text.wwdgt_flag_get), (16 bytes).
    Removing gd32f3x0_wwdgt.o(.ARM.exidx.text.wwdgt_flag_get), (8 bytes).
    Removing gd32f3x0_wwdgt.o(.text.wwdgt_flag_clear), (14 bytes).
    Removing gd32f3x0_wwdgt.o(.ARM.exidx.text.wwdgt_flag_clear), (8 bytes).
    Removing gd32f3x0_wwdgt.o(.text.wwdgt_interrupt_enable), (18 bytes).
    Removing gd32f3x0_wwdgt.o(.ARM.exidx.text.wwdgt_interrupt_enable), (8 bytes).
    Removing i2c0_ie.o(.text), (0 bytes).
    Removing i2c0_ie.o(.ARM.exidx.text.I2C0_EventIRQ_Handler), (8 bytes).
    Removing i2c0_ie.o(.ARM.exidx.text.I2C0_ErrorIRQ_Handler), (8 bytes).
    Removing i2c0_ie.o(.bss.event1), (4 bytes).
    Removing i2c0_ie.o(.bss.i2c_receiver), (16 bytes).
    Removing elapsed_time.o(.text), (0 bytes).
    Removing elapsed_time.o(.text.elapsed_time_init), (76 bytes).
    Removing elapsed_time.o(.ARM.exidx.text.elapsed_time_init), (8 bytes).
    Removing elapsed_time.o(.text.elapsed_time_clr), (30 bytes).
    Removing elapsed_time.o(.ARM.exidx.text.elapsed_time_clr), (8 bytes).
    Removing elapsed_time.o(.text.elapsed_time_start), (24 bytes).
    Removing elapsed_time.o(.ARM.exidx.text.elapsed_time_start), (8 bytes).
    Removing elapsed_time.o(.text.elapsed_time_stop), (58 bytes).
    Removing elapsed_time.o(.ARM.exidx.text.elapsed_time_stop), (8 bytes).
    Removing elapsed_time.o(.bss.elapsed_time_tbl), (160 bytes).
    Removing startup_gd32f3x0.o(HEAP), (1024 bytes).
    Removing gd32f350r_eval.o(.text), (0 bytes).
    Removing gd32f350r_eval.o(.ARM.exidx.text.gd_eval_INT_init), (8 bytes).
    Removing gd32f350r_eval.o(.text.gd_eval_INT_state_get), (36 bytes).
    Removing gd32f350r_eval.o(.ARM.exidx.text.gd_eval_INT_state_get), (8 bytes).
    Removing gd32f350r_eval.o(.ARM.exidx.text.gd_eval_com_init), (8 bytes).

1144 unused section(s) (total 24228 bytes) removed from the image.

==============================================================================

Image Symbol Table

    Local Symbols

    Symbol Name                              Value     Ov Type        Size  Object(Section)

    ../../Firmware/CMSIS/GD/GD32F3x0/Source/ARM/startup_gd32f3x0.s 0x00000000   Number         0  startup_gd32f3x0.o ABSOLUTE
    ../clib/microlib/init/entry.s            0x00000000   Number         0  entry.o ABSOLUTE
    ../clib/microlib/init/entry.s            0x00000000   Number         0  entry2.o ABSOLUTE
    ../clib/microlib/init/entry.s            0x00000000   Number         0  entry5.o ABSOLUTE
    ../clib/microlib/init/entry.s            0x00000000   Number         0  entry7a.o ABSOLUTE
    ../clib/microlib/init/entry.s            0x00000000   Number         0  entry7b.o ABSOLUTE
    ../clib/microlib/init/entry.s            0x00000000   Number         0  entry8a.o ABSOLUTE
    ../clib/microlib/init/entry.s            0x00000000   Number         0  entry8b.o ABSOLUTE
    ../clib/microlib/init/entry.s            0x00000000   Number         0  entry9a.o ABSOLUTE
    ../clib/microlib/init/entry.s            0x00000000   Number         0  entry9b.o ABSOLUTE
    ../clib/microlib/init/entry.s            0x00000000   Number         0  entry10a.o ABSOLUTE
    ../clib/microlib/init/entry.s            0x00000000   Number         0  entry10b.o ABSOLUTE
    ../clib/microlib/init/entry.s            0x00000000   Number         0  entry11a.o ABSOLUTE
    ../clib/microlib/init/entry.s            0x00000000   Number         0  entry11b.o ABSOLUTE
    ../clib/microlib/stubs.s                 0x00000000   Number         0  iusefp.o ABSOLUTE
    ../fplib/microlib/f2d.c                  0x00000000   Number         0  f2d.o ABSOLUTE
    ../fplib/microlib/fpcmp.c                0x00000000   Number         0  dcmplt.o ABSOLUTE
    ../fplib/microlib/fpcmp.c                0x00000000   Number         0  dcmpge.o ABSOLUTE
    I2C0_IE.c                                0x00000000   Number         0  i2c0_ie.o ABSOLUTE
    dc.s                                     0x00000000   Number         0  dc.o ABSOLUTE
    elapsed_time.c                           0x00000000   Number         0  elapsed_time.o ABSOLUTE
    gd32f350r_eval.c                         0x00000000   Number         0  gd32f350r_eval.o ABSOLUTE
    gd32f3x0_adc.c                           0x00000000   Number         0  gd32f3x0_adc.o ABSOLUTE
    gd32f3x0_cec.c                           0x00000000   Number         0  gd32f3x0_cec.o ABSOLUTE
    gd32f3x0_cmp.c                           0x00000000   Number         0  gd32f3x0_cmp.o ABSOLUTE
    gd32f3x0_crc.c                           0x00000000   Number         0  gd32f3x0_crc.o ABSOLUTE
    gd32f3x0_ctc.c                           0x00000000   Number         0  gd32f3x0_ctc.o ABSOLUTE
    gd32f3x0_dac.c                           0x00000000   Number         0  gd32f3x0_dac.o ABSOLUTE
    gd32f3x0_dbg.c                           0x00000000   Number         0  gd32f3x0_dbg.o ABSOLUTE
    gd32f3x0_dma.c                           0x00000000   Number         0  gd32f3x0_dma.o ABSOLUTE
    gd32f3x0_exti.c                          0x00000000   Number         0  gd32f3x0_exti.o ABSOLUTE
    gd32f3x0_fmc.c                           0x00000000   Number         0  gd32f3x0_fmc.o ABSOLUTE
    gd32f3x0_fwdgt.c                         0x00000000   Number         0  gd32f3x0_fwdgt.o ABSOLUTE
    gd32f3x0_gpio.c                          0x00000000   Number         0  gd32f3x0_gpio.o ABSOLUTE
    gd32f3x0_i2c.c                           0x00000000   Number         0  gd32f3x0_i2c.o ABSOLUTE
    gd32f3x0_it.c                            0x00000000   Number         0  gd32f3x0_it.o ABSOLUTE
    gd32f3x0_misc.c                          0x00000000   Number         0  gd32f3x0_misc.o ABSOLUTE
    gd32f3x0_pmu.c                           0x00000000   Number         0  gd32f3x0_pmu.o ABSOLUTE
    gd32f3x0_rcu.c                           0x00000000   Number         0  gd32f3x0_rcu.o ABSOLUTE
    gd32f3x0_rtc.c                           0x00000000   Number         0  gd32f3x0_rtc.o ABSOLUTE
    gd32f3x0_spi.c                           0x00000000   Number         0  gd32f3x0_spi.o ABSOLUTE
    gd32f3x0_syscfg.c                        0x00000000   Number         0  gd32f3x0_syscfg.o ABSOLUTE
    gd32f3x0_timer.c                         0x00000000   Number         0  gd32f3x0_timer.o ABSOLUTE
    gd32f3x0_tsi.c                           0x00000000   Number         0  gd32f3x0_tsi.o ABSOLUTE
    gd32f3x0_usart.c                         0x00000000   Number         0  gd32f3x0_usart.o ABSOLUTE
    gd32f3x0_wwdgt.c                         0x00000000   Number         0  gd32f3x0_wwdgt.o ABSOLUTE
    handlers.s                               0x00000000   Number         0  handlers.o ABSOLUTE
    init.s                                   0x00000000   Number         0  init.o ABSOLUTE
    main.c                                   0x00000000   Number         0  main.o ABSOLUTE
    system_gd32f3x0.c                        0x00000000   Number         0  system_gd32f3x0.o ABSOLUTE
    systick.c                                0x00000000   Number         0  systick.o ABSOLUTE
    RESET                                    0x08000000   Section      336  startup_gd32f3x0.o(RESET)
    .ARM.Collect$$$$00000000                 0x08000150   Section        0  entry.o(.ARM.Collect$$$$00000000)
    .ARM.Collect$$$$00000001                 0x08000150   Section        4  entry2.o(.ARM.Collect$$$$00000001)
    .ARM.Collect$$$$00000004                 0x08000154   Section        4  entry5.o(.ARM.Collect$$$$00000004)
    .ARM.Collect$$$$00000008                 0x08000158   Section        0  entry7b.o(.ARM.Collect$$$$00000008)
    .ARM.Collect$$$$0000000A                 0x08000158   Section        0  entry8b.o(.ARM.Collect$$$$0000000A)
    .ARM.Collect$$$$0000000B                 0x08000158   Section        8  entry9a.o(.ARM.Collect$$$$0000000B)
    __lit__00000000                          0x08000160   Data           4  entry2.o(.ARM.Collect$$$$00002712)
    .ARM.Collect$$$$0000000D                 0x08000160   Section        0  entry10a.o(.ARM.Collect$$$$0000000D)
    .ARM.Collect$$$$0000000F                 0x08000160   Section        0  entry11a.o(.ARM.Collect$$$$0000000F)
    .ARM.Collect$$$$00002712                 0x08000160   Section        4  entry2.o(.ARM.Collect$$$$00002712)
    $v0                                      0x08000164   Number         0  startup_gd32f3x0.o(.text)
    .text                                    0x08000164   Section       36  startup_gd32f3x0.o(.text)
    .text                                    0x08000188   Section        0  dcmplt.o(.text)
    .text                                    0x080001be   Section        0  dcmpge.o(.text)
    .text                                    0x080001f4   Section        0  f2d.o(.text)
    .text                                    0x0800021a   Section        0  iusefp.o(.text)
    .text                                    0x0800021c   Section       36  init.o(.text)
    [Anonymous Symbol]                       0x08000240   Section        0  gd32f3x0_it.o(.text.BusFault_Handler)
    [Anonymous Symbol]                       0x08000244   Section        0  gd32f3x0_it.o(.text.DebugMon_Handler)
    [Anonymous Symbol]                       0x08000248   Section        0  gd32f3x0_it.o(.text.EXTI0_1_IRQHandler)
    [Anonymous Symbol]                       0x0800024c   Section        0  gd32f3x0_it.o(.text.EXTI2_3_IRQHandler)
    [Anonymous Symbol]                       0x08000250   Section        0  gd32f3x0_it.o(.text.EXTI4_15_IRQHandler)
    [Anonymous Symbol]                       0x080002d4   Section        0  gd32f3x0_it.o(.text.HardFault_Handler)
    [Anonymous Symbol]                       0x080002d8   Section        0  gd32f3x0_it.o(.text.I2C0_ER_IRQHandler)
    [Anonymous Symbol]                       0x080002dc   Section        0  gd32f3x0_it.o(.text.I2C0_EV_IRQHandler)
    [Anonymous Symbol]                       0x080002e0   Section        0  i2c0_ie.o(.text.I2C0_ErrorIRQ_Handler)
    [Anonymous Symbol]                       0x080003ac   Section        0  i2c0_ie.o(.text.I2C0_EventIRQ_Handler)
    [Anonymous Symbol]                       0x08000500   Section        0  gd32f3x0_it.o(.text.MemManage_Handler)
    [Anonymous Symbol]                       0x08000504   Section        0  gd32f3x0_it.o(.text.NMI_Handler)
    [Anonymous Symbol]                       0x08000508   Section        0  gd32f3x0_it.o(.text.PendSV_Handler)
    [Anonymous Symbol]                       0x0800050c   Section        0  gd32f3x0_it.o(.text.SVC_Handler)
    [Anonymous Symbol]                       0x08000510   Section        0  gd32f3x0_it.o(.text.SysTick_Handler)
    [Anonymous Symbol]                       0x08000514   Section        0  system_gd32f3x0.o(.text.SystemInit)
    [Anonymous Symbol]                       0x08000730   Section        0  gd32f3x0_it.o(.text.TIMER1_IRQHandler)
    [Anonymous Symbol]                       0x0800076c   Section        0  gd32f3x0_it.o(.text.UsageFault_Handler)
    [Anonymous Symbol]                       0x08000770   Section        0  systick.o(.text.delay_1ms)
    [Anonymous Symbol]                       0x08000784   Section        0  systick.o(.text.delay_decrement)
    [Anonymous Symbol]                       0x0800079c   Section        0  gd32f3x0_exti.o(.text.exti_init)
    [Anonymous Symbol]                       0x08000838   Section        0  gd32f3x0_exti.o(.text.exti_interrupt_flag_clear)
    [Anonymous Symbol]                       0x08000844   Section        0  gd32f3x0_exti.o(.text.exti_interrupt_flag_get)
    [Anonymous Symbol]                       0x08000864   Section        0  gd32f3x0_fwdgt.o(.text.fwdgt_counter_reload)
    [Anonymous Symbol]                       0x08000874   Section        0  gd32f350r_eval.o(.text.gd_eval_INT_init)
    INT_CLK                                  0x080008f0   Number         0  gd32f350r_eval.o(.text.gd_eval_INT_init)
    INT_PIN_SOURCE                           0x080008f8   Number         0  gd32f350r_eval.o(.text.gd_eval_INT_init)
    [Anonymous Symbol]                       0x080008fc   Section        0  gd32f350r_eval.o(.text.gd_eval_com_init)
    [Anonymous Symbol]                       0x0800098c   Section        0  gd32f3x0_gpio.o(.text.gpio_af_set)
    [Anonymous Symbol]                       0x080009fc   Section        0  main.o(.text.gpio_configuration)
    [Anonymous Symbol]                       0x08000ab0   Section        0  gd32f3x0_gpio.o(.text.gpio_mode_set)
    [Anonymous Symbol]                       0x08000b04   Section        0  gd32f3x0_gpio.o(.text.gpio_output_options_set)
    [Anonymous Symbol]                       0x08000b8c   Section        0  gd32f3x0_i2c.o(.text.i2c_ack_config)
    [Anonymous Symbol]                       0x08000b98   Section        0  gd32f3x0_i2c.o(.text.i2c_ackpos_config)
    [Anonymous Symbol]                       0x08000ba4   Section        0  gd32f3x0_i2c.o(.text.i2c_clock_config)
    [Anonymous Symbol]                       0x08000ccc   Section        0  gd32f3x0_i2c.o(.text.i2c_data_receive)
    [Anonymous Symbol]                       0x08000cd4   Section        0  gd32f3x0_i2c.o(.text.i2c_data_transmit)
    [Anonymous Symbol]                       0x08000cd8   Section        0  main.o(.text.i2c_data_write)
    [Anonymous Symbol]                       0x08000d7c   Section        0  gd32f3x0_i2c.o(.text.i2c_enable)
    [Anonymous Symbol]                       0x08000d88   Section        0  gd32f3x0_i2c.o(.text.i2c_flag_clear)
    [Anonymous Symbol]                       0x08000db0   Section        0  gd32f3x0_i2c.o(.text.i2c_flag_get)
    [Anonymous Symbol]                       0x08000dc4   Section        0  gd32f3x0_i2c.o(.text.i2c_interrupt_disable)
    [Anonymous Symbol]                       0x08000de0   Section        0  gd32f3x0_i2c.o(.text.i2c_interrupt_enable)
    [Anonymous Symbol]                       0x08000df8   Section        0  gd32f3x0_i2c.o(.text.i2c_interrupt_flag_clear)
    [Anonymous Symbol]                       0x08000e24   Section        0  gd32f3x0_i2c.o(.text.i2c_interrupt_flag_get)
    [Anonymous Symbol]                       0x08000e78   Section        0  gd32f3x0_i2c.o(.text.i2c_master_addressing)
    [Anonymous Symbol]                       0x08000e88   Section        0  gd32f3x0_i2c.o(.text.i2c_mode_addr_config)
    [Anonymous Symbol]                       0x08000ea4   Section        0  gd32f3x0_i2c.o(.text.i2c_start_on_bus)
    [Anonymous Symbol]                       0x08000eb0   Section        0  gd32f3x0_i2c.o(.text.i2c_stop_on_bus)
    [Anonymous Symbol]                       0x08000ebc   Section        0  main.o(.text.main)
    [Anonymous Symbol]                       0x08001034   Section        0  gd32f3x0_misc.o(.text.nvic_irq_enable)
    [Anonymous Symbol]                       0x08001098   Section        0  gd32f3x0_misc.o(.text.nvic_priority_group_set)
    [Anonymous Symbol]                       0x080010ac   Section        0  gd32f3x0_misc.o(.text.nvic_vector_table_set)
    [Anonymous Symbol]                       0x080010c8   Section        0  gd32f3x0_rcu.o(.text.rcu_all_reset_flag_clear)
    [Anonymous Symbol]                       0x080010dc   Section        0  gd32f3x0_rcu.o(.text.rcu_clock_freq_get)
    [Anonymous Symbol]                       0x080012c0   Section        0  gd32f3x0_rcu.o(.text.rcu_flag_get)
    [Anonymous Symbol]                       0x080012dc   Section        0  gd32f3x0_rcu.o(.text.rcu_osci_on)
    [Anonymous Symbol]                       0x080012fc   Section        0  gd32f3x0_rcu.o(.text.rcu_osci_stab_wait)
    [Anonymous Symbol]                       0x08001474   Section        0  gd32f3x0_rcu.o(.text.rcu_periph_clock_enable)
    [Anonymous Symbol]                       0x08001494   Section        0  gd32f3x0_rcu.o(.text.rcu_periph_reset_disable)
    [Anonymous Symbol]                       0x080014b4   Section        0  gd32f3x0_rcu.o(.text.rcu_periph_reset_enable)
    [Anonymous Symbol]                       0x080014d4   Section        0  main.o(.text.sc7a20_Init)
    [Anonymous Symbol]                       0x08001548   Section        0  main.o(.text.sc7a20_manage)
    [Anonymous Symbol]                       0x08001954   Section        0  gd32f3x0_syscfg.o(.text.syscfg_exti_line_config)
    [Anonymous Symbol]                       0x080019d0   Section        0  systick.o(.text.systick_config)
    [Anonymous Symbol]                       0x08001a18   Section        0  gd32f3x0_timer.o(.text.timer_auto_reload_shadow_enable)
    [Anonymous Symbol]                       0x08001a24   Section        0  gd32f3x0_timer.o(.text.timer_channel_output_config)
    [Anonymous Symbol]                       0x08001c4c   Section        0  gd32f3x0_timer.o(.text.timer_channel_output_mode_config)
    [Anonymous Symbol]                       0x08001c88   Section        0  gd32f3x0_timer.o(.text.timer_channel_output_pulse_value_config)
    [Anonymous Symbol]                       0x08001c94   Section        0  gd32f3x0_timer.o(.text.timer_channel_output_shadow_config)
    [Anonymous Symbol]                       0x08001cd0   Section        0  main.o(.text.timer_configuration)
    [Anonymous Symbol]                       0x08001e18   Section        0  gd32f3x0_timer.o(.text.timer_deinit)
    [Anonymous Symbol]                       0x08001ebc   Section        0  gd32f3x0_timer.o(.text.timer_disable)
    [Anonymous Symbol]                       0x08001ec8   Section        0  gd32f3x0_timer.o(.text.timer_enable)
    [Anonymous Symbol]                       0x08001ed4   Section        0  gd32f3x0_timer.o(.text.timer_init)
    [Anonymous Symbol]                       0x08001fa8   Section        0  gd32f3x0_timer.o(.text.timer_interrupt_enable)
    [Anonymous Symbol]                       0x08001fb0   Section        0  gd32f3x0_timer.o(.text.timer_interrupt_flag_clear)
    [Anonymous Symbol]                       0x08001fb8   Section        0  gd32f3x0_timer.o(.text.timer_interrupt_flag_get)
    [Anonymous Symbol]                       0x08001fd0   Section        0  gd32f3x0_timer.o(.text.timer_primary_output_config)
    [Anonymous Symbol]                       0x08001fe4   Section        0  gd32f3x0_usart.o(.text.usart_baudrate_set)
    [Anonymous Symbol]                       0x08002040   Section        0  gd32f3x0_usart.o(.text.usart_deinit)
    [Anonymous Symbol]                       0x08002078   Section        0  gd32f3x0_usart.o(.text.usart_enable)
    [Anonymous Symbol]                       0x08002084   Section        0  gd32f3x0_usart.o(.text.usart_receive_config)
    [Anonymous Symbol]                       0x08002094   Section        0  gd32f3x0_usart.o(.text.usart_transmit_config)
    i.__scatterload_copy                     0x080020a4   Section       14  handlers.o(i.__scatterload_copy)
    i.__scatterload_null                     0x080020b2   Section        2  handlers.o(i.__scatterload_null)
    i.__scatterload_zeroinit                 0x080020b4   Section       14  handlers.o(i.__scatterload_zeroinit)
    .L__const.rcu_clock_freq_get.apb2_exp    0x080020c2   Data           8  gd32f3x0_rcu.o(.rodata.cst8)
    INT_PORT                                 0x080020cc   Data           8  gd32f350r_eval.o(.rodata.cst8)
    [Anonymous Symbol]                       0x080020cc   Section        0  gd32f350r_eval.o(.rodata.cst8)
    INT_EXTI_LINE                            0x080020d4   Data           8  gd32f350r_eval.o(.rodata.cst8)
    delay                                    0x200000b0   Data           4  systick.o(.bss.delay)
    [Anonymous Symbol]                       0x200000b0   Section        0  systick.o(.bss.delay)
    STACK                                    0x20000138   Section     1024  startup_gd32f3x0.o(STACK)

    Global Symbols

    Symbol Name                              Value     Ov Type        Size  Object(Section)

    BuildAttributes$$THM_ISAv4$E$P$D$K$B$S$7EM$VFPi3$EXTD16$VFPS$VFMA$PE$A:L22UL41UL21$X:L11$S22US41US21$IEEE1$IW$~IW$USESV6$~STKCKD$USESV7$WCHAR32$ENUMINT$~SHL$OTIME$ROPI$EBA8$MICROLIB$REQ8$PRES8$EABIv2 0x00000000   Number         0  anon$$obj.o ABSOLUTE
    __cpp_initialize__aeabi_                  - Undefined Weak Reference
    __cxa_finalize                            - Undefined Weak Reference
    __decompress                              - Undefined Weak Reference
    _clock_init                               - Undefined Weak Reference
    _microlib_exit                            - Undefined Weak Reference
    __Vectors_Size                           0x00000150   Number         0  startup_gd32f3x0.o ABSOLUTE
    __Vectors                                0x08000000   Data           4  startup_gd32f3x0.o(RESET)
    __Vectors_End                            0x08000150   Data           0  startup_gd32f3x0.o(RESET)
    __main                                   0x08000151   Thumb Code     0  entry.o(.ARM.Collect$$$$00000000)
    _main_stk                                0x08000151   Thumb Code     0  entry2.o(.ARM.Collect$$$$00000001)
    _main_scatterload                        0x08000155   Thumb Code     0  entry5.o(.ARM.Collect$$$$00000004)
    __main_after_scatterload                 0x08000159   Thumb Code     0  entry5.o(.ARM.Collect$$$$00000004)
    _main_clock                              0x08000159   Thumb Code     0  entry7b.o(.ARM.Collect$$$$00000008)
    _main_cpp_init                           0x08000159   Thumb Code     0  entry8b.o(.ARM.Collect$$$$0000000A)
    _main_init                               0x08000159   Thumb Code     0  entry9a.o(.ARM.Collect$$$$0000000B)
    __rt_final_cpp                           0x08000161   Thumb Code     0  entry10a.o(.ARM.Collect$$$$0000000D)
    __rt_final_exit                          0x08000161   Thumb Code     0  entry11a.o(.ARM.Collect$$$$0000000F)
    Reset_Handler                            0x08000165   Thumb Code     8  startup_gd32f3x0.o(.text)
    ADC_CMP_IRQHandler                       0x0800017f   Thumb Code     0  startup_gd32f3x0.o(.text)
    CEC_IRQHandler                           0x0800017f   Thumb Code     0  startup_gd32f3x0.o(.text)
    DMA_Channel0_IRQHandler                  0x0800017f   Thumb Code     0  startup_gd32f3x0.o(.text)
    DMA_Channel1_2_IRQHandler                0x0800017f   Thumb Code     0  startup_gd32f3x0.o(.text)
    DMA_Channel3_4_IRQHandler                0x0800017f   Thumb Code     0  startup_gd32f3x0.o(.text)
    DMA_Channel5_6_IRQHandler                0x0800017f   Thumb Code     0  startup_gd32f3x0.o(.text)
    FMC_IRQHandler                           0x0800017f   Thumb Code     0  startup_gd32f3x0.o(.text)
    I2C1_ER_IRQHandler                       0x0800017f   Thumb Code     0  startup_gd32f3x0.o(.text)
    I2C1_EV_IRQHandler                       0x0800017f   Thumb Code     0  startup_gd32f3x0.o(.text)
    LVD_IRQHandler                           0x0800017f   Thumb Code     0  startup_gd32f3x0.o(.text)
    RCU_CTC_IRQHandler                       0x0800017f   Thumb Code     0  startup_gd32f3x0.o(.text)
    RTC_IRQHandler                           0x0800017f   Thumb Code     0  startup_gd32f3x0.o(.text)
    SPI0_IRQHandler                          0x0800017f   Thumb Code     0  startup_gd32f3x0.o(.text)
    SPI1_IRQHandler                          0x0800017f   Thumb Code     0  startup_gd32f3x0.o(.text)
    TIMER0_BRK_UP_TRG_COM_IRQHandler         0x0800017f   Thumb Code     0  startup_gd32f3x0.o(.text)
    TIMER0_Channel_IRQHandler                0x0800017f   Thumb Code     0  startup_gd32f3x0.o(.text)
    TIMER13_IRQHandler                       0x0800017f   Thumb Code     0  startup_gd32f3x0.o(.text)
    TIMER14_IRQHandler                       0x0800017f   Thumb Code     0  startup_gd32f3x0.o(.text)
    TIMER15_IRQHandler                       0x0800017f   Thumb Code     0  startup_gd32f3x0.o(.text)
    TIMER16_IRQHandler                       0x0800017f   Thumb Code     0  startup_gd32f3x0.o(.text)
    TIMER2_IRQHandler                        0x0800017f   Thumb Code     0  startup_gd32f3x0.o(.text)
    TIMER5_DAC_IRQHandler                    0x0800017f   Thumb Code     0  startup_gd32f3x0.o(.text)
    TSI_IRQHandler                           0x0800017f   Thumb Code     0  startup_gd32f3x0.o(.text)
    USART0_IRQHandler                        0x0800017f   Thumb Code     0  startup_gd32f3x0.o(.text)
    USART1_IRQHandler                        0x0800017f   Thumb Code     0  startup_gd32f3x0.o(.text)
    USBFS_IRQHandler                         0x0800017f   Thumb Code     0  startup_gd32f3x0.o(.text)
    USBFS_WKUP_IRQHandler                    0x0800017f   Thumb Code     0  startup_gd32f3x0.o(.text)
    WWDGT_IRQHandler                         0x0800017f   Thumb Code     0  startup_gd32f3x0.o(.text)
    __aeabi_dcmplt                           0x08000189   Thumb Code    54  dcmplt.o(.text)
    __aeabi_dcmpge                           0x080001bf   Thumb Code    54  dcmpge.o(.text)
    __aeabi_f2d                              0x080001f5   Thumb Code    38  f2d.o(.text)
    __I$use$fp                               0x0800021b   Thumb Code     0  iusefp.o(.text)
    __scatterload                            0x0800021d   Thumb Code    28  init.o(.text)
    __scatterload_rt2                        0x0800021d   Thumb Code     0  init.o(.text)
    BusFault_Handler                         0x08000241   Thumb Code     2  gd32f3x0_it.o(.text.BusFault_Handler)
    DebugMon_Handler                         0x08000245   Thumb Code     2  gd32f3x0_it.o(.text.DebugMon_Handler)
    EXTI0_1_IRQHandler                       0x08000249   Thumb Code     2  gd32f3x0_it.o(.text.EXTI0_1_IRQHandler)
    EXTI2_3_IRQHandler                       0x0800024d   Thumb Code     2  gd32f3x0_it.o(.text.EXTI2_3_IRQHandler)
    EXTI4_15_IRQHandler                      0x08000251   Thumb Code   130  gd32f3x0_it.o(.text.EXTI4_15_IRQHandler)
    HardFault_Handler                        0x080002d5   Thumb Code     2  gd32f3x0_it.o(.text.HardFault_Handler)
    I2C0_ER_IRQHandler                       0x080002d9   Thumb Code     4  gd32f3x0_it.o(.text.I2C0_ER_IRQHandler)
    I2C0_EV_IRQHandler                       0x080002dd   Thumb Code     4  gd32f3x0_it.o(.text.I2C0_EV_IRQHandler)
    I2C0_ErrorIRQ_Handler                    0x080002e1   Thumb Code   202  i2c0_ie.o(.text.I2C0_ErrorIRQ_Handler)
    I2C0_EventIRQ_Handler                    0x080003ad   Thumb Code   338  i2c0_ie.o(.text.I2C0_EventIRQ_Handler)
    MemManage_Handler                        0x08000501   Thumb Code     2  gd32f3x0_it.o(.text.MemManage_Handler)
    NMI_Handler                              0x08000505   Thumb Code     2  gd32f3x0_it.o(.text.NMI_Handler)
    PendSV_Handler                           0x08000509   Thumb Code     2  gd32f3x0_it.o(.text.PendSV_Handler)
    SVC_Handler                              0x0800050d   Thumb Code     2  gd32f3x0_it.o(.text.SVC_Handler)
    SysTick_Handler                          0x08000511   Thumb Code     4  gd32f3x0_it.o(.text.SysTick_Handler)
    SystemInit                               0x08000515   Thumb Code   538  system_gd32f3x0.o(.text.SystemInit)
    TIMER1_IRQHandler                        0x08000731   Thumb Code    58  gd32f3x0_it.o(.text.TIMER1_IRQHandler)
    UsageFault_Handler                       0x0800076d   Thumb Code     2  gd32f3x0_it.o(.text.UsageFault_Handler)
    delay_1ms                                0x08000771   Thumb Code    20  systick.o(.text.delay_1ms)
    delay_decrement                          0x08000785   Thumb Code    24  systick.o(.text.delay_decrement)
    exti_init                                0x0800079d   Thumb Code   156  gd32f3x0_exti.o(.text.exti_init)
    exti_interrupt_flag_clear                0x08000839   Thumb Code    12  gd32f3x0_exti.o(.text.exti_interrupt_flag_clear)
    exti_interrupt_flag_get                  0x08000845   Thumb Code    32  gd32f3x0_exti.o(.text.exti_interrupt_flag_get)
    fwdgt_counter_reload                     0x08000865   Thumb Code    16  gd32f3x0_fwdgt.o(.text.fwdgt_counter_reload)
    gd_eval_INT_init                         0x08000875   Thumb Code   124  gd32f350r_eval.o(.text.gd_eval_INT_init)
    gd_eval_com_init                         0x080008fd   Thumb Code   142  gd32f350r_eval.o(.text.gd_eval_com_init)
    gpio_af_set                              0x0800098d   Thumb Code   110  gd32f3x0_gpio.o(.text.gpio_af_set)
    gpio_configuration                       0x080009fd   Thumb Code   178  main.o(.text.gpio_configuration)
    gpio_mode_set                            0x08000ab1   Thumb Code    84  gd32f3x0_gpio.o(.text.gpio_mode_set)
    gpio_output_options_set                  0x08000b05   Thumb Code   134  gd32f3x0_gpio.o(.text.gpio_output_options_set)
    i2c_ack_config                           0x08000b8d   Thumb Code    12  gd32f3x0_i2c.o(.text.i2c_ack_config)
    i2c_ackpos_config                        0x08000b99   Thumb Code    12  gd32f3x0_i2c.o(.text.i2c_ackpos_config)
    i2c_clock_config                         0x08000ba5   Thumb Code   294  gd32f3x0_i2c.o(.text.i2c_clock_config)
    i2c_data_receive                         0x08000ccd   Thumb Code     6  gd32f3x0_i2c.o(.text.i2c_data_receive)
    i2c_data_transmit                        0x08000cd5   Thumb Code     4  gd32f3x0_i2c.o(.text.i2c_data_transmit)
    i2c_data_write                           0x08000cd9   Thumb Code   164  main.o(.text.i2c_data_write)
    i2c_enable                               0x08000d7d   Thumb Code    10  gd32f3x0_i2c.o(.text.i2c_enable)
    i2c_flag_clear                           0x08000d89   Thumb Code    40  gd32f3x0_i2c.o(.text.i2c_flag_clear)
    i2c_flag_get                             0x08000db1   Thumb Code    18  gd32f3x0_i2c.o(.text.i2c_flag_get)
    i2c_interrupt_disable                    0x08000dc5   Thumb Code    26  gd32f3x0_i2c.o(.text.i2c_interrupt_disable)
    i2c_interrupt_enable                     0x08000de1   Thumb Code    24  gd32f3x0_i2c.o(.text.i2c_interrupt_enable)
    i2c_interrupt_flag_clear                 0x08000df9   Thumb Code    42  gd32f3x0_i2c.o(.text.i2c_interrupt_flag_clear)
    i2c_interrupt_flag_get                   0x08000e25   Thumb Code    84  gd32f3x0_i2c.o(.text.i2c_interrupt_flag_get)
    i2c_master_addressing                    0x08000e79   Thumb Code    14  gd32f3x0_i2c.o(.text.i2c_master_addressing)
    i2c_mode_addr_config                     0x08000e89   Thumb Code    26  gd32f3x0_i2c.o(.text.i2c_mode_addr_config)
    i2c_start_on_bus                         0x08000ea5   Thumb Code    10  gd32f3x0_i2c.o(.text.i2c_start_on_bus)
    i2c_stop_on_bus                          0x08000eb1   Thumb Code    10  gd32f3x0_i2c.o(.text.i2c_stop_on_bus)
    main                                     0x08000ebd   Thumb Code   374  main.o(.text.main)
    nvic_irq_enable                          0x08001035   Thumb Code   100  gd32f3x0_misc.o(.text.nvic_irq_enable)
    nvic_priority_group_set                  0x08001099   Thumb Code    20  gd32f3x0_misc.o(.text.nvic_priority_group_set)
    nvic_vector_table_set                    0x080010ad   Thumb Code    28  gd32f3x0_misc.o(.text.nvic_vector_table_set)
    rcu_all_reset_flag_clear                 0x080010c9   Thumb Code    18  gd32f3x0_rcu.o(.text.rcu_all_reset_flag_clear)
    rcu_clock_freq_get                       0x080010dd   Thumb Code   468  gd32f3x0_rcu.o(.text.rcu_clock_freq_get)
    rcu_flag_get                             0x080012c1   Thumb Code    26  gd32f3x0_rcu.o(.text.rcu_flag_get)
    rcu_osci_on                              0x080012dd   Thumb Code    30  gd32f3x0_rcu.o(.text.rcu_osci_on)
    rcu_osci_stab_wait                       0x080012fd   Thumb Code   376  gd32f3x0_rcu.o(.text.rcu_osci_stab_wait)
    rcu_periph_clock_enable                  0x08001475   Thumb Code    30  gd32f3x0_rcu.o(.text.rcu_periph_clock_enable)
    rcu_periph_reset_disable                 0x08001495   Thumb Code    32  gd32f3x0_rcu.o(.text.rcu_periph_reset_disable)
    rcu_periph_reset_enable                  0x080014b5   Thumb Code    30  gd32f3x0_rcu.o(.text.rcu_periph_reset_enable)
    sc7a20_Init                              0x080014d5   Thumb Code   116  main.o(.text.sc7a20_Init)
    sc7a20_manage                            0x08001549   Thumb Code  1036  main.o(.text.sc7a20_manage)
    syscfg_exti_line_config                  0x08001955   Thumb Code   124  gd32f3x0_syscfg.o(.text.syscfg_exti_line_config)
    systick_config                           0x080019d1   Thumb Code    72  systick.o(.text.systick_config)
    timer_auto_reload_shadow_enable          0x08001a19   Thumb Code    10  gd32f3x0_timer.o(.text.timer_auto_reload_shadow_enable)
    timer_channel_output_config              0x08001a25   Thumb Code   550  gd32f3x0_timer.o(.text.timer_channel_output_config)
    timer_channel_output_mode_config         0x08001c4d   Thumb Code    58  gd32f3x0_timer.o(.text.timer_channel_output_mode_config)
    timer_channel_output_pulse_value_config  0x08001c89   Thumb Code    12  gd32f3x0_timer.o(.text.timer_channel_output_pulse_value_config)
    timer_channel_output_shadow_config       0x08001c95   Thumb Code    58  gd32f3x0_timer.o(.text.timer_channel_output_shadow_config)
    timer_configuration                      0x08001cd1   Thumb Code   328  main.o(.text.timer_configuration)
    timer_deinit                             0x08001e19   Thumb Code   164  gd32f3x0_timer.o(.text.timer_deinit)
    timer_disable                            0x08001ebd   Thumb Code    10  gd32f3x0_timer.o(.text.timer_disable)
    timer_enable                             0x08001ec9   Thumb Code    10  gd32f3x0_timer.o(.text.timer_enable)
    timer_init                               0x08001ed5   Thumb Code   212  gd32f3x0_timer.o(.text.timer_init)
    timer_interrupt_enable                   0x08001fa9   Thumb Code     8  gd32f3x0_timer.o(.text.timer_interrupt_enable)
    timer_interrupt_flag_clear               0x08001fb1   Thumb Code     6  gd32f3x0_timer.o(.text.timer_interrupt_flag_clear)
    timer_interrupt_flag_get                 0x08001fb9   Thumb Code    22  gd32f3x0_timer.o(.text.timer_interrupt_flag_get)
    timer_primary_output_config              0x08001fd1   Thumb Code    18  gd32f3x0_timer.o(.text.timer_primary_output_config)
    usart_baudrate_set                       0x08001fe5   Thumb Code    90  gd32f3x0_usart.o(.text.usart_baudrate_set)
    usart_deinit                             0x08002041   Thumb Code    54  gd32f3x0_usart.o(.text.usart_deinit)
    usart_enable                             0x08002079   Thumb Code    10  gd32f3x0_usart.o(.text.usart_enable)
    usart_receive_config                     0x08002085   Thumb Code    16  gd32f3x0_usart.o(.text.usart_receive_config)
    usart_transmit_config                    0x08002095   Thumb Code    16  gd32f3x0_usart.o(.text.usart_transmit_config)
    __scatterload_copy                       0x080020a5   Thumb Code    14  handlers.o(i.__scatterload_copy)
    __scatterload_null                       0x080020b3   Thumb Code     2  handlers.o(i.__scatterload_null)
    __scatterload_zeroinit                   0x080020b5   Thumb Code    14  handlers.o(i.__scatterload_zeroinit)
    Region$$Table$$Base                      0x080020dc   Number         0  anon$$obj.o(Region$$Table)
    Region$$Table$$Limit                     0x080020fc   Number         0  anon$$obj.o(Region$$Table)
    SC7A20_REG                               0x20000000   Data          12  main.o(.data.SC7A20_REG)
    SystemCoreClock                          0x2000000c   Data           4  system_gd32f3x0.o(.data.SystemCoreClock)
    accellFilterFeedback_Taps                0x20000010   Data          12  main.o(.data.accellFilterFeedback_Taps)
    accellFilterForward_Taps                 0x2000001c   Data          12  main.o(.data.accellFilterForward_Taps)
    brake_light                              0x20000028   Data           4  main.o(.data.brake_light)
    gravityFilterFeedback_Taps               0x2000002c   Data          12  main.o(.data.gravityFilterFeedback_Taps)
    gravityFilterForward_Taps                0x20000038   Data          12  main.o(.data.gravityFilterForward_Taps)
    normal_light                             0x20000044   Data           4  main.o(.data.normal_light)
    I2C_nBytes                               0x20000048   Data           2  main.o(.bss.I2C_nBytes)
    OUT_Y                                    0x2000004a   Data           2  main.o(.bss.OUT_Y)
    OUT_Z                                    0x2000004c   Data           2  main.o(.bss.OUT_Z)
    R_W                                      0x20000050   Data           4  i2c0_ie.o(.bss.R_W)
    SC7A20_OUT_Y                             0x20000054   Data           2  main.o(.bss.SC7A20_OUT_Y)
    SC7A20_OUT_Z                             0x20000056   Data           2  main.o(.bss.SC7A20_OUT_Z)
    accellInputSamples                       0x20000058   Data          36  main.o(.bss.accellInputSamples)
    accellOutput                             0x2000007c   Data           8  main.o(.bss.accellOutput)
    accellOutputSamples                      0x20000084   Data          36  main.o(.bss.accellOutputSamples)
    accellSamplesBufferIndex                 0x200000a8   Data           4  main.o(.bss.accellSamplesBufferIndex)
    axis                                     0x200000ac   Data           4  main.o(.bss.axis)
    delay_value                              0x200000b4   Data           4  main.o(.bss.delay_value)
    forwardAccelleration                     0x200000b8   Data           4  main.o(.bss.forwardAccelleration)
    gravityInputSamples                      0x200000bc   Data          36  main.o(.bss.gravityInputSamples)
    gravityOutput                            0x200000e0   Data           8  main.o(.bss.gravityOutput)
    gravityOutputSamples                     0x200000e8   Data          36  main.o(.bss.gravityOutputSamples)
    gravitySamplesBufferIndex                0x2000010c   Data           4  main.o(.bss.gravitySamplesBufferIndex)
    i2c_buffer_receiver                      0x20000110   Data           7  main.o(.bss.i2c_buffer_receiver)
    i2c_rxbuffer                             0x20000118   Data           4  main.o(.bss.i2c_rxbuffer)
    ix                                       0x2000011c   Data           4  main.o(.bss.ix)
    led_off                                  0x20000120   Data           4  main.o(.bss.led_off)
    light_state                              0x20000124   Data           4  main.o(.bss.light_state)
    sampleIndex                              0x20000128   Data           4  main.o(.bss.sampleIndex)
    timer                                    0x2000012c   Data           4  gd32f3x0_it.o(.bss.timer)
    timer_state                              0x20000130   Data           4  main.o(.bss.timer_state)
    __initial_sp                             0x20000538   Data           0  startup_gd32f3x0.o(STACK)



==============================================================================

Memory Map of the image

  Image Entry point : 0x08000151

  Load Region LR_IROM1 (Base: 0x08000000, Size: 0x00002148, Max: 0x00010000, ABSOLUTE)

    Execution Region ER_IROM1 (Exec base: 0x08000000, Load base: 0x08000000, Size: 0x000020fc, Max: 0x00010000, ABSOLUTE)

    Exec Addr    Load Addr    Size         Type   Attr      Idx    E Section Name        Object

    0x08000000   0x08000000   0x00000150   Data   RO         1443    RESET               startup_gd32f3x0.o
    0x08000150   0x08000150   0x00000000   Code   RO         1465  * .ARM.Collect$$$$00000000  mc_w.l(entry.o)
    0x08000150   0x08000150   0x00000004   Code   RO         1474    .ARM.Collect$$$$00000001  mc_w.l(entry2.o)
    0x08000154   0x08000154   0x00000004   Code   RO         1477    .ARM.Collect$$$$00000004  mc_w.l(entry5.o)
    0x08000158   0x08000158   0x00000000   Code   RO         1479    .ARM.Collect$$$$00000008  mc_w.l(entry7b.o)
    0x08000158   0x08000158   0x00000000   Code   RO         1481    .ARM.Collect$$$$0000000A  mc_w.l(entry8b.o)
    0x08000158   0x08000158   0x00000008   Code   RO         1482    .ARM.Collect$$$$0000000B  mc_w.l(entry9a.o)
    0x08000160   0x08000160   0x00000000   Code   RO         1484    .ARM.Collect$$$$0000000D  mc_w.l(entry10a.o)
    0x08000160   0x08000160   0x00000000   Code   RO         1486    .ARM.Collect$$$$0000000F  mc_w.l(entry11a.o)
    0x08000160   0x08000160   0x00000004   Code   RO         1475    .ARM.Collect$$$$00002712  mc_w.l(entry2.o)
    0x08000164   0x08000164   0x00000024   Code   RO         1444    .text               startup_gd32f3x0.o
    0x08000188   0x08000188   0x00000036   Code   RO         1468    .text               mf_w.l(dcmplt.o)
    0x080001be   0x080001be   0x00000036   Code   RO         1470    .text               mf_w.l(dcmpge.o)
    0x080001f4   0x080001f4   0x00000026   Code   RO         1472    .text               mf_w.l(f2d.o)
    0x0800021a   0x0800021a   0x00000000   Code   RO         1488    .text               mc_w.l(iusefp.o)
    0x0800021a   0x0800021a   0x00000002   PAD
    0x0800021c   0x0800021c   0x00000024   Code   RO         1489    .text               mc_w.l(init.o)
    0x08000240   0x08000240   0x00000002   Code   RO            8    .text.BusFault_Handler  gd32f3x0_it.o
    0x08000242   0x08000242   0x00000002   PAD
    0x08000244   0x08000244   0x00000002   Code   RO           14    .text.DebugMon_Handler  gd32f3x0_it.o
    0x08000246   0x08000246   0x00000002   PAD
    0x08000248   0x08000248   0x00000002   Code   RO           20    .text.EXTI0_1_IRQHandler  gd32f3x0_it.o
    0x0800024a   0x0800024a   0x00000002   PAD
    0x0800024c   0x0800024c   0x00000002   Code   RO           22    .text.EXTI2_3_IRQHandler  gd32f3x0_it.o
    0x0800024e   0x0800024e   0x00000002   PAD
    0x08000250   0x08000250   0x00000082   Code   RO           24    .text.EXTI4_15_IRQHandler  gd32f3x0_it.o
    0x080002d2   0x080002d2   0x00000002   PAD
    0x080002d4   0x080002d4   0x00000002   Code   RO            4    .text.HardFault_Handler  gd32f3x0_it.o
    0x080002d6   0x080002d6   0x00000002   PAD
    0x080002d8   0x080002d8   0x00000004   Code   RO           28    .text.I2C0_ER_IRQHandler  gd32f3x0_it.o
    0x080002dc   0x080002dc   0x00000004   Code   RO           26    .text.I2C0_EV_IRQHandler  gd32f3x0_it.o
    0x080002e0   0x080002e0   0x000000ca   Code   RO         1413    .text.I2C0_ErrorIRQ_Handler  i2c0_ie.o
    0x080003aa   0x080003aa   0x00000002   PAD
    0x080003ac   0x080003ac   0x00000152   Code   RO         1411    .text.I2C0_EventIRQ_Handler  i2c0_ie.o
    0x080004fe   0x080004fe   0x00000002   PAD
    0x08000500   0x08000500   0x00000002   Code   RO            6    .text.MemManage_Handler  gd32f3x0_it.o
    0x08000502   0x08000502   0x00000002   PAD
    0x08000504   0x08000504   0x00000002   Code   RO            2    .text.NMI_Handler   gd32f3x0_it.o
    0x08000506   0x08000506   0x00000002   PAD
    0x08000508   0x08000508   0x00000002   Code   RO           16    .text.PendSV_Handler  gd32f3x0_it.o
    0x0800050a   0x0800050a   0x00000002   PAD
    0x0800050c   0x0800050c   0x00000002   Code   RO           12    .text.SVC_Handler   gd32f3x0_it.o
    0x0800050e   0x0800050e   0x00000002   PAD
    0x08000510   0x08000510   0x00000004   Code   RO           18    .text.SysTick_Handler  gd32f3x0_it.o
    0x08000514   0x08000514   0x0000021a   Code   RO          122    .text.SystemInit    system_gd32f3x0.o
    0x0800072e   0x0800072e   0x00000002   PAD
    0x08000730   0x08000730   0x0000003a   Code   RO           30    .text.TIMER1_IRQHandler  gd32f3x0_it.o
    0x0800076a   0x0800076a   0x00000002   PAD
    0x0800076c   0x0800076c   0x00000002   Code   RO           10    .text.UsageFault_Handler  gd32f3x0_it.o
    0x0800076e   0x0800076e   0x00000002   PAD
    0x08000770   0x08000770   0x00000014   Code   RO          109    .text.delay_1ms     systick.o
    0x08000784   0x08000784   0x00000018   Code   RO          111    .text.delay_decrement  systick.o
    0x0800079c   0x0800079c   0x0000009c   Code   RO          415    .text.exti_init     gd32f3x0_exti.o
    0x08000838   0x08000838   0x0000000c   Code   RO          435    .text.exti_interrupt_flag_clear  gd32f3x0_exti.o
    0x08000844   0x08000844   0x00000020   Code   RO          433    .text.exti_interrupt_flag_get  gd32f3x0_exti.o
    0x08000864   0x08000864   0x00000010   Code   RO          529    .text.fwdgt_counter_reload  gd32f3x0_fwdgt.o
    0x08000874   0x08000874   0x00000088   Code   RO         1451    .text.gd_eval_INT_init  gd32f350r_eval.o
    0x080008fc   0x080008fc   0x0000008e   Code   RO         1455    .text.gd_eval_com_init  gd32f350r_eval.o
    0x0800098a   0x0800098a   0x00000002   PAD
    0x0800098c   0x0800098c   0x0000006e   Code   RO          565    .text.gpio_af_set   gd32f3x0_gpio.o
    0x080009fa   0x080009fa   0x00000002   PAD
    0x080009fc   0x080009fc   0x000000b2   Code   RO           44    .text.gpio_configuration  main.o
    0x08000aae   0x08000aae   0x00000002   PAD
    0x08000ab0   0x08000ab0   0x00000054   Code   RO          545    .text.gpio_mode_set  gd32f3x0_gpio.o
    0x08000b04   0x08000b04   0x00000086   Code   RO          547    .text.gpio_output_options_set  gd32f3x0_gpio.o
    0x08000b8a   0x08000b8a   0x00000002   PAD
    0x08000b8c   0x08000b8c   0x0000000c   Code   RO          590    .text.i2c_ack_config  gd32f3x0_i2c.o
    0x08000b98   0x08000b98   0x0000000c   Code   RO          592    .text.i2c_ackpos_config  gd32f3x0_i2c.o
    0x08000ba4   0x08000ba4   0x00000126   Code   RO          584    .text.i2c_clock_config  gd32f3x0_i2c.o
    0x08000cca   0x08000cca   0x00000002   PAD
    0x08000ccc   0x08000ccc   0x00000006   Code   RO          610    .text.i2c_data_receive  gd32f3x0_i2c.o
    0x08000cd2   0x08000cd2   0x00000002   PAD
    0x08000cd4   0x08000cd4   0x00000004   Code   RO          608    .text.i2c_data_transmit  gd32f3x0_i2c.o
    0x08000cd8   0x08000cd8   0x000000a4   Code   RO           58    .text.i2c_data_write  main.o
    0x08000d7c   0x08000d7c   0x0000000a   Code   RO          600    .text.i2c_enable    gd32f3x0_i2c.o
    0x08000d86   0x08000d86   0x00000002   PAD
    0x08000d88   0x08000d88   0x00000028   Code   RO          634    .text.i2c_flag_clear  gd32f3x0_i2c.o
    0x08000db0   0x08000db0   0x00000012   Code   RO          632    .text.i2c_flag_get  gd32f3x0_i2c.o
    0x08000dc2   0x08000dc2   0x00000002   PAD
    0x08000dc4   0x08000dc4   0x0000001a   Code   RO          638    .text.i2c_interrupt_disable  gd32f3x0_i2c.o
    0x08000dde   0x08000dde   0x00000002   PAD
    0x08000de0   0x08000de0   0x00000018   Code   RO          636    .text.i2c_interrupt_enable  gd32f3x0_i2c.o
    0x08000df8   0x08000df8   0x0000002a   Code   RO          642    .text.i2c_interrupt_flag_clear  gd32f3x0_i2c.o
    0x08000e22   0x08000e22   0x00000002   PAD
    0x08000e24   0x08000e24   0x00000054   Code   RO          640    .text.i2c_interrupt_flag_get  gd32f3x0_i2c.o
    0x08000e78   0x08000e78   0x0000000e   Code   RO          594    .text.i2c_master_addressing  gd32f3x0_i2c.o
    0x08000e86   0x08000e86   0x00000002   PAD
    0x08000e88   0x08000e88   0x0000001a   Code   RO          586    .text.i2c_mode_addr_config  gd32f3x0_i2c.o
    0x08000ea2   0x08000ea2   0x00000002   PAD
    0x08000ea4   0x08000ea4   0x0000000a   Code   RO          604    .text.i2c_start_on_bus  gd32f3x0_i2c.o
    0x08000eae   0x08000eae   0x00000002   PAD
    0x08000eb0   0x08000eb0   0x0000000a   Code   RO          606    .text.i2c_stop_on_bus  gd32f3x0_i2c.o
    0x08000eba   0x08000eba   0x00000002   PAD
    0x08000ebc   0x08000ebc   0x00000176   Code   RO           40    .text.main          main.o
    0x08001032   0x08001032   0x00000002   PAD
    0x08001034   0x08001034   0x00000064   Code   RO          654    .text.nvic_irq_enable  gd32f3x0_misc.o
    0x08001098   0x08001098   0x00000014   Code   RO          652    .text.nvic_priority_group_set  gd32f3x0_misc.o
    0x080010ac   0x080010ac   0x0000001c   Code   RO          658    .text.nvic_vector_table_set  gd32f3x0_misc.o
    0x080010c8   0x080010c8   0x00000012   Code   RO          778    .text.rcu_all_reset_flag_clear  gd32f3x0_rcu.o
    0x080010da   0x080010da   0x00000002   PAD
    0x080010dc   0x080010dc   0x000001e4   Code   RO          810    .text.rcu_clock_freq_get  gd32f3x0_rcu.o
    0x080012c0   0x080012c0   0x0000001a   Code   RO          776    .text.rcu_flag_get  gd32f3x0_rcu.o
    0x080012da   0x080012da   0x00000002   PAD
    0x080012dc   0x080012dc   0x0000001e   Code   RO          790    .text.rcu_osci_on   gd32f3x0_rcu.o
    0x080012fa   0x080012fa   0x00000002   PAD
    0x080012fc   0x080012fc   0x00000178   Code   RO          788    .text.rcu_osci_stab_wait  gd32f3x0_rcu.o
    0x08001474   0x08001474   0x0000001e   Code   RO          728    .text.rcu_periph_clock_enable  gd32f3x0_rcu.o
    0x08001492   0x08001492   0x00000002   PAD
    0x08001494   0x08001494   0x00000020   Code   RO          738    .text.rcu_periph_reset_disable  gd32f3x0_rcu.o
    0x080014b4   0x080014b4   0x0000001e   Code   RO          736    .text.rcu_periph_reset_enable  gd32f3x0_rcu.o
    0x080014d2   0x080014d2   0x00000002   PAD
    0x080014d4   0x080014d4   0x00000074   Code   RO           52    .text.sc7a20_Init   main.o
    0x08001548   0x08001548   0x0000040c   Code   RO           56    .text.sc7a20_manage  main.o
    0x08001954   0x08001954   0x0000007c   Code   RO          989    .text.syscfg_exti_line_config  gd32f3x0_syscfg.o
    0x080019d0   0x080019d0   0x00000048   Code   RO          107    .text.systick_config  systick.o
    0x08001a18   0x08001a18   0x0000000a   Code   RO         1019    .text.timer_auto_reload_shadow_enable  gd32f3x0_timer.o
    0x08001a22   0x08001a22   0x00000002   PAD
    0x08001a24   0x08001a24   0x00000226   Code   RO         1093    .text.timer_channel_output_config  gd32f3x0_timer.o
    0x08001c4a   0x08001c4a   0x00000002   PAD
    0x08001c4c   0x08001c4c   0x0000003a   Code   RO         1095    .text.timer_channel_output_mode_config  gd32f3x0_timer.o
    0x08001c86   0x08001c86   0x00000002   PAD
    0x08001c88   0x08001c88   0x0000000c   Code   RO         1097    .text.timer_channel_output_pulse_value_config  gd32f3x0_timer.o
    0x08001c94   0x08001c94   0x0000003a   Code   RO         1099    .text.timer_channel_output_shadow_config  gd32f3x0_timer.o
    0x08001cce   0x08001cce   0x00000002   PAD
    0x08001cd0   0x08001cd0   0x00000148   Code   RO           54    .text.timer_configuration  main.o
    0x08001e18   0x08001e18   0x000000a4   Code   RO         1009    .text.timer_deinit  gd32f3x0_timer.o
    0x08001ebc   0x08001ebc   0x0000000a   Code   RO         1017    .text.timer_disable  gd32f3x0_timer.o
    0x08001ec6   0x08001ec6   0x00000002   PAD
    0x08001ec8   0x08001ec8   0x0000000a   Code   RO         1015    .text.timer_enable  gd32f3x0_timer.o
    0x08001ed2   0x08001ed2   0x00000002   PAD
    0x08001ed4   0x08001ed4   0x000000d4   Code   RO         1013    .text.timer_init    gd32f3x0_timer.o
    0x08001fa8   0x08001fa8   0x00000008   Code   RO         1055    .text.timer_interrupt_enable  gd32f3x0_timer.o
    0x08001fb0   0x08001fb0   0x00000006   Code   RO         1061    .text.timer_interrupt_flag_clear  gd32f3x0_timer.o
    0x08001fb6   0x08001fb6   0x00000002   PAD
    0x08001fb8   0x08001fb8   0x00000016   Code   RO         1059    .text.timer_interrupt_flag_get  gd32f3x0_timer.o
    0x08001fce   0x08001fce   0x00000002   PAD
    0x08001fd0   0x08001fd0   0x00000012   Code   RO         1085    .text.timer_primary_output_config  gd32f3x0_timer.o
    0x08001fe2   0x08001fe2   0x00000002   PAD
    0x08001fe4   0x08001fe4   0x0000005a   Code   RO         1243    .text.usart_baudrate_set  gd32f3x0_usart.o
    0x0800203e   0x0800203e   0x00000002   PAD
    0x08002040   0x08002040   0x00000036   Code   RO         1241    .text.usart_deinit  gd32f3x0_usart.o
    0x08002076   0x08002076   0x00000002   PAD
    0x08002078   0x08002078   0x0000000a   Code   RO         1251    .text.usart_enable  gd32f3x0_usart.o
    0x08002082   0x08002082   0x00000002   PAD
    0x08002084   0x08002084   0x00000010   Code   RO         1257    .text.usart_receive_config  gd32f3x0_usart.o
    0x08002094   0x08002094   0x00000010   Code   RO         1255    .text.usart_transmit_config  gd32f3x0_usart.o
    0x080020a4   0x080020a4   0x0000000e   Code   RO         1493    i.__scatterload_copy  mc_w.l(handlers.o)
    0x080020b2   0x080020b2   0x00000002   Code   RO         1494    i.__scatterload_null  mc_w.l(handlers.o)
    0x080020b4   0x080020b4   0x0000000e   Code   RO         1495    i.__scatterload_zeroinit  mc_w.l(handlers.o)
    0x080020c2   0x080020c2   0x00000008   Data   RO          812    .rodata.cst8        gd32f3x0_rcu.o
    0x080020ca   0x080020ca   0x00000002   PAD
    0x080020cc   0x080020cc   0x00000010   Data   RO         1457    .rodata.cst8        gd32f350r_eval.o
    0x080020dc   0x080020dc   0x00000020   Data   RO         1492    Region$$Table       anon$$obj.o


    Execution Region RW_IRAM1 (Exec base: 0x20000000, Load base: 0x08002100, Size: 0x00000538, Max: 0x00002000, ABSOLUTE)

    Exec Addr    Load Addr    Size         Type   Attr      Idx    E Section Name        Object

    0x20000000   0x08002100   0x0000000c   Data   RW           64    .data.SC7A20_REG    main.o
    0x2000000c   0x0800210c   0x00000004   Data   RW          126    .data.SystemCoreClock  system_gd32f3x0.o
    0x20000010   0x08002110   0x0000000c   Data   RW           74    .data.accellFilterFeedback_Taps  main.o
    0x2000001c   0x0800211c   0x0000000c   Data   RW           73    .data.accellFilterForward_Taps  main.o
    0x20000028   0x08002128   0x00000004   Data   RW           66    .data.brake_light   main.o
    0x2000002c   0x0800212c   0x0000000c   Data   RW           77    .data.gravityFilterFeedback_Taps  main.o
    0x20000038   0x08002138   0x0000000c   Data   RW           76    .data.gravityFilterForward_Taps  main.o
    0x20000044   0x08002144   0x00000004   Data   RW           65    .data.normal_light  main.o
    0x20000048        -       0x00000002   Zero   RW           79    .bss.I2C_nBytes     main.o
    0x2000004a        -       0x00000002   Zero   RW           88    .bss.OUT_Y          main.o
    0x2000004c        -       0x00000002   Zero   RW           90    .bss.OUT_Z          main.o
    0x2000004e   0x08002148   0x00000002   PAD
    0x20000050        -       0x00000004   Zero   RW         1415    .bss.R_W            i2c0_ie.o
    0x20000054        -       0x00000002   Zero   RW           89    .bss.SC7A20_OUT_Y   main.o
    0x20000056        -       0x00000002   Zero   RW           91    .bss.SC7A20_OUT_Z   main.o
    0x20000058        -       0x00000024   Zero   RW           86    .bss.accellInputSamples  main.o
    0x2000007c        -       0x00000008   Zero   RW           71    .bss.accellOutput   main.o
    0x20000084        -       0x00000024   Zero   RW           87    .bss.accellOutputSamples  main.o
    0x200000a8        -       0x00000004   Zero   RW           75    .bss.accellSamplesBufferIndex  main.o
    0x200000ac        -       0x00000004   Zero   RW           82    .bss.axis           main.o
    0x200000b0        -       0x00000004   Zero   RW          113    .bss.delay          systick.o
    0x200000b4        -       0x00000004   Zero   RW           68    .bss.delay_value    main.o
    0x200000b8        -       0x00000004   Zero   RW           93    .bss.forwardAccelleration  main.o
    0x200000bc        -       0x00000024   Zero   RW           84    .bss.gravityInputSamples  main.o
    0x200000e0        -       0x00000008   Zero   RW           72    .bss.gravityOutput  main.o
    0x200000e8        -       0x00000024   Zero   RW           85    .bss.gravityOutputSamples  main.o
    0x2000010c        -       0x00000004   Zero   RW           78    .bss.gravitySamplesBufferIndex  main.o
    0x20000110        -       0x00000007   Zero   RW           80    .bss.i2c_buffer_receiver  main.o
    0x20000117   0x08002148   0x00000001   PAD
    0x20000118        -       0x00000004   Zero   RW           81    .bss.i2c_rxbuffer   main.o
    0x2000011c        -       0x00000004   Zero   RW           92    .bss.ix             main.o
    0x20000120        -       0x00000004   Zero   RW           67    .bss.led_off        main.o
    0x20000124        -       0x00000004   Zero   RW           69    .bss.light_state    main.o
    0x20000128        -       0x00000004   Zero   RW           83    .bss.sampleIndex    main.o
    0x2000012c        -       0x00000004   Zero   RW           32    .bss.timer          gd32f3x0_it.o
    0x20000130        -       0x00000004   Zero   RW           70    .bss.timer_state    main.o
    0x20000134   0x08002148   0x00000004   PAD
    0x20000138        -       0x00000400   Zero   RW         1441    STACK               startup_gd32f3x0.o


==============================================================================

Image component sizes


      Code (inc. data)   RO Data    RW Data    ZI Data      Debug   Object Name

       278         12         16          0          0       4201   gd32f350r_eval.o
       200          0          0          0          0       3632   gd32f3x0_exti.o
        16          0          0          0          0       3027   gd32f3x0_fwdgt.o
       328          0          0          0          0       4964   gd32f3x0_gpio.o
       632          0          0          0          0       9847   gd32f3x0_i2c.o
       220          0          0          0          4       3304   gd32f3x0_it.o
       148          0          0          0          0       3623   gd32f3x0_misc.o
      1026         28          8          0          0      16263   gd32f3x0_rcu.o
       124          4          0          0          0       3501   gd32f3x0_syscfg.o
      1138         12          0          0          0      20881   gd32f3x0_timer.o
       186          0          0          0          0      14815   gd32f3x0_usart.o
       540          0          0          0          4       2086   i2c0_ie.o
      2196         28          0         68        221       9231   main.o
        36          8        336          0       1024       1020   startup_gd32f3x0.o
       538          0          0          4          0       3090   system_gd32f3x0.o
       116          0          0          0          4       3355   systick.o

    ----------------------------------------------------------------------
      7816         92        394         72       1264     106840   Object Totals
         0          0         32          0          0          0   (incl. Generated)
        94          0          2          0          7          0   (incl. Padding)

    ----------------------------------------------------------------------

      Code (inc. data)   RO Data    RW Data    ZI Data      Debug   Library Member Name

         0          0          0          0          0          0   entry.o
         0          0          0          0          0          0   entry10a.o
         0          0          0          0          0          0   entry11a.o
         8          4          0          0          0          0   entry2.o
         4          0          0          0          0          0   entry5.o
         0          0          0          0          0          0   entry7b.o
         0          0          0          0          0          0   entry8b.o
         8          4          0          0          0          0   entry9a.o
        30          0          0          0          0          0   handlers.o
        36          8          0          0          0         68   init.o
         0          0          0          0          0          0   iusefp.o
        54          0          0          0          0         80   dcmpge.o
        54          0          0          0          0         80   dcmplt.o
        38          0          0          0          0         68   f2d.o

    ----------------------------------------------------------------------
       234         16          0          0          0        296   Library Totals
         2          0          0          0          0          0   (incl. Padding)

    ----------------------------------------------------------------------

      Code (inc. data)   RO Data    RW Data    ZI Data      Debug   Library Name

        86         16          0          0          0         68   mc_w.l
       146          0          0          0          0        228   mf_w.l

    ----------------------------------------------------------------------
       234         16          0          0          0        296   Library Totals

    ----------------------------------------------------------------------

==============================================================================


      Code (inc. data)   RO Data    RW Data    ZI Data      Debug   

      8050        108        394         72       1264     107008   Grand Totals
      8050        108        394         72       1264     107008   ELF Image Totals
      8050        108        394         72          0          0   ROM Totals

==============================================================================

    Total RO  Size (Code + RO Data)                 8444 (   8.25kB)
    Total RW  Size (RW Data + ZI Data)              1336 (   1.30kB)
    Total ROM Size (Code + RO Data + RW Data)       8516 (   8.32kB)

==============================================================================

